<html>
<body>
<pre>
<h1>µVision Build Log</h1>
<h2>Project:</h2>
C:\Users\pc\Documents\°ûÇöÃ¶\°ø¸ðÀü\Ã¢¾÷¼ºÀå±â¼ú°³¹ß»ç¾÷\½î¿À¾²À¸À¸À¸\wifitest final\Project\CameraLCDWIFI-141208\MDK-ARM\Project.uvproj
Project File Date:  12/11/2014

<h2>Output:</h2>
Build target 'Discover-More'
linking...
Program Size: Code=51844 RO-data=5612 RW-data=416 ZI-data=94544  
".\Discover-More\Project.axf" - 0 Error(s), 0 Warning(s).
Load "C:\\Users\\pc\\Documents\\°ûÇöÃ¶\\°ø¸ðÀü\\Ã¢¾÷¼ºÀå±â¼ú°³¹ß»ç¾÷\\½î¿À¾²À¸À¸À¸\\wifitest final\\Project\\CameraLCDWIFI-141208\\MDK-ARM\\Discover-More\\Project.AXF" 
Set JLink Project File to "C:\Users\pc\Documents\°ûÇöÃ¶\°ø¸ðÀü\Ã¢¾÷¼ºÀå±â¼ú°³¹ß»ç¾÷\½î¿À¾²À¸À¸À¸\wifitest final\Project\CameraLCDWIFI-141208\MDK-ARM\JLinkSettings.ini"
* JLink Info: Device "STM32F407VG" selected.
 
JLink info:
------------
DLL: V5.02a, compiled Sep  4 2015 18:49:27
Firmware: J-Link ARM-OB STM32 compiled Aug 22 2012 19:52:04
Hardware: V7.00
S/N : 20090928 
Feature(s) : RDI,FlashDL,FlashBP,JFlash,GDBFull 
 
* JLink Info: Found SWD-DP with ID 0x2BA01477
* JLink Info: Found SWD-DP with ID 0x2BA01477
* JLink Info: Found Cortex-M4 r0p1, Little endian.
* JLink Info: FPUnit: 6 code (BP) slots and 2 literal slots
* JLink Info: CoreSight components:
* JLink Info: ROMTbl 0 @ E00FF000
* JLink Info: ROMTbl 0 [0]: FFF0F000, CID: B105E00D, PID: 000BB00C SCS
* JLink Info: ROMTbl 0 [1]: FFF02000, CID: B105E00D, PID: 003BB002 DWT
* JLink Info: ROMTbl 0 [2]: FFF03000, CID: B105E00D, PID: 002BB003 FPB
* JLink Info: ROMTbl 0 [3]: FFF01000, CID: B105E00D, PID: 003BB001 ITM
* JLink Info: ROMTbl 0 [4]: FFF41000, CID: B105900D, PID: 000BB9A1 TPIU
* JLink Info: ROMTbl 0 [5]: FFF42000, CID: B105900D, PID: 000BB925 ETM
ROMTableAddr = 0xE00FF003
 
Target info:
------------
Device: STM32F407VG
VTarget = 3.300V
State of Pins: 
TCK: 0, TDI: 0, TDO: 1, TMS: 0, TRES: 1, TRST: 1
Hardware-Breakpoints: 6
Software-Breakpoints: 8192
Watchpoints:          4
JTAG speed: 4000 kHz
 
Erase Done.
Programming Done.
Verify OK.
