ARM Linker, 5.02 [Build 28] [MDK-ARM Professional]

==============================================================================

Section Cross References

    main.o(.text) refers to wifi_main.o(.text) for test_rx
    main.o(.text) refers to memseta.o(.text) for __aeabi_memclr4
    main.o(.text) refers to ff.o(.text) for f_mount
    main.o(.text) refers to printf8.o(i.__0sprintf$8) for __2sprintf
    main.o(.text) refers to stm32f4_discovery_lcd.o(.text) for LCD_SetCursor
    main.o(.text) refers to printf8.o(i.__0printf$8) for __2printf
    main.o(.text) refers to sn8200_hal.o(.text) for SN8200_HAL_SendData
    main.o(.text) refers to main.o(.data) for .data
    main.o(.text) refers to sn8200_api.o(.bss) for domain
    main.o(.text) refers to sn8200_hal.o(.bss) for RxBuffer
    main.o(.text) refers to bmp.o(.bss) for filesys
    main.o(.text) refers to bmp.o(.data) for pic_counter
    main.o(.text) refers to main.o(.bss) for .bss
    main.o(.text) refers to stm32f4xx_rcc.o(.text) for RCC_AHB1PeriphClockCmd
    main.o(.text) refers to stm32f4xx_gpio.o(.text) for GPIO_PinAFConfig
    main.o(.text) refers to stm32f4xx_dcmi.o(.text) for DCMI_Init
    main.o(.text) refers to stm32f4xx_dma.o(.text) for DMA_DeInit
    main.o(.text) refers to stm32f4xx_i2c.o(.text) for I2C_DeInit
    main.o(.text) refers to dcmi_ov9655.o(.text) for DCMI_SingleRandomWrite
    main.o(.text) refers to bmp.o(.text) for init_picture_count
    main.o(.text) refers to strcpy.o(.text) for strcpy
    main.o(.text) refers to sn8200_hal.o(.data) for RxBufferHead
    main.o(.text) refers to stm32f4_discovery_lis302dl.o(.text) for LIS302DL_Init
    main.o(.text) refers to stm32f4xx_syscfg.o(.text) for SYSCFG_EXTILineConfig
    main.o(.text) refers to stm32f4xx_exti.o(.text) for EXTI_Init
    main.o(.text) refers to misc.o(.text) for NVIC_Init
    stm32f4xx_it.o(.text) refers to main.o(.text) for TimingDelay_Decrement
    stm32f4xx_it.o(.text) refers to stm32f4_discovery_sdio_sd.o(.text) for SD_ProcessIRQSrc
    stm32f4xx_it.o(.text) refers to stm32f4xx_exti.o(.text) for EXTI_GetITStatus
    stm32f4xx_it.o(.text) refers to main.o(.data) for KeyPressFlg
    system_stm32f4xx.o(.text) refers to system_stm32f4xx.o(.data) for .data
    bmp.o(.text) refers to ff.o(.text) for f_mount
    bmp.o(.text) refers to main.o(.text) for Delay
    bmp.o(.text) refers to memseta.o(.text) for __aeabi_memclr4
    bmp.o(.text) refers to printf8.o(i.__0sprintf$8) for __2sprintf
    bmp.o(.text) refers to stm32f4_discovery_lcd.o(.text) for LCD_SetCursor
    bmp.o(.text) refers to bmp.o(.bss) for .bss
    bmp.o(.text) refers to bmp.o(.data) for .data
    dcmi_ov9655.o(.text) refers to stm32f4xx_rcc.o(.text) for RCC_AHB1PeriphClockCmd
    dcmi_ov9655.o(.text) refers to stm32f4xx_gpio.o(.text) for GPIO_Init
    dcmi_ov9655.o(.text) refers to main.o(.text) for Delay
    dcmi_ov9655.o(.text) refers to stm32f4xx_i2c.o(.text) for I2C_GenerateSTART
    delay.o(.text) refers to printf8.o(i.__0printf$8) for __2printf
    delay.o(.text) refers to system_stm32f4xx.o(.data) for SystemCoreClock
    wifi_main.o(.text) refers to _scanf_str.o(.text) for _scanf_string
    wifi_main.o(.text) refers to printf8.o(i.__0printf$8) for __2printf
    wifi_main.o(.text) refers to delay.o(.text) for SysTick_Configuration
    wifi_main.o(.text) refers to sn8200_api.o(.text) for SN8200_API_Init
    wifi_main.o(.text) refers to main.o(.text) for Delay
    wifi_main.o(.text) refers to stm32f4xx_rcc.o(.text) for RCC_AHB1PeriphClockCmd
    wifi_main.o(.text) refers to stm32f4xx_gpio.o(.text) for GPIO_PinAFConfig
    wifi_main.o(.text) refers to misc.o(.text) for NVIC_PriorityGroupConfig
    wifi_main.o(.text) refers to stm32f4xx_usart.o(.text) for USART_Init
    wifi_main.o(.text) refers to sn8200_api.o(.bss) for domain
    wifi_main.o(.text) refers to wifi_main.o(.bss) for .bss
    wifi_main.o(.text) refers to wifi_main.o(.data) for .data
    wifi_main.o(.text) refers to __0scanf.o(.text) for __0scanf
    wifi_main.o(.text) refers to strlen.o(.text) for strlen
    wifi_main.o(.text) refers to strcpy.o(.text) for strcpy
    wifi_main.o(.text) refers to memcpya.o(.text) for __aeabi_memcpy4
    wifi_main.o(.text) refers to memseta.o(.text) for __aeabi_memclr4
    wifi_main.o(.text) refers to stdin.o(.data) for __stdin
    wifi_main.o(.text) refers to sn8200_api.o(.data) for destPort
    wifi_main.o(.text) refers to strtol.o(.text) for strtol
    wifi_main.o(.text) refers to atoi.o(.text) for atoi
    wifi_main.o(.text) refers to strcat.o(.text) for strcat
    wifi_main.o(.text) refers to wifi_main.o(.constdata) for .constdata
    stm32f4_discovery_sdio_sd.o(.text) refers to stm32f4_discovery.o(.text) for SD_LowLevel_DeInit
    stm32f4_discovery_sdio_sd.o(.text) refers to stm32f4xx_sdio.o(.text) for SDIO_ClearFlag
    stm32f4_discovery_sdio_sd.o(.text) refers to stm32f4_discovery_sdio_sd.o(.bss) for .bss
    stm32f4_discovery_sdio_sd.o(.text) refers to stm32f4_discovery_sdio_sd.o(.data) for .data
[...]
    _printf_longlong_dec                     0x00000000   Number         0  stubs.o ABSOLUTE
    _printf_longlong_hex                     0x00000000   Number         0  stubs.o ABSOLUTE
    _printf_longlong_oct                     0x00000000   Number         0  stubs.o ABSOLUTE
    _printf_ls                               0x00000000   Number         0  stubs.o ABSOLUTE
    _printf_mbtowc                           0x00000000   Number         0  stubs.o ABSOLUTE
    _printf_n                                0x00000000   Number         0  stubs.o ABSOLUTE
    _printf_o                                0x00000000   Number         0  stubs.o ABSOLUTE
    _printf_p                                0x00000000   Number         0  stubs.o ABSOLUTE
    _printf_percent                          0x00000000   Number         0  stubs.o ABSOLUTE
    _printf_pre_padding                      0x00000000   Number         0  stubs.o ABSOLUTE
    _printf_return_value                     0x00000000   Number         0  stubs.o ABSOLUTE
    _printf_s                                0x00000000   Number         0  stubs.o ABSOLUTE
    _printf_sizespec                         0x00000000   Number         0  stubs.o ABSOLUTE
    _printf_str                              0x00000000   Number         0  stubs.o ABSOLUTE
    _printf_truncate_signed                  0x00000000   Number         0  stubs.o ABSOLUTE
    _printf_truncate_unsigned                0x00000000   Number         0  stubs.o ABSOLUTE
    _printf_u                                0x00000000   Number         0  stubs.o ABSOLUTE
    _printf_wc                               0x00000000   Number         0  stubs.o ABSOLUTE
    _printf_wctomb                           0x00000000   Number         0  stubs.o ABSOLUTE
    _printf_widthprec                        0x00000000   Number         0  stubs.o ABSOLUTE
    _printf_x                                0x00000000   Number         0  stubs.o ABSOLUTE
    _clock_init                               - Undefined Weak Reference
    _scanf_int                                - Undefined Weak Reference
    _scanf_longlong                           - Undefined Weak Reference
    _scanf_real                               - Undefined Weak Reference
    __Vectors_Size                           0x00000188   Number         0  startup_stm32f4xx.o ABSOLUTE
    __Vectors                                0x08000000   Data           4  startup_stm32f4xx.o(RESET)
    __Vectors_End                            0x08000188   Data           0  startup_stm32f4xx.o(RESET)
    __main                                   0x08000189   Thumb Code     0  entry.o(.ARM.Collect$$$$00000000)
    _main_stk                                0x08000189   Thumb Code     0  entry2.o(.ARM.Collect$$$$00000001)
    _main_scatterload                        0x0800018d   Thumb Code     0  entry5.o(.ARM.Collect$$$$00000004)
    __main_after_scatterload                 0x08000191   Thumb Code     0  entry5.o(.ARM.Collect$$$$00000004)
    _main_clock                              0x08000191   Thumb Code     0  entry7b.o(.ARM.Collect$$$$00000008)
    _main_init                               0x08000191   Thumb Code     0  entry8.o(.ARM.Collect$$$$00000009)
    Delay                                    0x0800019d   Thumb Code    12  main.o(.text)
    check_status                             0x080001a9   Thumb Code    78  main.o(.text)
    LCD_PREVIEW_DISPLAY                      0x080001f7   Thumb Code   176  main.o(.text)
    img_DISPLAY                              0x080002a7   Thumb Code   224  main.o(.text)
    num_DISPLAY                              0x08000387   Thumb Code   220  main.o(.text)
    num_CLEAR                                0x08000463   Thumb Code   190  main.o(.text)
    sendToServer                             0x08000521   Thumb Code   372  main.o(.text)
    Key_Pad_Check                            0x08000695   Thumb Code   132  main.o(.text)
    key_input_menu                           0x08000719   Thumb Code    80  main.o(.text)
    key_input_userdata                       0x08000769   Thumb Code   636  main.o(.text)
    DCMI_Config                              0x080009e5   Thumb Code   596  main.o(.text)
    I2C1_Config                              0x08000c39   Thumb Code   142  main.o(.text)
    DCMI_OV9655Config                        0x08000cc7   Thumb Code    64  main.o(.text)
    Key_Pad_Config                           0x08000d07   Thumb Code   126  main.o(.text)
    main                                     0x08000d85   Thumb Code  1256  main.o(.text)
    LIS302DL_Reset                           0x0800126d   Thumb Code    80  main.o(.text)
    LIS302DL_TIMEOUT_UserCallback            0x080012bd   Thumb Code     2  main.o(.text)
    EXTILine0_Config                         0x080012bf   Thumb Code    92  main.o(.text)
    TimingDelay_Decrement                    0x0800131b   Thumb Code    18  main.o(.text)
    NMI_Handler                              0x08001389   Thumb Code     2  stm32f4xx_it.o(.text)
    HardFault_Handler                        0x0800138b   Thumb Code     2  stm32f4xx_it.o(.text)
    MemManage_Handler                        0x0800138d   Thumb Code     2  stm32f4xx_it.o(.text)
    BusFault_Handler                         0x0800138f   Thumb Code     2  stm32f4xx_it.o(.text)
    UsageFault_Handler                       0x08001391   Thumb Code     2  stm32f4xx_it.o(.text)
    SVC_Handler                              0x08001393   Thumb Code     2  stm32f4xx_it.o(.text)
    DebugMon_Handler                         0x08001395   Thumb Code     2  stm32f4xx_it.o(.text)
    PendSV_Handler                           0x08001397   Thumb Code     2  stm32f4xx_it.o(.text)
    SysTick_Handler                          0x08001399   Thumb Code     4  stm32f4xx_it.o(.text)
    SDIO_IRQHandler                          0x0800139d   Thumb Code     4  stm32f4xx_it.o(.text)
    DMA2_Stream3_IRQHandler                  0x080013a1   Thumb Code     4  stm32f4xx_it.o(.text)
    EXTI0_IRQHandler                         0x080013a5   Thumb Code    26  stm32f4xx_it.o(.text)
    SystemInit                               0x08001459   Thumb Code    74  system_stm32f4xx.o(.text)
    SystemCoreClockUpdate                    0x080014a3   Thumb Code   122  system_stm32f4xx.o(.text)
    set_pic_count                            0x08001541   Thumb Code    98  bmp.o(.text)
    Capture_Image_TO_Bmp                     0x080015a3   Thumb Code   198  bmp.o(.text)
    get_pic_count                            0x08001669   Thumb Code   150  bmp.o(.text)
    init_picture_count                       0x080016ff   Thumb Code    12  bmp.o(.text)
    DCMI_Control_IO_Init                     0x08001731   Thumb Code   110  dcmi_ov9655.o(.text)
    DCMI_SingleRandomWrite                   0x0800179f   Thumb Code   174  dcmi_ov9655.o(.text)
    DCMI_OV9655_Reset                        0x0800184d   Thumb Code     8  dcmi_ov9655.o(.text)
    DCMI_OV9655_QVGASizeSetup                0x08001855   Thumb Code  2410  dcmi_ov9655.o(.text)
    DCMI_OV9655_QQVGASizeSetup               0x080021bf   Thumb Code  2380  dcmi_ov9655.o(.text)
    DCMI_SingleRandomRead                    0x08002b0b   Thumb Code   266  dcmi_ov9655.o(.text)
    DCMI_OV9655_ReadID                       0x08002c15   Thumb Code    46  dcmi_ov9655.o(.text)
    DCMI_OV9655_SetPrescaler                 0x08002c43   Thumb Code    10  dcmi_ov9655.o(.text)
    DCMI_OV9655_SelectOutputFormat           0x08002c4d   Thumb Code    10  dcmi_ov9655.o(.text)
    DCMI_OV9655_SelectFormatResolution       0x08002c57   Thumb Code    10  dcmi_ov9655.o(.text)
    DCMI_OV9655_SetRegister                  0x08002c61   Thumb Code    10  dcmi_ov9655.o(.text)
    DCMI_OV9655_HREFControl                  0x08002c6b   Thumb Code    10  dcmi_ov9655.o(.text)
    DCMI_OV9655_SelectRGBOption              0x08002c75   Thumb Code    10  dcmi_ov9655.o(.text)
    SysTick_Configuration                    0x08002c8d   Thumb Code    64  delay.o(.text)
    mdelay                                   0x08002ccd   Thumb Code    24  delay.o(.text)
    delay_ms                                 0x08002ce5   Thumb Code    24  delay.o(.text)
    ShowMenu                                 0x08002d21   Thumb Code   150  wifi_main.o(.text)
    wifi_main                                0x08002db7   Thumb Code   132  wifi_main.o(.text)
    DBGU_Init                                0x08002e3b   Thumb Code   182  wifi_main.o(.text)
    DBGU_RxBufferEmpty                       0x08002ef1   Thumb Code    18  wifi_main.o(.text)
    USART2_IRQHandler                        0x08002f03   Thumb Code   114  wifi_main.o(.text)
    Test_uart2                               0x08002f75   Thumb Code    90  wifi_main.o(.text)
    fputc                                    0x08002fcf   Thumb Code   550  wifi_main.o(.text)
    DBGU_GetChar                             0x080031f5   Thumb Code    30  wifi_main.o(.text)
    ESC                                      0x08003213   Thumb Code     6  wifi_main.o(.text)
    fgetc                                    0x08003219   Thumb Code    60  wifi_main.o(.text)
    Test_fgetc                               0x08003255   Thumb Code    60  wifi_main.o(.text)
    sendHttpReqTest                          0x08003291   Thumb Code   126  wifi_main.o(.text)
    sendHttpChunkReqTest                     0x0800330f   Thumb Code   142  wifi_main.o(.text)
    sendHttpJsonPostDemo                     0x0800339d   Thumb Code   182  wifi_main.o(.text)
    sendHttpPostDemo                         0x08003453   Thumb Code   178  wifi_main.o(.text)
    ProcessUserInput                         0x08003505   Thumb Code  1734  wifi_main.o(.text)
    test_domain                              0x08003bcb   Thumb Code   734  wifi_main.o(.text)
    test_change                              0x08003ea9   Thumb Code   192  wifi_main.o(.text)
    test_rx                                  0x08003f69   Thumb Code   178  wifi_main.o(.text)
    SD_DeInit                                0x08004075   Thumb Code     4  stm32f4_discovery_sdio_sd.o(.text)
    SD_EnableWideBusOperation                0x080043ad   Thumb Code   134  stm32f4_discovery_sdio_sd.o(.text)
    SD_SelectDeselect                        0x08004433   Thumb Code    54  stm32f4_discovery_sdio_sd.o(.text)
    SD_GetCardInfo                           0x08004469   Thumb Code   626  stm32f4_discovery_sdio_sd.o(.text)
    SD_InitializeCards                       0x08004793   Thumb Code   288  stm32f4_discovery_sdio_sd.o(.text)
    SD_PowerON                               0x08004949   Thumb Code   346  stm32f4_discovery_sdio_sd.o(.text)
    SD_Init                                  0x08004aa3   Thumb Code    90  stm32f4_discovery_sdio_sd.o(.text)
    SD_SendStatus                            0x08004afd   Thumb Code    70  stm32f4_discovery_sdio_sd.o(.text)
    SD_Detect                                0x08004b43   Thumb Code    20  stm32f4_discovery_sdio_sd.o(.text)
    SD_GetState                              0x08004b57   Thumb Code    38  stm32f4_discovery_sdio_sd.o(.text)
    SD_GetStatus                             0x08004b7d   Thumb Code    26  stm32f4_discovery_sdio_sd.o(.text)
    SD_PowerOFF                              0x08004b97   Thumb Code    14  stm32f4_discovery_sdio_sd.o(.text)
    SD_SendSDStatus                          0x08004ba5   Thumb Code   358  stm32f4_discovery_sdio_sd.o(.text)
    SD_GetCardStatus                         0x08004d0b   Thumb Code   128  stm32f4_discovery_sdio_sd.o(.text)
    SD_ReadBlock                             0x08004d8b   Thumb Code   170  stm32f4_discovery_sdio_sd.o(.text)
    SD_ReadMultiBlocks                       0x08004e35   Thumb Code   184  stm32f4_discovery_sdio_sd.o(.text)
    SD_StopTransfer                          0x08004eed   Thumb Code    38  stm32f4_discovery_sdio_sd.o(.text)
    SD_WaitReadOperation                     0x08004f13   Thumb Code    90  stm32f4_discovery_sdio_sd.o(.text)
    SD_WriteBlock                            0x08004f6d   Thumb Code   166  stm32f4_discovery_sdio_sd.o(.text)
    SD_WriteMultiBlocks                      0x08005013   Thumb Code   280  stm32f4_discovery_sdio_sd.o(.text)
    SD_WaitWriteOperation                    0x0800512b   Thumb Code    88  stm32f4_discovery_sdio_sd.o(.text)
    SD_GetTransferState                      0x08005183   Thumb Code    18  stm32f4_discovery_sdio_sd.o(.text)
    SD_Erase                                 0x080052af   Thumb Code   264  stm32f4_discovery_sdio_sd.o(.text)
    SD_ProcessIRQSrc                         0x080053b7   Thumb Code   148  stm32f4_discovery_sdio_sd.o(.text)
    SD_ProcessDMAIRQ                         0x0800544b   Thumb Code    30  stm32f4_discovery_sdio_sd.o(.text)
    convert_from_bytes_to_power_of_two       0x08005469   Thumb Code    18  stm32f4_discovery_sdio_sd.o(.text)
    STM_EVAL_LEDInit                         0x08005495   Thumb Code    62  stm32f4_discovery.o(.text)
    STM_EVAL_LEDOn                           0x080054d3   Thumb Code    18  stm32f4_discovery.o(.text)
    STM_EVAL_LEDOff                          0x080054e5   Thumb Code    18  stm32f4_discovery.o(.text)
    STM_EVAL_LEDToggle                       0x080054f7   Thumb Code    22  stm32f4_discovery.o(.text)
    STM_EVAL_PBInit                          0x0800550d   Thumb Code   148  stm32f4_discovery.o(.text)
    STM_EVAL_PBGetState                      0x080055a1   Thumb Code    20  stm32f4_discovery.o(.text)
    STM_EVAL_COMInit                         0x080055b5   Thumb Code   200  stm32f4_discovery.o(.text)
    SD_LowLevel_DeInit                       0x0800567d   Thumb Code   142  stm32f4_discovery.o(.text)
    SD_LowLevel_Init                         0x0800570b   Thumb Code   178  stm32f4_discovery.o(.text)
    SD_LowLevel_DMA_TxConfig                 0x080057bd   Thumb Code   128  stm32f4_discovery.o(.text)
    SD_LowLevel_DMA_RxConfig                 0x0800583d   Thumb Code   154  stm32f4_discovery.o(.text)
    LCD_DisplayOff                           0x080058d9   Thumb Code     2  stm32f4_discovery_lcd.o(.text)
    LCD_DeInit                               0x080058db   Thumb Code   544  stm32f4_discovery_lcd.o(.text)
    LCD_CtrlLinesConfig                      0x08005afb   Thumb Code   356  stm32f4_discovery_lcd.o(.text)
    LCD_FSMCConfig                           0x08005c5f   Thumb Code    86  stm32f4_discovery_lcd.o(.text)
    LCD_SetFont                              0x08005cb5   Thumb Code     6  stm32f4_discovery_lcd.o(.text)
    LCD_WriteRAM                             0x08005cbb   Thumb Code     6  stm32f4_discovery_lcd.o(.text)
    LCD_WriteReg                             0x08005cc1   Thumb Code    12  stm32f4_discovery_lcd.o(.text)
    STM32f4_Discovery_LCD_Init               0x08005cf5   Thumb Code   342  stm32f4_discovery_lcd.o(.text)
    LCD_SetCursor                            0x08005e4b   Thumb Code    22  stm32f4_discovery_lcd.o(.text)
    LCD_ReadReg                              0x08005e61   Thumb Code    12  stm32f4_discovery_lcd.o(.text)
    LCD_WriteRAM_Prepare                     0x08005e6d   Thumb Code    10  stm32f4_discovery_lcd.o(.text)
    LCD_ReadRAM                              0x08005e77   Thumb Code     6  stm32f4_discovery_lcd.o(.text)
    LCD_RGB_Test                             0x08005e7d   Thumb Code    70  stm32f4_discovery_lcd.o(.text)
    LCD_SetColors                            0x08005ec3   Thumb Code    10  stm32f4_discovery_lcd.o(.text)
    LCD_GetColors                            0x08005ecd   Thumb Code    14  stm32f4_discovery_lcd.o(.text)
    LCD_SetTextColor                         0x08005edb   Thumb Code     8  stm32f4_discovery_lcd.o(.text)
    LCD_SetBackColor                         0x08005ee3   Thumb Code     8  stm32f4_discovery_lcd.o(.text)
    LCD_DisplayOn                            0x08005eeb   Thumb Code     2  stm32f4_discovery_lcd.o(.text)
    LCD_GetFont                              0x08005eed   Thumb Code     8  stm32f4_discovery_lcd.o(.text)
    LCD_DrawChar                             0x08005ef5   Thumb Code   122  stm32f4_discovery_lcd.o(.text)
    LCD_DisplayChar                          0x08005f6f   Thumb Code    26  stm32f4_discovery_lcd.o(.text)
    LCD_ClearLine                            0x08005f89   Thumb Code    38  stm32f4_discovery_lcd.o(.text)
    LCD_Clear                                0x08005faf   Thumb Code    34  stm32f4_discovery_lcd.o(.text)
    LCD_DrawLine                             0x08005fd1   Thumb Code    84  stm32f4_discovery_lcd.o(.text)
    LCD_DisplayStringLine                    0x0800603f   Thumb Code    50  stm32f4_discovery_lcd.o(.text)
    LCD_SetDisplayWindow                     0x08006071   Thumb Code    78  stm32f4_discovery_lcd.o(.text)
    LCD_WindowModeDisable                    0x080060bf   Thumb Code     2  stm32f4_discovery_lcd.o(.text)
    LCD_DrawRect                             0x080060c1   Thumb Code    82  stm32f4_discovery_lcd.o(.text)
    LCD_DrawCircle                           0x08006113   Thumb Code   262  stm32f4_discovery_lcd.o(.text)
    LCD_DrawMonoPict                         0x08006219   Thumb Code    70  stm32f4_discovery_lcd.o(.text)
    LCD_WriteBMP                             0x0800625f   Thumb Code     2  stm32f4_discovery_lcd.o(.text)
    LCD_DrawFullRect                         0x08006261   Thumb Code   132  stm32f4_discovery_lcd.o(.text)
    LCD_DrawFullCircle                       0x080062e5   Thumb Code   168  stm32f4_discovery_lcd.o(.text)
    LCD_DrawUniLine                          0x0800638d   Thumb Code   180  stm32f4_discovery_lcd.o(.text)
    LCD_PolyLine                             0x08006441   Thumb Code    40  stm32f4_discovery_lcd.o(.text)
    LCD_ClosedPolyLine                       0x080064c9   Thumb Code    34  stm32f4_discovery_lcd.o(.text)
    LCD_PolyLineRelative                     0x080064eb   Thumb Code     4  stm32f4_discovery_lcd.o(.text)
    LCD_ClosedPolyLineRelative               0x080064ef   Thumb Code     4  stm32f4_discovery_lcd.o(.text)
    LCD_FillPolyLine                         0x080064f3   Thumb Code   464  stm32f4_discovery_lcd.o(.text)
    LIS302DL_Write                           0x0800672b   Thumb Code    64  stm32f4_discovery_lis302dl.o(.text)
    LIS302DL_Init                            0x0800687f   Thumb Code    44  stm32f4_discovery_lis302dl.o(.text)
    LIS302DL_Read                            0x080068ab   Thumb Code    70  stm32f4_discovery_lis302dl.o(.text)
    LIS302DL_FilterConfig                    0x080068f1   Thumb Code    54  stm32f4_discovery_lis302dl.o(.text)
    LIS302DL_InterruptConfig                 0x08006927   Thumb Code    42  stm32f4_discovery_lis302dl.o(.text)
    LIS302DL_LowpowerCmd                     0x08006951   Thumb Code    38  stm32f4_discovery_lis302dl.o(.text)
    LIS302DL_DataRateCmd                     0x08006977   Thumb Code    38  stm32f4_discovery_lis302dl.o(.text)
    LIS302DL_FullScaleCmd                    0x0800699d   Thumb Code    38  stm32f4_discovery_lis302dl.o(.text)
    LIS302DL_RebootCmd                       0x080069c3   Thumb Code    34  stm32f4_discovery_lis302dl.o(.text)
    LIS302DL_ReadACC                         0x080069e5   Thumb Code    94  stm32f4_discovery_lis302dl.o(.text)
    USART_DeInit                             0x08006a55   Thumb Code   168  stm32f4xx_usart.o(.text)
    USART_Init                               0x08006afd   Thumb Code   180  stm32f4xx_usart.o(.text)
    USART_StructInit                         0x08006bb1   Thumb Code    22  stm32f4xx_usart.o(.text)
    USART_ClockInit                          0x08006bc7   Thumb Code    28  stm32f4xx_usart.o(.text)
    USART_ClockStructInit                    0x08006be3   Thumb Code    12  stm32f4xx_usart.o(.text)
    USART_Cmd                                0x08006bef   Thumb Code    24  stm32f4xx_usart.o(.text)
    USART_SetPrescaler                       0x08006c07   Thumb Code    16  stm32f4xx_usart.o(.text)
    USART_OverSampling8Cmd                   0x08006c17   Thumb Code    24  stm32f4xx_usart.o(.text)
    USART_OneBitMethodCmd                    0x08006c2f   Thumb Code    24  stm32f4xx_usart.o(.text)
    USART_SendData                           0x08006c47   Thumb Code     8  stm32f4xx_usart.o(.text)
    USART_ReceiveData                        0x08006c4f   Thumb Code     8  stm32f4xx_usart.o(.text)
    USART_SetAddress                         0x08006c57   Thumb Code    16  stm32f4xx_usart.o(.text)
    USART_ReceiverWakeUpCmd                  0x08006c67   Thumb Code    24  stm32f4xx_usart.o(.text)
    USART_WakeUpConfig                       0x08006c7f   Thumb Code    16  stm32f4xx_usart.o(.text)
    USART_LINBreakDetectLengthConfig         0x08006c8f   Thumb Code    16  stm32f4xx_usart.o(.text)
    USART_LINCmd                             0x08006c9f   Thumb Code    24  stm32f4xx_usart.o(.text)
    USART_SendBreak                          0x08006cb7   Thumb Code    10  stm32f4xx_usart.o(.text)
    USART_HalfDuplexCmd                      0x08006cc1   Thumb Code    24  stm32f4xx_usart.o(.text)
    USART_SetGuardTime                       0x08006cd9   Thumb Code    16  stm32f4xx_usart.o(.text)
    USART_SmartCardCmd                       0x08006ce9   Thumb Code    24  stm32f4xx_usart.o(.text)
    USART_SmartCardNACKCmd                   0x08006d01   Thumb Code    24  stm32f4xx_usart.o(.text)
    USART_IrDAConfig                         0x08006d19   Thumb Code    16  stm32f4xx_usart.o(.text)
    USART_IrDACmd                            0x08006d29   Thumb Code    24  stm32f4xx_usart.o(.text)
    USART_DMACmd                             0x08006d41   Thumb Code    20  stm32f4xx_usart.o(.text)
    USART_ITConfig                           0x08006d55   Thumb Code    54  stm32f4xx_usart.o(.text)
    USART_GetFlagStatus                      0x08006d8b   Thumb Code    14  stm32f4xx_usart.o(.text)
    USART_ClearFlag                          0x08006d99   Thumb Code     8  stm32f4xx_usart.o(.text)
    USART_GetITStatus                        0x08006da1   Thumb Code    64  stm32f4xx_usart.o(.text)
    USART_ClearITPendingBit                  0x08006de1   Thumb Code    16  stm32f4xx_usart.o(.text)
    NVIC_PriorityGroupConfig                 0x08006e09   Thumb Code    10  misc.o(.text)
    NVIC_Init                                0x08006e13   Thumb Code    94  misc.o(.text)
    NVIC_SetVectorTable                      0x08006e71   Thumb Code    14  misc.o(.text)
    NVIC_SystemLPConfig                      0x08006e7f   Thumb Code    24  misc.o(.text)
    SysTick_CLKSourceConfig                  0x08006e97   Thumb Code    28  misc.o(.text)
    DCMI_DeInit                              0x08006ec5   Thumb Code    22  stm32f4xx_dcmi.o(.text)
    DCMI_Init                                0x08006edb   Thumb Code    54  stm32f4xx_dcmi.o(.text)
    DCMI_StructInit                          0x08006f11   Thumb Code    18  stm32f4xx_dcmi.o(.text)
    DCMI_CROPConfig                          0x08006f23   Thumb Code    24  stm32f4xx_dcmi.o(.text)
    DCMI_CROPCmd                             0x08006f3b   Thumb Code    26  stm32f4xx_dcmi.o(.text)
    DCMI_SetEmbeddedSynchroCodes             0x08006f55   Thumb Code    26  stm32f4xx_dcmi.o(.text)
    DCMI_JPEGCmd                             0x08006f6f   Thumb Code    26  stm32f4xx_dcmi.o(.text)
    DCMI_Cmd                                 0x08006f89   Thumb Code    26  stm32f4xx_dcmi.o(.text)
    DCMI_CaptureCmd                          0x08006fa3   Thumb Code    26  stm32f4xx_dcmi.o(.text)
    DCMI_ReadData                            0x08006fbd   Thumb Code     6  stm32f4xx_dcmi.o(.text)
    DCMI_ITConfig                            0x08006fc3   Thumb Code    26  stm32f4xx_dcmi.o(.text)
    DCMI_GetFlagStatus                       0x08006fdd   Thumb Code    34  stm32f4xx_dcmi.o(.text)
    DCMI_ClearFlag                           0x08006fff   Thumb Code     6  stm32f4xx_dcmi.o(.text)
    DCMI_GetITStatus                         0x08007005   Thumb Code    18  stm32f4xx_dcmi.o(.text)
    DCMI_ClearITPendingBit                   0x08007017   Thumb Code     6  stm32f4xx_dcmi.o(.text)
    DMA_DeInit                               0x08007021   Thumb Code   278  stm32f4xx_dma.o(.text)
    DMA_Init                                 0x08007137   Thumb Code    80  stm32f4xx_dma.o(.text)
    DMA_StructInit                           0x08007187   Thumb Code    34  stm32f4xx_dma.o(.text)
    DMA_Cmd                                  0x080071a9   Thumb Code    24  stm32f4xx_dma.o(.text)
    DMA_PeriphIncOffsetSizeConfig            0x080071c1   Thumb Code    24  stm32f4xx_dma.o(.text)
    DMA_FlowControllerConfig                 0x080071d9   Thumb Code    24  stm32f4xx_dma.o(.text)
    DMA_SetCurrDataCounter                   0x080071f1   Thumb Code     4  stm32f4xx_dma.o(.text)
    DMA_GetCurrDataCounter                   0x080071f5   Thumb Code     6  stm32f4xx_dma.o(.text)
    DMA_DoubleBufferModeConfig               0x080071fb   Thumb Code    26  stm32f4xx_dma.o(.text)
    DMA_DoubleBufferModeCmd                  0x08007215   Thumb Code    24  stm32f4xx_dma.o(.text)
    DMA_MemoryTargetConfig                   0x0800722d   Thumb Code    12  stm32f4xx_dma.o(.text)
    DMA_GetCurrentMemoryTarget               0x08007239   Thumb Code    16  stm32f4xx_dma.o(.text)
    DMA_GetCmdStatus                         0x08007249   Thumb Code    14  stm32f4xx_dma.o(.text)
    DMA_GetFIFOStatus                        0x08007257   Thumb Code     8  stm32f4xx_dma.o(.text)
    DMA_GetFlagStatus                        0x0800725f   Thumb Code    42  stm32f4xx_dma.o(.text)
    DMA_ClearFlag                            0x08007289   Thumb Code    34  stm32f4xx_dma.o(.text)
    DMA_ITConfig                             0x080072ab   Thumb Code    52  stm32f4xx_dma.o(.text)
    DMA_GetITStatus                          0x080072df   Thumb Code    70  stm32f4xx_dma.o(.text)
    DMA_ClearITPendingBit                    0x08007325   Thumb Code    34  stm32f4xx_dma.o(.text)
    EXTI_DeInit                              0x08007369   Thumb Code    28  stm32f4xx_exti.o(.text)
    EXTI_Init                                0x08007385   Thumb Code   110  stm32f4xx_exti.o(.text)
    EXTI_StructInit                          0x080073f3   Thumb Code    14  stm32f4xx_exti.o(.text)
    EXTI_GenerateSWInterrupt                 0x08007401   Thumb Code    12  stm32f4xx_exti.o(.text)
    EXTI_GetFlagStatus                       0x0800740d   Thumb Code    18  stm32f4xx_exti.o(.text)
    EXTI_ClearFlag                           0x0800741f   Thumb Code     8  stm32f4xx_exti.o(.text)
    EXTI_GetITStatus                         0x08007427   Thumb Code    28  stm32f4xx_exti.o(.text)
    EXTI_ClearITPendingBit                   0x08007443   Thumb Code     8  stm32f4xx_exti.o(.text)
    FSMC_NORSRAMDeInit                       0x08007455   Thumb Code    42  stm32f4xx_fsmc.o(.text)
    FSMC_NORSRAMInit                         0x0800747f   Thumb Code   192  stm32f4xx_fsmc.o(.text)
    FSMC_NORSRAMStructInit                   0x0800753f   Thumb Code    98  stm32f4xx_fsmc.o(.text)
    FSMC_NORSRAMCmd                          0x080075a1   Thumb Code    32  stm32f4xx_fsmc.o(.text)
    FSMC_NANDDeInit                          0x080075c1   Thumb Code    40  stm32f4xx_fsmc.o(.text)
    FSMC_NANDInit                            0x080075e9   Thumb Code   104  stm32f4xx_fsmc.o(.text)
    FSMC_NANDStructInit                      0x08007651   Thumb Code    54  stm32f4xx_fsmc.o(.text)
    FSMC_NANDCmd                             0x08007687   Thumb Code    60  stm32f4xx_fsmc.o(.text)
    FSMC_NANDECCCmd                          0x080076c3   Thumb Code    60  stm32f4xx_fsmc.o(.text)
    FSMC_GetECC                              0x080076ff   Thumb Code    18  stm32f4xx_fsmc.o(.text)
    FSMC_PCCARDDeInit                        0x08007711   Thumb Code    22  stm32f4xx_fsmc.o(.text)
    FSMC_PCCARDInit                          0x08007727   Thumb Code   110  stm32f4xx_fsmc.o(.text)
    FSMC_PCCARDStructInit                    0x08007795   Thumb Code    60  stm32f4xx_fsmc.o(.text)
    FSMC_PCCARDCmd                           0x080077d1   Thumb Code    34  stm32f4xx_fsmc.o(.text)
    FSMC_ITConfig                            0x080077f3   Thumb Code    86  stm32f4xx_fsmc.o(.text)
    FSMC_GetFlagStatus                       0x08007849   Thumb Code    40  stm32f4xx_fsmc.o(.text)
    FSMC_ClearFlag                           0x08007871   Thumb Code    42  stm32f4xx_fsmc.o(.text)
    FSMC_GetITStatus                         0x0800789b   Thumb Code    52  stm32f4xx_fsmc.o(.text)
    FSMC_ClearITPendingBit                   0x080078cf   Thumb Code    48  stm32f4xx_fsmc.o(.text)
    GPIO_DeInit                              0x08007909   Thumb Code   240  stm32f4xx_gpio.o(.text)
    GPIO_Init                                0x080079f9   Thumb Code   124  stm32f4xx_gpio.o(.text)
    GPIO_StructInit                          0x08007a75   Thumb Code    18  stm32f4xx_gpio.o(.text)
    GPIO_PinLockConfig                       0x08007a87   Thumb Code    16  stm32f4xx_gpio.o(.text)
    GPIO_ReadInputDataBit                    0x08007a97   Thumb Code    14  stm32f4xx_gpio.o(.text)
    GPIO_ReadInputData                       0x08007aa5   Thumb Code     6  stm32f4xx_gpio.o(.text)
    GPIO_ReadOutputDataBit                   0x08007aab   Thumb Code    14  stm32f4xx_gpio.o(.text)
    GPIO_ReadOutputData                      0x08007ab9   Thumb Code     6  stm32f4xx_gpio.o(.text)
    GPIO_SetBits                             0x08007abf   Thumb Code     4  stm32f4xx_gpio.o(.text)
    GPIO_ResetBits                           0x08007ac3   Thumb Code     4  stm32f4xx_gpio.o(.text)
    GPIO_WriteBit                            0x08007ac7   Thumb Code    12  stm32f4xx_gpio.o(.text)
    GPIO_Write                               0x08007ad3   Thumb Code     4  stm32f4xx_gpio.o(.text)
    GPIO_ToggleBits                          0x08007ad7   Thumb Code     8  stm32f4xx_gpio.o(.text)
    GPIO_PinAFConfig                         0x08007adf   Thumb Code    32  stm32f4xx_gpio.o(.text)
    RCC_DeInit                               0x08007b25   Thumb Code    48  stm32f4xx_rcc.o(.text)
    RCC_HSEConfig                            0x08007b55   Thumb Code    12  stm32f4xx_rcc.o(.text)
    RCC_GetFlagStatus                        0x08007b61   Thumb Code    50  stm32f4xx_rcc.o(.text)
    RCC_WaitForHSEStartUp                    0x08007b93   Thumb Code    40  stm32f4xx_rcc.o(.text)
    RCC_AdjustHSICalibrationValue            0x08007bbb   Thumb Code    16  stm32f4xx_rcc.o(.text)
    RCC_HSICmd                               0x08007bcb   Thumb Code     6  stm32f4xx_rcc.o(.text)
    RCC_LSEConfig                            0x08007bd1   Thumb Code    30  stm32f4xx_rcc.o(.text)
    RCC_LSICmd                               0x08007bef   Thumb Code     6  stm32f4xx_rcc.o(.text)
    RCC_PLLConfig                            0x08007bf5   Thumb Code    34  stm32f4xx_rcc.o(.text)
    RCC_PLLCmd                               0x08007c17   Thumb Code     6  stm32f4xx_rcc.o(.text)
    RCC_PLLI2SConfig                         0x08007c1d   Thumb Code    14  stm32f4xx_rcc.o(.text)
    RCC_PLLI2SCmd                            0x08007c2b   Thumb Code     6  stm32f4xx_rcc.o(.text)
    RCC_ClockSecuritySystemCmd               0x08007c31   Thumb Code     6  stm32f4xx_rcc.o(.text)
    RCC_MCO1Config                           0x08007c37   Thumb Code    18  stm32f4xx_rcc.o(.text)
    RCC_MCO2Config                           0x08007c49   Thumb Code    18  stm32f4xx_rcc.o(.text)
    RCC_SYSCLKConfig                         0x08007c5b   Thumb Code    16  stm32f4xx_rcc.o(.text)
    RCC_GetSYSCLKSource                      0x08007c6b   Thumb Code    12  stm32f4xx_rcc.o(.text)
    RCC_HCLKConfig                           0x08007c77   Thumb Code    16  stm32f4xx_rcc.o(.text)
    RCC_PCLK1Config                          0x08007c87   Thumb Code    16  stm32f4xx_rcc.o(.text)
    RCC_PCLK2Config                          0x08007c97   Thumb Code    18  stm32f4xx_rcc.o(.text)
    RCC_GetClocksFreq                        0x08007ca9   Thumb Code   150  stm32f4xx_rcc.o(.text)
    RCC_RTCCLKConfig                         0x08007d3f   Thumb Code    42  stm32f4xx_rcc.o(.text)
    RCC_RTCCLKCmd                            0x08007d69   Thumb Code     8  stm32f4xx_rcc.o(.text)
    RCC_BackupResetCmd                       0x08007d71   Thumb Code     8  stm32f4xx_rcc.o(.text)
    RCC_I2SCLKConfig                         0x08007d79   Thumb Code     6  stm32f4xx_rcc.o(.text)
    RCC_AHB1PeriphClockCmd                   0x08007d7f   Thumb Code    24  stm32f4xx_rcc.o(.text)
    RCC_AHB2PeriphClockCmd                   0x08007d97   Thumb Code    24  stm32f4xx_rcc.o(.text)
    RCC_AHB3PeriphClockCmd                   0x08007daf   Thumb Code    24  stm32f4xx_rcc.o(.text)
    RCC_APB1PeriphClockCmd                   0x08007dc7   Thumb Code    24  stm32f4xx_rcc.o(.text)
    RCC_APB2PeriphClockCmd                   0x08007ddf   Thumb Code    24  stm32f4xx_rcc.o(.text)
    RCC_AHB1PeriphResetCmd                   0x08007df7   Thumb Code    24  stm32f4xx_rcc.o(.text)
    RCC_AHB2PeriphResetCmd                   0x08007e0f   Thumb Code    24  stm32f4xx_rcc.o(.text)
    RCC_AHB3PeriphResetCmd                   0x08007e27   Thumb Code    24  stm32f4xx_rcc.o(.text)
    RCC_APB1PeriphResetCmd                   0x08007e3f   Thumb Code    24  stm32f4xx_rcc.o(.text)
    RCC_APB2PeriphResetCmd                   0x08007e57   Thumb Code    24  stm32f4xx_rcc.o(.text)
    RCC_AHB1PeriphClockLPModeCmd             0x08007e6f   Thumb Code    24  stm32f4xx_rcc.o(.text)
    RCC_AHB2PeriphClockLPModeCmd             0x08007e87   Thumb Code    24  stm32f4xx_rcc.o(.text)
    RCC_AHB3PeriphClockLPModeCmd             0x08007e9f   Thumb Code    24  stm32f4xx_rcc.o(.text)
    RCC_APB1PeriphClockLPModeCmd             0x08007eb7   Thumb Code    24  stm32f4xx_rcc.o(.text)
    RCC_APB2PeriphClockLPModeCmd             0x08007ecf   Thumb Code    24  stm32f4xx_rcc.o(.text)
    RCC_ITConfig                             0x08007ee7   Thumb Code    24  stm32f4xx_rcc.o(.text)
    RCC_ClearFlag                            0x08007eff   Thumb Code    50  stm32f4xx_rcc.o(.text)
    RCC_GetITStatus                          0x08007f31   Thumb Code    16  stm32f4xx_rcc.o(.text)
    RCC_ClearITPendingBit                    0x08007f41   Thumb Code     8  stm32f4xx_rcc.o(.text)
    SDIO_DeInit                              0x08007f4d   Thumb Code    24  stm32f4xx_sdio.o(.text)
    SDIO_Init                                0x08007f65   Thumb Code    40  stm32f4xx_sdio.o(.text)
    SDIO_StructInit                          0x08007f8d   Thumb Code    16  stm32f4xx_sdio.o(.text)
    SDIO_ClockCmd                            0x08007f9d   Thumb Code     6  stm32f4xx_sdio.o(.text)
    SDIO_SetPowerState                       0x08007fa3   Thumb Code     8  stm32f4xx_sdio.o(.text)
    SDIO_GetPowerState                       0x08007fab   Thumb Code    12  stm32f4xx_sdio.o(.text)
    SDIO_SendCommand                         0x08007fb7   Thumb Code    38  stm32f4xx_sdio.o(.text)
    SDIO_CmdStructInit                       0x08007fdd   Thumb Code    14  stm32f4xx_sdio.o(.text)
    SDIO_GetCommandResponse                  0x08007feb   Thumb Code    10  stm32f4xx_sdio.o(.text)
    SDIO_GetResponse                         0x08007ff5   Thumb Code    10  stm32f4xx_sdio.o(.text)
    SDIO_DataConfig                          0x08007fff   Thumb Code    44  stm32f4xx_sdio.o(.text)
    SDIO_DataStructInit                      0x0800802b   Thumb Code    20  stm32f4xx_sdio.o(.text)
    SDIO_GetDataCounter                      0x0800803f   Thumb Code     8  stm32f4xx_sdio.o(.text)
    SDIO_ReadData                            0x08008047   Thumb Code     8  stm32f4xx_sdio.o(.text)
    SDIO_WriteData                           0x0800804f   Thumb Code     8  stm32f4xx_sdio.o(.text)
    SDIO_GetFIFOCount                        0x08008057   Thumb Code     8  stm32f4xx_sdio.o(.text)
    SDIO_StartSDIOReadWait                   0x0800805f   Thumb Code     6  stm32f4xx_sdio.o(.text)
    SDIO_StopSDIOReadWait                    0x08008065   Thumb Code     8  stm32f4xx_sdio.o(.text)
    SDIO_SetSDIOReadWaitMode                 0x0800806d   Thumb Code     8  stm32f4xx_sdio.o(.text)
    SDIO_SetSDIOOperation                    0x08008075   Thumb Code     8  stm32f4xx_sdio.o(.text)
    SDIO_SendSDIOSuspendCmd                  0x0800807d   Thumb Code     6  stm32f4xx_sdio.o(.text)
    SDIO_CommandCompletionCmd                0x08008083   Thumb Code     6  stm32f4xx_sdio.o(.text)
    SDIO_CEATAITCmd                          0x08008089   Thumb Code    10  stm32f4xx_sdio.o(.text)
    SDIO_SendCEATACmd                        0x08008093   Thumb Code     6  stm32f4xx_sdio.o(.text)
    SDIO_DMACmd                              0x08008099   Thumb Code     8  stm32f4xx_sdio.o(.text)
    SDIO_ITConfig                            0x080080a1   Thumb Code    24  stm32f4xx_sdio.o(.text)
    SDIO_GetFlagStatus                       0x080080b9   Thumb Code    18  stm32f4xx_sdio.o(.text)
    SDIO_ClearFlag                           0x080080cb   Thumb Code     8  stm32f4xx_sdio.o(.text)
    SDIO_GetITStatus                         0x080080d3   Thumb Code    18  stm32f4xx_sdio.o(.text)
    SDIO_ClearITPendingBit                   0x080080e5   Thumb Code     8  stm32f4xx_sdio.o(.text)
    SPI_I2S_DeInit                           0x08008109   Thumb Code    88  stm32f4xx_spi.o(.text)
    SPI_Init                                 0x08008161   Thumb Code    56  stm32f4xx_spi.o(.text)
    I2S_Init                                 0x08008199   Thumb Code   206  stm32f4xx_spi.o(.text)
    SPI_StructInit                           0x08008267   Thumb Code    24  stm32f4xx_spi.o(.text)
    I2S_StructInit                           0x0800827f   Thumb Code    18  stm32f4xx_spi.o(.text)
    SPI_Cmd                                  0x08008291   Thumb Code    24  stm32f4xx_spi.o(.text)
    I2S_Cmd                                  0x080082a9   Thumb Code    24  stm32f4xx_spi.o(.text)
    SPI_DataSizeConfig                       0x080082c1   Thumb Code    16  stm32f4xx_spi.o(.text)
    SPI_BiDirectionalLineConfig              0x080082d1   Thumb Code    26  stm32f4xx_spi.o(.text)
    SPI_NSSInternalSoftwareConfig            0x080082eb   Thumb Code    28  stm32f4xx_spi.o(.text)
    SPI_SSOutputCmd                          0x08008307   Thumb Code    24  stm32f4xx_spi.o(.text)
    SPI_TIModeCmd                            0x0800831f   Thumb Code    24  stm32f4xx_spi.o(.text)
    I2S_FullDuplexConfig                     0x08008337   Thumb Code    58  stm32f4xx_spi.o(.text)
    SPI_I2S_ReceiveData                      0x08008371   Thumb Code     4  stm32f4xx_spi.o(.text)
    SPI_I2S_SendData                         0x08008375   Thumb Code     4  stm32f4xx_spi.o(.text)
    SPI_CalculateCRC                         0x08008379   Thumb Code    24  stm32f4xx_spi.o(.text)
    SPI_TransmitCRC                          0x08008391   Thumb Code    10  stm32f4xx_spi.o(.text)
    SPI_GetCRC                               0x0800839b   Thumb Code    12  stm32f4xx_spi.o(.text)
    SPI_GetCRCPolynomial                     0x080083a7   Thumb Code     4  stm32f4xx_spi.o(.text)
    SPI_I2S_DMACmd                           0x080083ab   Thumb Code    20  stm32f4xx_spi.o(.text)
    SPI_I2S_ITConfig                         0x080083bf   Thumb Code    28  stm32f4xx_spi.o(.text)
    SPI_I2S_GetFlagStatus                    0x080083db   Thumb Code    14  stm32f4xx_spi.o(.text)
    SPI_I2S_ClearFlag                        0x080083e9   Thumb Code     6  stm32f4xx_spi.o(.text)
    SPI_I2S_GetITStatus                      0x080083ef   Thumb Code    44  stm32f4xx_spi.o(.text)
    SPI_I2S_ClearITPendingBit                0x0800841b   Thumb Code    14  stm32f4xx_spi.o(.text)
    SYSCFG_DeInit                            0x0800843d   Thumb Code    24  stm32f4xx_syscfg.o(.text)
    SYSCFG_MemoryRemapConfig                 0x08008455   Thumb Code     6  stm32f4xx_syscfg.o(.text)
    SYSCFG_EXTILineConfig                    0x0800845b   Thumb Code    36  stm32f4xx_syscfg.o(.text)
    SYSCFG_ETH_MediaInterfaceConfig          0x0800847f   Thumb Code     6  stm32f4xx_syscfg.o(.text)
    SYSCFG_CompensationCellCmd               0x08008485   Thumb Code     6  stm32f4xx_syscfg.o(.text)
    SYSCFG_GetCompensationCellStatus         0x0800848b   Thumb Code    18  stm32f4xx_syscfg.o(.text)
    I2C_DeInit                               0x080084a9   Thumb Code    88  stm32f4xx_i2c.o(.text)
    I2C_Init                                 0x08008501   Thumb Code   176  stm32f4xx_i2c.o(.text)
    I2C_StructInit                           0x080085b1   Thumb Code    28  stm32f4xx_i2c.o(.text)
    I2C_Cmd                                  0x080085cd   Thumb Code    24  stm32f4xx_i2c.o(.text)
    I2C_GenerateSTART                        0x080085e5   Thumb Code    24  stm32f4xx_i2c.o(.text)
    I2C_GenerateSTOP                         0x080085fd   Thumb Code    24  stm32f4xx_i2c.o(.text)
    I2C_Send7bitAddress                      0x08008615   Thumb Code    18  stm32f4xx_i2c.o(.text)
    I2C_AcknowledgeConfig                    0x08008627   Thumb Code    24  stm32f4xx_i2c.o(.text)
    I2C_OwnAddress2Config                    0x0800863f   Thumb Code    16  stm32f4xx_i2c.o(.text)
    I2C_DualAddressCmd                       0x0800864f   Thumb Code    24  stm32f4xx_i2c.o(.text)
    I2C_GeneralCallCmd                       0x08008667   Thumb Code    24  stm32f4xx_i2c.o(.text)
    I2C_SoftwareResetCmd                     0x0800867f   Thumb Code    24  stm32f4xx_i2c.o(.text)
    I2C_StretchClockCmd                      0x08008697   Thumb Code    24  stm32f4xx_i2c.o(.text)
    I2C_FastModeDutyCycleConfig              0x080086af   Thumb Code    26  stm32f4xx_i2c.o(.text)
    I2C_NACKPositionConfig                   0x080086c9   Thumb Code    26  stm32f4xx_i2c.o(.text)
    I2C_SMBusAlertConfig                     0x080086e3   Thumb Code    26  stm32f4xx_i2c.o(.text)
    I2C_ARPCmd                               0x080086fd   Thumb Code    24  stm32f4xx_i2c.o(.text)
    I2C_SendData                             0x08008715   Thumb Code     4  stm32f4xx_i2c.o(.text)
    I2C_ReceiveData                          0x08008719   Thumb Code     6  stm32f4xx_i2c.o(.text)
    I2C_TransmitPEC                          0x0800871f   Thumb Code    24  stm32f4xx_i2c.o(.text)
    I2C_PECPositionConfig                    0x08008737   Thumb Code    26  stm32f4xx_i2c.o(.text)
    I2C_CalculatePEC                         0x08008751   Thumb Code    24  stm32f4xx_i2c.o(.text)
    I2C_GetPEC                               0x08008769   Thumb Code     6  stm32f4xx_i2c.o(.text)
    I2C_DMACmd                               0x0800876f   Thumb Code    24  stm32f4xx_i2c.o(.text)
    I2C_DMALastTransferCmd                   0x08008787   Thumb Code    24  stm32f4xx_i2c.o(.text)
    I2C_ReadRegister                         0x0800879f   Thumb Code     6  stm32f4xx_i2c.o(.text)
    I2C_ITConfig                             0x080087a5   Thumb Code    20  stm32f4xx_i2c.o(.text)
    I2C_CheckEvent                           0x080087b9   Thumb Code    24  stm32f4xx_i2c.o(.text)
    I2C_GetLastEvent                         0x080087d1   Thumb Code    14  stm32f4xx_i2c.o(.text)
    I2C_GetFlagStatus                        0x080087df   Thumb Code    32  stm32f4xx_i2c.o(.text)
    I2C_ClearFlag                            0x080087ff   Thumb Code     6  stm32f4xx_i2c.o(.text)
    I2C_GetITStatus                          0x08008805   Thumb Code    34  stm32f4xx_i2c.o(.text)
    I2C_ClearITPendingBit                    0x08008827   Thumb Code     6  stm32f4xx_i2c.o(.text)
    clust2sect                               0x080089af   Thumb Code    24  ff.o(.text)
    get_fat                                  0x080089c7   Thumb Code   200  ff.o(.text)
    put_fat                                  0x08008a8f   Thumb Code   246  ff.o(.text)
    f_mount                                  0x080094eb   Thumb Code    30  ff.o(.text)
    f_open                                   0x08009509   Thumb Code   354  ff.o(.text)
    f_read                                   0x0800966b   Thumb Code   378  ff.o(.text)
    f_write                                  0x080097e5   Thumb Code   454  ff.o(.text)
    f_sync                                   0x080099ab   Thumb Code   164  ff.o(.text)
    f_close                                  0x08009a4f   Thumb Code    20  ff.o(.text)
    f_lseek                                  0x08009a63   Thumb Code   378  ff.o(.text)
    f_opendir                                0x08009bdd   Thumb Code    96  ff.o(.text)
    f_readdir                                0x08009c3d   Thumb Code    82  ff.o(.text)
    f_stat                                   0x08009c8f   Thumb Code    58  ff.o(.text)
    f_getfree                                0x08009cc9   Thumb Code   224  ff.o(.text)
    f_truncate                               0x08009da9   Thumb Code   142  ff.o(.text)
    f_unlink                                 0x08009e37   Thumb Code   164  ff.o(.text)
    f_mkdir                                  0x08009edb   Thumb Code   386  ff.o(.text)
    f_chmod                                  0x0800a05d   Thumb Code    74  ff.o(.text)
    f_utime                                  0x0800a0a7   Thumb Code    80  ff.o(.text)
    f_rename                                 0x0800a0f7   Thumb Code   276  ff.o(.text)
    disk_initialize                          0x0800a20d   Thumb Code    44  diskio.o(.text)
    disk_status                              0x0800a239   Thumb Code    12  diskio.o(.text)
    disk_read                                0x0800a245   Thumb Code    38  diskio.o(.text)
    disk_write                               0x0800a26b   Thumb Code    38  diskio.o(.text)
    get_fattime                              0x0800a291   Thumb Code     4  diskio.o(.text)
    disk_ioctl                               0x0800a295   Thumb Code    36  diskio.o(.text)
    Reset_Handler                            0x0800a2bd   Thumb Code     8  startup_stm32f4xx.o(.text)
    ADC_IRQHandler                           0x0800a2d7   Thumb Code     0  startup_stm32f4xx.o(.text)
    CAN1_RX0_IRQHandler                      0x0800a2d7   Thumb Code     0  startup_stm32f4xx.o(.text)
    CAN1_RX1_IRQHandler                      0x0800a2d7   Thumb Code     0  startup_stm32f4xx.o(.text)
    CAN1_SCE_IRQHandler                      0x0800a2d7   Thumb Code     0  startup_stm32f4xx.o(.text)
    CAN1_TX_IRQHandler                       0x0800a2d7   Thumb Code     0  startup_stm32f4xx.o(.text)
    CAN2_RX0_IRQHandler                      0x0800a2d7   Thumb Code     0  startup_stm32f4xx.o(.text)
    CAN2_RX1_IRQHandler                      0x0800a2d7   Thumb Code     0  startup_stm32f4xx.o(.text)
    CAN2_SCE_IRQHandler                      0x0800a2d7   Thumb Code     0  startup_stm32f4xx.o(.text)
    CAN2_TX_IRQHandler                       0x0800a2d7   Thumb Code     0  startup_stm32f4xx.o(.text)
    CRYP_IRQHandler                          0x0800a2d7   Thumb Code     0  startup_stm32f4xx.o(.text)
    DCMI_IRQHandler                          0x0800a2d7   Thumb Code     0  startup_stm32f4xx.o(.text)
    DMA1_Stream0_IRQHandler                  0x0800a2d7   Thumb Code     0  startup_stm32f4xx.o(.text)
    DMA1_Stream1_IRQHandler                  0x0800a2d7   Thumb Code     0  startup_stm32f4xx.o(.text)
    DMA1_Stream2_IRQHandler                  0x0800a2d7   Thumb Code     0  startup_stm32f4xx.o(.text)
    DMA1_Stream3_IRQHandler                  0x0800a2d7   Thumb Code     0  startup_stm32f4xx.o(.text)
    DMA1_Stream4_IRQHandler                  0x0800a2d7   Thumb Code     0  startup_stm32f4xx.o(.text)
    DMA1_Stream5_IRQHandler                  0x0800a2d7   Thumb Code     0  startup_stm32f4xx.o(.text)
    DMA1_Stream6_IRQHandler                  0x0800a2d7   Thumb Code     0  startup_stm32f4xx.o(.text)
    DMA1_Stream7_IRQHandler                  0x0800a2d7   Thumb Code     0  startup_stm32f4xx.o(.text)
    DMA2_Stream0_IRQHandler                  0x0800a2d7   Thumb Code     0  startup_stm32f4xx.o(.text)
    DMA2_Stream1_IRQHandler                  0x0800a2d7   Thumb Code     0  startup_stm32f4xx.o(.text)
    DMA2_Stream2_IRQHandler                  0x0800a2d7   Thumb Code     0  startup_stm32f4xx.o(.text)
    DMA2_Stream4_IRQHandler                  0x0800a2d7   Thumb Code     0  startup_stm32f4xx.o(.text)
    DMA2_Stream5_IRQHandler                  0x0800a2d7   Thumb Code     0  startup_stm32f4xx.o(.text)
    DMA2_Stream6_IRQHandler                  0x0800a2d7   Thumb Code     0  startup_stm32f4xx.o(.text)
    DMA2_Stream7_IRQHandler                  0x0800a2d7   Thumb Code     0  startup_stm32f4xx.o(.text)
    ETH_IRQHandler                           0x0800a2d7   Thumb Code     0  startup_stm32f4xx.o(.text)
    ETH_WKUP_IRQHandler                      0x0800a2d7   Thumb Code     0  startup_stm32f4xx.o(.text)
    EXTI15_10_IRQHandler                     0x0800a2d7   Thumb Code     0  startup_stm32f4xx.o(.text)
    EXTI1_IRQHandler                         0x0800a2d7   Thumb Code     0  startup_stm32f4xx.o(.text)
    EXTI2_IRQHandler                         0x0800a2d7   Thumb Code     0  startup_stm32f4xx.o(.text)
    EXTI3_IRQHandler                         0x0800a2d7   Thumb Code     0  startup_stm32f4xx.o(.text)
    EXTI4_IRQHandler                         0x0800a2d7   Thumb Code     0  startup_stm32f4xx.o(.text)
    EXTI9_5_IRQHandler                       0x0800a2d7   Thumb Code     0  startup_stm32f4xx.o(.text)
    FLASH_IRQHandler                         0x0800a2d7   Thumb Code     0  startup_stm32f4xx.o(.text)
    FPU_IRQHandler                           0x0800a2d7   Thumb Code     0  startup_stm32f4xx.o(.text)
    FSMC_IRQHandler                          0x0800a2d7   Thumb Code     0  startup_stm32f4xx.o(.text)
    HASH_RNG_IRQHandler                      0x0800a2d7   Thumb Code     0  startup_stm32f4xx.o(.text)
    I2C1_ER_IRQHandler                       0x0800a2d7   Thumb Code     0  startup_stm32f4xx.o(.text)
    I2C1_EV_IRQHandler                       0x0800a2d7   Thumb Code     0  startup_stm32f4xx.o(.text)
    I2C2_ER_IRQHandler                       0x0800a2d7   Thumb Code     0  startup_stm32f4xx.o(.text)
    I2C2_EV_IRQHandler                       0x0800a2d7   Thumb Code     0  startup_stm32f4xx.o(.text)
    I2C3_ER_IRQHandler                       0x0800a2d7   Thumb Code     0  startup_stm32f4xx.o(.text)
    I2C3_EV_IRQHandler                       0x0800a2d7   Thumb Code     0  startup_stm32f4xx.o(.text)
    OTG_FS_IRQHandler                        0x0800a2d7   Thumb Code     0  startup_stm32f4xx.o(.text)
    OTG_FS_WKUP_IRQHandler                   0x0800a2d7   Thumb Code     0  startup_stm32f4xx.o(.text)
    OTG_HS_EP1_IN_IRQHandler                 0x0800a2d7   Thumb Code     0  startup_stm32f4xx.o(.text)
    OTG_HS_EP1_OUT_IRQHandler                0x0800a2d7   Thumb Code     0  startup_stm32f4xx.o(.text)
    OTG_HS_IRQHandler                        0x0800a2d7   Thumb Code     0  startup_stm32f4xx.o(.text)
    OTG_HS_WKUP_IRQHandler                   0x0800a2d7   Thumb Code     0  startup_stm32f4xx.o(.text)
    PVD_IRQHandler                           0x0800a2d7   Thumb Code     0  startup_stm32f4xx.o(.text)
    RCC_IRQHandler                           0x0800a2d7   Thumb Code     0  startup_stm32f4xx.o(.text)
    RTC_Alarm_IRQHandler                     0x0800a2d7   Thumb Code     0  startup_stm32f4xx.o(.text)
    RTC_WKUP_IRQHandler                      0x0800a2d7   Thumb Code     0  startup_stm32f4xx.o(.text)
    SPI1_IRQHandler                          0x0800a2d7   Thumb Code     0  startup_stm32f4xx.o(.text)
    SPI2_IRQHandler                          0x0800a2d7   Thumb Code     0  startup_stm32f4xx.o(.text)
    SPI3_IRQHandler                          0x0800a2d7   Thumb Code     0  startup_stm32f4xx.o(.text)
    TAMP_STAMP_IRQHandler                    0x0800a2d7   Thumb Code     0  startup_stm32f4xx.o(.text)
    TIM1_BRK_TIM9_IRQHandler                 0x0800a2d7   Thumb Code     0  startup_stm32f4xx.o(.text)
    TIM1_CC_IRQHandler                       0x0800a2d7   Thumb Code     0  startup_stm32f4xx.o(.text)
    TIM1_TRG_COM_TIM11_IRQHandler            0x0800a2d7   Thumb Code     0  startup_stm32f4xx.o(.text)
    TIM1_UP_TIM10_IRQHandler                 0x0800a2d7   Thumb Code     0  startup_stm32f4xx.o(.text)
    TIM2_IRQHandler                          0x0800a2d7   Thumb Code     0  startup_stm32f4xx.o(.text)
    TIM3_IRQHandler                          0x0800a2d7   Thumb Code     0  startup_stm32f4xx.o(.text)
    TIM4_IRQHandler                          0x0800a2d7   Thumb Code     0  startup_stm32f4xx.o(.text)
    TIM5_IRQHandler                          0x0800a2d7   Thumb Code     0  startup_stm32f4xx.o(.text)
    TIM6_DAC_IRQHandler                      0x0800a2d7   Thumb Code     0  startup_stm32f4xx.o(.text)
    TIM7_IRQHandler                          0x0800a2d7   Thumb Code     0  startup_stm32f4xx.o(.text)
    TIM8_BRK_TIM12_IRQHandler                0x0800a2d7   Thumb Code     0  startup_stm32f4xx.o(.text)
    TIM8_CC_IRQHandler                       0x0800a2d7   Thumb Code     0  startup_stm32f4xx.o(.text)
    TIM8_TRG_COM_TIM14_IRQHandler            0x0800a2d7   Thumb Code     0  startup_stm32f4xx.o(.text)
    TIM8_UP_TIM13_IRQHandler                 0x0800a2d7   Thumb Code     0  startup_stm32f4xx.o(.text)
    UART4_IRQHandler                         0x0800a2d7   Thumb Code     0  startup_stm32f4xx.o(.text)
    UART5_IRQHandler                         0x0800a2d7   Thumb Code     0  startup_stm32f4xx.o(.text)
    USART1_IRQHandler                        0x0800a2d7   Thumb Code     0  startup_stm32f4xx.o(.text)
    USART6_IRQHandler                        0x0800a2d7   Thumb Code     0  startup_stm32f4xx.o(.text)
    WWDG_IRQHandler                          0x0800a2d7   Thumb Code     0  startup_stm32f4xx.o(.text)
    inet_aton                                0x0800a2e1   Thumb Code   270  sn8200_api.o(.text)
    inet_addr                                0x0800a3ef   Thumb Code    20  sn8200_api.o(.text)
    getTCPinfo                               0x0800a403   Thumb Code   174  sn8200_api.o(.text)
    setTCPinfo                               0x0800a4b1   Thumb Code    84  sn8200_api.o(.text)
    getUDPinfo                               0x0800a505   Thumb Code   104  sn8200_api.o(.text)
    setUDPinfo                               0x0800a56d   Thumb Code    84  sn8200_api.o(.text)
    SN8200_API_Init                          0x0800a5c1   Thumb Code     4  sn8200_api.o(.text)
    SN8200_API_HasInput                      0x0800a5c5   Thumb Code     4  sn8200_api.o(.text)
    ProcessSN8200Input                       0x0800a5c9   Thumb Code     4  sn8200_api.o(.text)
    GetStatus                                0x0800a5cd   Thumb Code    84  sn8200_api.o(.text)
    WifiOn                                   0x0800a621   Thumb Code    44  sn8200_api.o(.text)
    WifiOff                                  0x0800a64d   Thumb Code    32  sn8200_api.o(.text)
    ApOnOff                                  0x0800a66d   Thumb Code    96  sn8200_api.o(.text)
    WifiScan                                 0x0800a6cd   Thumb Code    52  sn8200_api.o(.text)
    WifiJoin                                 0x0800a701   Thumb Code   754  sn8200_api.o(.text)
    WifiDisconn                              0x0800a9f3   Thumb Code    32  sn8200_api.o(.text)
    SnicInit                                 0x0800aa13   Thumb Code    42  sn8200_api.o(.text)
    SnicCleanup                              0x0800aa3d   Thumb Code    32  sn8200_api.o(.text)
    SnicIPConfig                             0x0800aa5d   Thumb Code    88  sn8200_api.o(.text)
    SnicGetDhcp                              0x0800aab5   Thumb Code   112  sn8200_api.o(.text)
    tcpCreateSocket                          0x0800ab25   Thumb Code   118  sn8200_api.o(.text)
    closeSocket                              0x0800ab9b   Thumb Code    46  sn8200_api.o(.text)
    tcpConnectToServer                       0x0800abc9   Thumb Code   132  sn8200_api.o(.text)
    tcpCreateConnection                      0x0800ac4d   Thumb Code    90  sn8200_api.o(.text)
    sendFromSock                             0x0800aca7   Thumb Code   410  sn8200_api.o(.text)
    udpCreateSocket                          0x0800ae41   Thumb Code   104  sn8200_api.o(.text)
    udpSendFromSock                          0x0800aea9   Thumb Code   152  sn8200_api.o(.text)
    udpStartRecv                             0x0800af41   Thumb Code    66  sn8200_api.o(.text)
    handleRxWiFi                             0x0800af83   Thumb Code   422  sn8200_api.o(.text)
    handleRxSNIC                             0x0800b129   Thumb Code  1438  sn8200_api.o(.text)
    SendSNIC                                 0x0800b6c7   Thumb Code    46  sn8200_api.o(.text)
    fillNSendHttpReq                         0x0800b6f5   Thumb Code   220  sn8200_api.o(.text)
    fillNSendHttpMoreReq                     0x0800b7d1   Thumb Code    86  sn8200_api.o(.text)
    dummy_tx                                 0x0800b95d   Thumb Code    48  sn8200_core.o(.text)
    rx_process_char_no_ESC                   0x0800ba6b   Thumb Code   342  sn8200_core.o(.text)
    sci_ser_cmd_proc                         0x0800bbc1   Thumb Code    30  sn8200_core.o(.text)
    SN8200_RxFrameEmpty                      0x0800bbdf   Thumb Code    18  sn8200_core.o(.text)
    process_rx_frame                         0x0800bbf1   Thumb Code    42  sn8200_core.o(.text)
    SN8200_Init                              0x0800bc1b   Thumb Code     4  sn8200_core.o(.text)
    SN8200_HasInput                          0x0800bc1f   Thumb Code    12  sn8200_core.o(.text)
    serial_transmit                          0x0800bc2b   Thumb Code    44  sn8200_core.o(.text)
    rx_thread_proc                           0x0800bc57   Thumb Code    86  sn8200_core.o(.text)
    SN8200_HAL_Init                          0x0800bcb9   Thumb Code   186  sn8200_hal.o(.text)
    SN8200_HAL_SendData                      0x0800bd73   Thumb Code    42  sn8200_hal.o(.text)
    SN8200_HAL_RxBufferEmpty                 0x0800bd9d   Thumb Code    16  sn8200_hal.o(.text)
    SN8200_HAL_ReadByte                      0x0800bdad   Thumb Code    26  sn8200_hal.o(.text)
    USART3_IRQHandler                        0x0800bdc7   Thumb Code    42  sn8200_hal.o(.text)
    __rt_ctype_table                         0x0800be01   Thumb Code     4  ctype_o.o(.text)
    isspace                                  0x0800be09   Thumb Code    18  isspace_o.o(.text)
    __aeabi_memcpy                           0x0800be1b   Thumb Code    36  memcpya.o(.text)
    __aeabi_memcpy4                          0x0800be1b   Thumb Code     0  memcpya.o(.text)
    __aeabi_memcpy8                          0x0800be1b   Thumb Code     0  memcpya.o(.text)
    __aeabi_memset                           0x0800be3f   Thumb Code    14  memseta.o(.text)
    __aeabi_memset4                          0x0800be3f   Thumb Code     0  memseta.o(.text)
    __aeabi_memset8                          0x0800be3f   Thumb Code     0  memseta.o(.text)
    __aeabi_memclr                           0x0800be4d   Thumb Code     4  memseta.o(.text)
    __aeabi_memclr4                          0x0800be4d   Thumb Code     0  memseta.o(.text)
    __aeabi_memclr8                          0x0800be4d   Thumb Code     0  memseta.o(.text)
    _memset$wrapper                          0x0800be51   Thumb Code    18  memseta.o(.text)
    strcat                                   0x0800be63   Thumb Code    28  strcat.o(.text)
    strstr                                   0x0800be7f   Thumb Code    44  strstr.o(.text)
    strlen                                   0x0800beab   Thumb Code    16  strlen.o(.text)
    strcpy                                   0x0800bebb   Thumb Code    18  strcpy.o(.text)
    strncmp                                  0x0800becd   Thumb Code    30  strncmp.o(.text)
    __0scanf                                 0x0800beed   Thumb Code    26  __0scanf.o(.text)
    _scanf_string                            0x0800bf0d   Thumb Code   218  _scanf_str.o(.text)
    strtol                                   0x0800bfe7   Thumb Code   112  strtol.o(.text)
    atoi                                     0x0800c057   Thumb Code    26  atoi.o(.text)
    __aeabi_i2d                              0x0800c071   Thumb Code    34  dflti.o(.text)
    __aeabi_ui2d                             0x0800c093   Thumb Code    26  dfltui.o(.text)
    __aeabi_cdcmpeq                          0x0800c0ad   Thumb Code     0  cdcmple.o(.text)
    __aeabi_cdcmple                          0x0800c0ad   Thumb Code    38  cdcmple.o(.text)
    __aeabi_cdrcmple                         0x0800c0d5   Thumb Code    38  cdrcmple.o(.text)
    __aeabi_uldivmod                         0x0800c0fd   Thumb Code    98  uldiv.o(.text)
    _strtoul                                 0x0800c15f   Thumb Code   158  _strtoul.o(.text)
    __vfscanf_char_file                      0x0800c1fd   Thumb Code    12  scanf_char_file.o(.text)
    __I$use$fp                               0x0800c211   Thumb Code     0  iusefp.o(.text)
    _double_round                            0x0800c211   Thumb Code    26  depilogue.o(.text)
    _double_epilogue                         0x0800c22b   Thumb Code   164  depilogue.o(.text)
    __scatterload                            0x0800c2d1   Thumb Code    28  init.o(.text)
    __scatterload_rt2                        0x0800c2d1   Thumb Code     0  init.o(.text)
    _fgetc$bs                                0x0800c2f5   Thumb Code    28  fgetc_b.o(.text)
    __backspace                              0x0800c311   Thumb Code    10  fgetc_b.o(.text)
    __aeabi_llsl                             0x0800c321   Thumb Code    30  llshl.o(.text)
    _ll_shift_l                              0x0800c321   Thumb Code     0  llshl.o(.text)
    __aeabi_llsr                             0x0800c33f   Thumb Code    32  llushr.o(.text)
    _ll_ushift_r                             0x0800c33f   Thumb Code     0  llushr.o(.text)
    _chval                                   0x0800c35f   Thumb Code    28  _chval.o(.text)
    __vfscanf_char                           0x0800c389   Thumb Code    20  scanf_char.o(.text)
    __semihosting_library_function           0x0800c3a5   Thumb Code     0  semi.o(.text)
    __vfscanf                                0x0800c3a5   Thumb Code   806  _scanf.o(.text)
    __I$use$semihosting$fgetc                0x0800c6d1   Thumb Code     0  iusesemig.o(.text)
    __decompress                             0x0800c6d1   Thumb Code     0  __dczerorl2.o(.text)
    __decompress1                            0x0800c6d1   Thumb Code    92  __dczerorl2.o(.text)
    __0printf$8                              0x0800c72d   Thumb Code    22  printf8.o(i.__0printf$8)
    __1printf$8                              0x0800c72d   Thumb Code     0  printf8.o(i.__0printf$8)
    __2printf                                0x0800c72d   Thumb Code     0  printf8.o(i.__0printf$8)
    __0sprintf$8                             0x0800c74d   Thumb Code    34  printf8.o(i.__0sprintf$8)
    __1sprintf$8                             0x0800c74d   Thumb Code     0  printf8.o(i.__0sprintf$8)
    __2sprintf                               0x0800c74d   Thumb Code     0  printf8.o(i.__0sprintf$8)
    __aeabi_errno_addr                       0x0800c775   Thumb Code     4  errno.o(i.__aeabi_errno_addr)
    __rt_errno_addr                          0x0800c775   Thumb Code     0  errno.o(i.__aeabi_errno_addr)
    __scatterload_copy                       0x0800c77d   Thumb Code    14  handlers.o(i.__scatterload_copy)
    __scatterload_null                       0x0800c78b   Thumb Code     2  handlers.o(i.__scatterload_null)
    __scatterload_zeroinit                   0x0800c78d   Thumb Code    14  handlers.o(i.__scatterload_zeroinit)
    BUTTON_PORT_SOURCE                       0x0800cc88   Data           1  stm32f4_discovery.o(.constdata)
    BUTTON_PIN_SOURCE                        0x0800cc89   Data           1  stm32f4_discovery.o(.constdata)
    BUTTON_IRQn                              0x0800cc8a   Data           1  stm32f4_discovery.o(.constdata)
    BUTTON_PIN                               0x0800cc8c   Data           2  stm32f4_discovery.o(.constdata)
    BUTTON_EXTI_LINE                         0x0800cc8e   Data           2  stm32f4_discovery.o(.constdata)
    BUTTON_CLK                               0x0800cc90   Data           4  stm32f4_discovery.o(.constdata)
    COM_TX_PIN                               0x0800cc94   Data           4  stm32f4_discovery.o(.constdata)
    COM_RX_PIN                               0x0800cc98   Data           4  stm32f4_discovery.o(.constdata)
    COM_TX_PIN_SOURCE                        0x0800cc9c   Data           4  stm32f4_discovery.o(.constdata)
    COM_RX_PIN_SOURCE                        0x0800cca0   Data           4  stm32f4_discovery.o(.constdata)
    COM_TX_AF                                0x0800cca4   Data           4  stm32f4_discovery.o(.constdata)
    COM_RX_AF                                0x0800cca8   Data           4  stm32f4_discovery.o(.constdata)
    GPIO_PIN                                 0x0800ccac   Data           8  stm32f4_discovery.o(.constdata)
    COM_USART_CLK                            0x0800ccb4   Data           8  stm32f4_discovery.o(.constdata)
    COM_TX_PORT_CLK                          0x0800ccbc   Data           8  stm32f4_discovery.o(.constdata)
    COM_RX_PORT_CLK                          0x0800ccc4   Data           8  stm32f4_discovery.o(.constdata)
    GPIO_CLK                                 0x0800cccc   Data          16  stm32f4_discovery.o(.constdata)
    ASCII16x24_Table                         0x0800ccdc   Data        4560  stm32f4_discovery_lcd.o(.constdata)
    __ctype_table                            0x0800dfc8   Data         129  ctype_o.o(.constdata)
    Region$$Table$$Base                      0x0800e050   Number         0  anon$$obj.o(Region$$Table)
    Region$$Table$$Limit                     0x0800e070   Number         0  anon$$obj.o(Region$$Table)
    displayModeBuffer                        0x20000000   Data           1  main.o(.data)
    keyReturn                                0x20000001   Data           1  main.o(.data)
    displayMode                              0x20000002   Data           1  main.o(.data)
    purpose                                  0x20000003   Data           1  main.o(.data)
    status                                   0x20000004   Data           1  main.o(.data)
    pos_y                                    0x20000006   Data           2  main.o(.data)
    pos_x                                    0x20000008   Data           2  main.o(.data)
    prev_KeyPad_V                            0x2000000a   Data           2  main.o(.data)
    curr_KeyPad_V                            0x2000000c   Data           2  main.o(.data)
    password                                 0x2000000e   Data           4  main.o(.data)
    inforNumber                              0x20000014   Data           4  main.o(.data)
    TimingDelay                              0x20000018   Data           4  main.o(.data)
    timerkey                                 0x2000001c   Data           4  main.o(.data)
    EXTI_InitStructure                       0x20000020   Data           8  main.o(.data)
    KeyPressFlg                              0x20000028   Data           1  main.o(.data)
    SystemCoreClock                          0x2000002c   Data           4  system_stm32f4xx.o(.data)
    AHBPrescTable                            0x20000030   Data          16  system_stm32f4xx.o(.data)
    pic_counter                              0x20000040   Data           4  bmp.o(.data)
    bmp_header                               0x20000044   Data          70  bmp.o(.data)
    quit_flag                                0x2000008c   Data           1  wifi_main.o(.data)
    seqNo                                    0x2000008d   Data           1  wifi_main.o(.data)
    mysock                                   0x2000008e   Data           1  wifi_main.o(.data)
    sockConnected                            0x2000008f   Data           1  wifi_main.o(.data)
    sockClosed                               0x20000090   Data           1  wifi_main.o(.data)
    key                                      0x20000091   Data           1  wifi_main.o(.data)
    DBGU_RxBufferTail                        0x20000094   Data           4  wifi_main.o(.data)
    DBGU_RxBufferHead                        0x20000098   Data           4  wifi_main.o(.data)
    DBGU_InputReady                          0x2000009c   Data           4  wifi_main.o(.data)
    escape                                   0x200000a0   Data           4  wifi_main.o(.data)
    timeout1                                 0x200000a4   Data           4  wifi_main.o(.data)
    TransferError                            0x200000a8   Data           1  stm32f4_discovery_sdio_sd.o(.data)
    StopCondition                            0x200000b4   Data           4  stm32f4_discovery_sdio_sd.o(.data)
    TransferEnd                              0x200000b8   Data           4  stm32f4_discovery_sdio_sd.o(.data)
    DMAEndOfTransfer                         0x200000bc   Data           4  stm32f4_discovery_sdio_sd.o(.data)
    BUTTON_PORT                              0x200000c0   Data           4  stm32f4_discovery.o(.data)
    COM_USART                                0x200000c4   Data           8  stm32f4_discovery.o(.data)
    COM_TX_PORT                              0x200000cc   Data           8  stm32f4_discovery.o(.data)
    COM_RX_PORT                              0x200000d4   Data           8  stm32f4_discovery.o(.data)
    GPIO_PORT                                0x200000dc   Data          16  stm32f4_discovery.o(.data)
    Font16x24                                0x200000f4   Data           8  stm32f4_discovery_lcd.o(.data)
    LIS302DLTimeout                          0x200000fc   Data           4  stm32f4_discovery_lis302dl.o(.data)
    totalscan                                0x20000118   Data           1  sn8200_api.o(.data)
    secMode                                  0x20000119   Data           1  sn8200_api.o(.data)
    APOnOff                                  0x2000011a   Data           1  sn8200_api.o(.data)
    Keylen                                   0x2000011b   Data           1  sn8200_api.o(.data)
    IsWIFIGetStatusResponsed                 0x2000011c   Data           1  sn8200_api.o(.data)
    IsWIFIJoinResponsed                      0x2000011d   Data           1  sn8200_api.o(.data)
    IsWIFIApCtrlResponsed                    0x2000011e   Data           1  sn8200_api.o(.data)
    IsSNICIPConfigResponsed                  0x2000011f   Data           1  sn8200_api.o(.data)
    IsSNICGetDHCPInfoResponsed               0x20000120   Data           1  sn8200_api.o(.data)
    IsSNICTCPConnectToServerResponsed        0x20000121   Data           1  sn8200_api.o(.data)
    IsSNICSendFromSocketResponsed            0x20000122   Data           1  sn8200_api.o(.data)
    IsSNICUDPSendFromSocketResponsed         0x20000123   Data           1  sn8200_api.o(.data)
    IsCreateSocketResponsed                  0x20000124   Data           1  sn8200_api.o(.data)
    sendUDPDone                              0x20000125   Data           1  sn8200_api.o(.data)
    timeout                                  0x20000128   Data           4  sn8200_api.o(.data)
    joinok                                   0x2000012c   Data           4  sn8200_api.o(.data)
    ipok                                     0x20000130   Data           4  sn8200_api.o(.data)
    selfIP                                   0x20000134   Data           4  sn8200_api.o(.data)
    pktcnt                                   0x20000138   Data           4  sn8200_api.o(.data)
    destIP                                   0x2000013c   Data           4  sn8200_api.o(.data)
    srcIP                                    0x20000140   Data           4  sn8200_api.o(.data)
    destPort                                 0x20000144   Data           4  sn8200_api.o(.data)
    srcPort                                  0x20000148   Data           4  sn8200_api.o(.data)
    udpDestIP                                0x2000014c   Data           4  sn8200_api.o(.data)
    udpSrcIP                                 0x20000150   Data           4  sn8200_api.o(.data)
    udpDestPort                              0x20000154   Data           4  sn8200_api.o(.data)
    udpSrcPort                               0x20000158   Data           4  sn8200_api.o(.data)
    Portstr                                  0x20000168   Data           8  sn8200_api.o(.data)
    tempReTXLen                              0x2000017c   Data           4  sn8200_core.o(.data)
    RxBufferTail                             0x20000188   Data           4  sn8200_hal.o(.data)
    RxBufferHead                             0x2000018c   Data           4  sn8200_hal.o(.data)
    __stdin                                  0x20000190   Data           4  stdin.o(.data)
    __stdout                                 0x20000194   Data           4  stdout.o(.data)
    userData                                 0x200001a0   Data          15  main.o(.bss)
    RCC_Clocks                               0x200001b0   Data          16  main.o(.bss)
    image_buf                                0x200001c0   Data        1024  bmp.o(.bss)
    filesys                                  0x200005c0   Data         560  bmp.o(.bss)
    uri                                      0x200007f0   Data         100  wifi_main.o(.bss)
    DBGU_RxBuffer                            0x20000854   Data         256  wifi_main.o(.bss)
    TxBuf                                    0x20000954   Data         128  wifi_main.o(.bss)
    SDCardInfo                               0x20000a04   Data          80  stm32f4_discovery_sdio_sd.o(.bss)
    SDIO_InitStructure                       0x20000a54   Data          24  stm32f4_discovery_sdio_sd.o(.bss)
    SDIO_CmdInitStructure                    0x20000a6c   Data          20  stm32f4_discovery_sdio_sd.o(.bss)
    SDIO_DataInitStructure                   0x20000a80   Data          24  stm32f4_discovery_sdio_sd.o(.bss)
    domain                                   0x20000a98   Data         100  sn8200_api.o(.bss)
    IPstr                                    0x20000afc   Data          32  sn8200_api.o(.bss)
    sl                                       0x20000b1c   Data        1440  sn8200_api.o(.bss)
    SSID                                     0x200010bc   Data          32  sn8200_api.o(.bss)
    secKey                                   0x200010dc   Data          64  sn8200_api.o(.bss)
    out                                      0x2000111c   Data         256  sn8200_api.o(.bss)
    rx_frame                                 0x2000221c   Data       80080  sn8200_core.o(.bss)
    RxBuffer                                 0x20015aec   Data        4096  sn8200_hal.o(.bss)
    __initial_sp                             0x200172f0   Data           0  startup_stm32f4xx.o(STACK)



==============================================================================

Memory Map of the image

  Image Entry point : 0x08000189

  Load Region LR_IROM1 (Base: 0x08000000, Size: 0x0000e210, Max: 0x00100000, ABSOLUTE, COMPRESSED[0x0000e0e4])

    Execution Region ER_IROM1 (Base: 0x08000000, Size: 0x0000e070, Max: 0x00100000, ABSOLUTE)

    Base Addr    Size         Type   Attr      Idx    E Section Name        Object

    0x08000000   0x00000188   Data   RO          733    RESET               startup_stm32f4xx.o
    0x08000188   0x00000000   Code   RO          836  * .ARM.Collect$$$$00000000  mc_w.l(entry.o)
    0x08000188   0x00000004   Code   RO         1197    .ARM.Collect$$$$00000001  mc_w.l(entry2.o)
    0x0800018c   0x00000004   Code   RO         1200    .ARM.Collect$$$$00000004  mc_w.l(entry5.o)
    0x08000190   0x00000000   Code   RO         1202    .ARM.Collect$$$$00000008  mc_w.l(entry7b.o)
    0x08000190   0x00000008   Code   RO         1203    .ARM.Collect$$$$00000009  mc_w.l(entry8.o)
    0x08000198   0x00000004   Code   RO         1198    .ARM.Collect$$$$00002712  mc_w.l(entry2.o)
    0x0800019c   0x000011ec   Code   RO            3    .text               main.o
    0x08001388   0x0000003c   Code   RO          187    .text               stm32f4xx_it.o
    0x080013c4   0x0000017c   Code   RO          218    .text               system_stm32f4xx.o
    0x08001540   0x000001f0   Code   RO          244    .text               bmp.o
    0x08001730   0x0000155c   Code   RO          268    .text               dcmi_ov9655.o
    0x08002c8c   0x00000094   Code   RO          288    .text               delay.o
    0x08002d20   0x00001354   Code   RO          308    .text               wifi_main.o
    0x08004074   0x00001420   Code   RO          346    .text               stm32f4_discovery_sdio_sd.o
    0x08005494   0x00000442   Code   RO          370    .text               stm32f4_discovery.o
    0x080058d6   0x00000002   PAD
    0x080058d8   0x00000df0   Code   RO          395    .text               stm32f4_discovery_lcd.o
    0x080066c8   0x0000038c   Code   RO          431    .text               stm32f4_discovery_lis302dl.o
    0x08006a54   0x000003b4   Code   RO          454    .text               stm32f4xx_usart.o
    0x08006e08   0x000000bc   Code   RO          474    .text               misc.o
    0x08006ec4   0x0000015c   Code   RO          494    .text               stm32f4xx_dcmi.o
    0x08007020   0x00000348   Code   RO          514    .text               stm32f4xx_dma.o
    0x08007368   0x000000ec   Code   RO          534    .text               stm32f4xx_exti.o
    0x08007454   0x000004b4   Code   RO          554    .text               stm32f4xx_fsmc.o
    0x08007908   0x0000021c   Code   RO          574    .text               stm32f4xx_gpio.o
    0x08007b24   0x00000428   Code   RO          594    .text               stm32f4xx_rcc.o
    0x08007f4c   0x000001bc   Code   RO          616    .text               stm32f4xx_sdio.o
    0x08008108   0x00000334   Code   RO          636    .text               stm32f4xx_spi.o
    0x0800843c   0x0000006c   Code   RO          656    .text               stm32f4xx_syscfg.o
    0x080084a8   0x00000398   Code   RO          676    .text               stm32f4xx_i2c.o
    0x08008840   0x000019ca   Code   RO          694    .text               ff.o
    0x0800a20a   0x00000002   PAD
    0x0800a20c   0x000000b0   Code   RO          713    .text               diskio.o
    0x0800a2bc   0x00000024   Code   RO          734    .text               startup_stm32f4xx.o
    0x0800a2e0   0x0000167c   Code   RO          740    .text               sn8200_api.o
    0x0800b95c   0x0000035c   Code   RO          787    .text               sn8200_core.o
    0x0800bcb8   0x00000148   Code   RO          814    .text               sn8200_hal.o
    0x0800be00   0x00000008   Code   RO          876    .text               mc_w.l(ctype_o.o)
    0x0800be08   0x00000012   Code   RO          898    .text               mc_w.l(isspace_o.o)
    0x0800be1a   0x00000024   Code   RO          904    .text               mc_w.l(memcpya.o)
    0x0800be3e   0x00000024   Code   RO          906    .text               mc_w.l(memseta.o)
    0x0800be62   0x0000001c   Code   RO          908    .text               mc_w.l(strcat.o)
    0x0800be7e   0x0000002c   Code   RO          910    .text               mc_w.l(strstr.o)
    0x0800beaa   0x00000010   Code   RO          912    .text               mc_w.l(strlen.o)
    0x0800beba   0x00000012   Code   RO          914    .text               mc_w.l(strcpy.o)
    0x0800becc   0x0000001e   Code   RO          916    .text               mc_w.l(strncmp.o)
    0x0800beea   0x00000002   PAD
    0x0800beec   0x00000020   Code   RO         1181    .text               mc_w.l(__0scanf.o)
    0x0800bf0c   0x000000da   Code   RO         1183    .text               mc_w.l(_scanf_str.o)
    0x0800bfe6   0x00000070   Code   RO         1185    .text               mc_w.l(strtol.o)
    0x0800c056   0x0000001a   Code   RO         1187    .text               mc_w.l(atoi.o)
    0x0800c070   0x00000022   Code   RO         1189    .text               mf_w.l(dflti.o)
    0x0800c092   0x0000001a   Code   RO         1191    .text               mf_w.l(dfltui.o)
    0x0800c0ac   0x00000028   Code   RO         1193    .text               mf_w.l(cdcmple.o)
    0x0800c0d4   0x00000028   Code   RO         1195    .text               mf_w.l(cdrcmple.o)
    0x0800c0fc   0x00000062   Code   RO         1207    .text               mc_w.l(uldiv.o)
    0x0800c15e   0x0000009e   Code   RO         1216    .text               mc_w.l(_strtoul.o)
    0x0800c1fc   0x00000014   Code   RO         1218    .text               mc_w.l(scanf_char_file.o)
    0x0800c210   0x00000000   Code   RO         1220    .text               mc_w.l(iusefp.o)
    0x0800c210   0x000000be   Code   RO         1221    .text               mf_w.l(depilogue.o)
    0x0800c2ce   0x00000002   PAD
    0x0800c2d0   0x00000024   Code   RO         1231    .text               mc_w.l(init.o)
    0x0800c2f4   0x0000002c   Code   RO         1233    .text               mc_w.l(fgetc_b.o)
    0x0800c320   0x0000001e   Code   RO         1236    .text               mc_w.l(llshl.o)
    0x0800c33e   0x00000020   Code   RO         1238    .text               mc_w.l(llushr.o)
    0x0800c35e   0x0000001c   Code   RO         1242    .text               mc_w.l(_chval.o)
    0x0800c37a   0x00000002   PAD
    0x0800c37c   0x00000028   Code   RO         1244    .text               mc_w.l(scanf_char.o)
    0x0800c3a4   0x00000000   Code   RO         1246    .text               mc_w.l(semi.o)
    0x0800c3a4   0x0000032c   Code   RO         1249    .text               mc_w.l(_scanf.o)
    0x0800c6d0   0x00000000   Code   RO         1251    .text               mc_w.l(iusesemig.o)
    0x0800c6d0   0x0000005c   Code   RO         1263    .text               mc_w.l(__dczerorl2.o)
    0x0800c72c   0x00000020   Code   RO         1127    i.__0printf$8       mc_w.l(printf8.o)
    0x0800c74c   0x00000028   Code   RO         1129    i.__0sprintf$8      mc_w.l(printf8.o)
    0x0800c774   0x00000008   Code   RO         1209    i.__aeabi_errno_addr  mc_w.l(errno.o)
    0x0800c77c   0x0000000e   Code   RO         1257    i.__scatterload_copy  mc_w.l(handlers.o)
    0x0800c78a   0x00000002   Code   RO         1258    i.__scatterload_null  mc_w.l(handlers.o)
    0x0800c78c   0x0000000e   Code   RO         1259    i.__scatterload_zeroinit  mc_w.l(handlers.o)
    0x0800c79a   0x00000002   PAD
    0x0800c79c   0x00000410   Code   RO         1134    i._printf_core      mc_w.l(printf8.o)
    0x0800cbac   0x00000026   Code   RO         1135    i._printf_post_padding  mc_w.l(printf8.o)
    0x0800cbd2   0x00000030   Code   RO         1136    i._printf_pre_padding  mc_w.l(printf8.o)
    0x0800cc02   0x0000000a   Code   RO         1138    i._sputc            mc_w.l(printf8.o)
    0x0800cc0c   0x00000079   Data   RO          310    .constdata          wifi_main.o
    0x0800cc85   0x00000003   PAD
    0x0800cc88   0x00000054   Data   RO          371    .constdata          stm32f4_discovery.o
    0x0800ccdc   0x000011d0   Data   RO          396    .constdata          stm32f4_discovery_lcd.o
    0x0800deac   0x0000011c   Data   RO          743    .constdata          sn8200_api.o
    0x0800dfc8   0x00000081   Data   RO          877    .constdata          mc_w.l(ctype_o.o)
    0x0800e049   0x00000003   PAD
    0x0800e04c   0x00000004   Data   RO          878    .constdata          mc_w.l(ctype_o.o)
    0x0800e050   0x00000020   Data   RO         1255    Region$$Table       anon$$obj.o


    Execution Region RW_IRAM1 (Base: 0x20000000, Size: 0x000172f0, Max: 0x00020000, ABSOLUTE, COMPRESSED[0x00000074])

    Base Addr    Size         Type   Attr      Idx    E Section Name        Object

    0x20000000   0x00000028   Data   RW            7    .data               main.o
    0x20000028   0x00000001   Data   RW           11    .data               main.o
    0x20000029   0x00000003   PAD
    0x2000002c   0x00000014   Data   RW          219    .data               system_stm32f4xx.o
    0x20000040   0x0000004a   Data   RW          246    .data               bmp.o
    0x2000008a   0x00000002   PAD
    0x2000008c   0x0000001c   Data   RW          311    .data               wifi_main.o
    0x200000a8   0x00000018   Data   RW          348    .data               stm32f4_discovery_sdio_sd.o
    0x200000c0   0x0000002c   Data   RW          372    .data               stm32f4_discovery.o
    0x200000ec   0x00000010   Data   RW          400    .data               stm32f4_discovery_lcd.o
    0x200000fc   0x00000004   Data   RW          432    .data               stm32f4_discovery_lis302dl.o
    0x20000100   0x00000010   Data   RW          595    .data               stm32f4xx_rcc.o
    0x20000110   0x00000008   Data   RW          695    .data               ff.o
    0x20000118   0x00000058   Data   RW          744    .data               sn8200_api.o
    0x20000170   0x00000018   Data   RW          789    .data               sn8200_core.o
    0x20000188   0x00000008   Data   RW          816    .data               sn8200_hal.o
    0x20000190   0x00000004   Data   RW          875    .data               mc_w.l(stdin.o)
    0x20000194   0x00000004   Data   RW         1204    .data               mc_w.l(stdout.o)
    0x20000198   0x00000004   Data   RW         1212    .data               mc_w.l(errno.o)
    0x2000019c   0x00000003   Data   RW         1234    .data               mc_w.l(fgetc_b.o)
    0x2000019f   0x00000001   PAD
    0x200001a0   0x00000020   Zero   RW            6    .bss                main.o
    0x200001c0   0x00000630   Zero   RW          245    .bss                bmp.o
    0x200007f0   0x000001e4   Zero   RW          309    .bss                wifi_main.o
    0x200009d4   0x000000c4   Zero   RW          347    .bss                stm32f4_discovery_sdio_sd.o
    0x20000a98   0x00000064   Zero   RW          741    .bss                sn8200_api.o
    0x20000afc   0x00000720   Zero   RW          742    .bss                sn8200_api.o
    0x2000121c   0x000148d0   Zero   RW          788    .bss                sn8200_core.o
    0x20015aec   0x00001000   Zero   RW          815    .bss                sn8200_hal.o
    0x20016aec   0x00000004   PAD
    0x20016af0   0x00000800   Zero   RW          731    STACK               startup_stm32f4xx.o


==============================================================================

Image component sizes


      Code (inc. data)   RO Data    RW Data    ZI Data      Debug   Object Name

       496         38          0         74       1584       2873   bmp.o
      5468         30          0          0          0       6673   dcmi_ov9655.o
       148         36          0          0          0       1244   delay.o
       176          4          0          0          0       2818   diskio.o
      6602         36          0          8          0      24436   ff.o
      4588        824          0         41         32     352290   main.o
       188         18          0          0          0       2385   misc.o
      5756       1536        284         88       1924      23954   sn8200_api.o
       860         20          0         24      84176       5358   sn8200_core.o
       328         16          0          8       4096       2734   sn8200_hal.o
        36          8        392          0       2048        972   startup_stm32f4xx.o
      1090         28         84         44          0       5383   stm32f4_discovery.o
      3568         48       4560         16          0      15034   stm32f4_discovery_lcd.o
       908         18          0          4          0       4606   stm32f4_discovery_lis302dl.o
      5152         92          0         24        196      19912   stm32f4_discovery_sdio_sd.o
       348          4          0          0          0       4050   stm32f4xx_dcmi.o
       840         34          0          0          0       7309   stm32f4xx_dma.o
       236         10          0          0          0       2831   stm32f4xx_exti.o
      1204         10          0          0          0       6387   stm32f4xx_fsmc.o
       540         38          0          0          0       4945   stm32f4xx_gpio.o
       920         20          0          0          0       9271   stm32f4xx_i2c.o
        60          6          0          0          0       7687   stm32f4xx_it.o
      1064         40          0         16          0      12263   stm32f4xx_rcc.o
       444         28          0          0          0       7864   stm32f4xx_sdio.o
       820         20          0          0          0       7869   stm32f4xx_spi.o
       108         12          0          0          0       1891   stm32f4xx_syscfg.o
       948         24          0          0          0       9000   stm32f4xx_usart.o
       380         36          0         20          0       2239   system_stm32f4xx.o
      4948       1666        121         28        484      14651   wifi_main.o

    ----------------------------------------------------------------------
     48228       4700       5476        400      94544     568929   Object Totals
         0          0         32          0          0          0   (incl. Generated)
         4          0          3          5          4          0   (incl. Padding)

    ----------------------------------------------------------------------

      Code (inc. data)   RO Data    RW Data    ZI Data      Debug   Library Member Name

        32          6          0          0          0         84   __0scanf.o
        92          0          0          0          0          0   __dczerorl2.o
        28          0          0          0          0         68   _chval.o
       812          6          0          0          0        112   _scanf.o
       218          0          0          0          0         92   _scanf_str.o
       158          0          0          0          0         92   _strtoul.o
        26          0          0          0          0         80   atoi.o
         8          4        133          0          0         68   ctype_o.o
         0          0          0          0          0          0   entry.o
         8          4          0          0          0          0   entry2.o
         4          0          0          0          0          0   entry5.o
         0          0          0          0          0          0   entry7b.o
         8          4          0          0          0          0   entry8.o
         8          4          0          4          0         68   errno.o
        44          6          0          3          0        144   fgetc_b.o
        30          0          0          0          0          0   handlers.o
        36          8          0          0          0         68   init.o
        18          0          0          0          0         76   isspace_o.o
         0          0          0          0          0          0   iusefp.o
         0          0          0          0          0          0   iusesemig.o
        30          0          0          0          0         68   llshl.o
        32          0          0          0          0         68   llushr.o
        36          0          0          0          0         68   memcpya.o
        36          0          0          0          0        108   memseta.o
      1208         60          0          0          0        504   printf8.o
        40          8          0          0          0         84   scanf_char.o
        20          8          0          0          0         68   scanf_char_file.o
         0          0          0          0          0          0   semi.o
         0          0          0          4          0          0   stdin.o
         0          0          0          4          0          0   stdout.o
        28          0          0          0          0         68   strcat.o
        18          0          0          0          0         68   strcpy.o
        16          0          0          0          0         68   strlen.o
        30          0          0          0          0         80   strncmp.o
        44          0          0          0          0         80   strstr.o
       112          0          0          0          0         88   strtol.o
        98          0          0          0          0         92   uldiv.o
        40          2          0          0          0         68   cdcmple.o
        40          2          0          0          0         68   cdrcmple.o
       190          0          0          0          0        176   depilogue.o
        34          0          0          0          0         76   dflti.o
        26          0          0          0          0         76   dfltui.o

    ----------------------------------------------------------------------
      3616        122        136         16          0       2928   Library Totals
         8          0          3          1          0          0   (incl. Padding)

    ----------------------------------------------------------------------

      Code (inc. data)   RO Data    RW Data    ZI Data      Debug   Library Name

      3278        118        133         15          0       2464   mc_w.l
       330          4          0          0          0        464   mf_w.l

    ----------------------------------------------------------------------
      3616        122        136         16          0       2928   Library Totals

    ----------------------------------------------------------------------

==============================================================================


      Code (inc. data)   RO Data    RW Data    ZI Data      Debug   

     51844       4822       5612        416      94544     561593   Grand Totals
     51844       4822       5612        116      94544     561593   ELF Image Totals (compressed)
     51844       4822       5612        116          0          0   ROM Totals

==============================================================================

    Total RO  Size (Code + RO Data)                57456 (  56.11kB)
    Total RW  Size (RW Data + ZI Data)             94960 (  92.73kB)
    Total ROM Size (Code + RO Data + RW Data)      57572 (  56.22kB)

==============================================================================

