<!doctype html public "-//w3c//dtd html 4.0 transitional//en">
<html><head>
<title>Static Call Graph - [.\Discover-More\Project.axf]</title></head>
<body><HR>
<H1>Static Call Graph for image .\Discover-More\Project.axf</H1><HR>
<BR><P>#&#060CALLGRAPH&#062# ARM Linker, 5.02 [Build 28]: Last Updated: Wed Sep 23 02:53:13 2015
<BR><P>
<H3>Maximum Stack Usage =       2504 bytes + Unknown(Cycles, Untraceable Function Pointers)</H3><H3>
Call chain for Maximum Stack Depth:</H3>
main &rArr; wifi_main &rArr; WifiJoin &rArr; ProcessSN8200Input &rArr; rx_thread_proc &rArr; process_rx_frame &rArr; sci_ser_cmd_proc &rArr; handleRxSNIC &rArr; sendFromSock &rArr;  ProcessSN8200Input (Cycle)
<P>
<H3>
Mutually Recursive functions
</H3> <LI><a href="#[f0]">sendFromSock</a>&nbsp;&nbsp;&nbsp;&rArr;&nbsp;&nbsp;&nbsp;<a href="#[19d]">ProcessSN8200Input</a><BR>
 <LI><a href="#[3]">HardFault_Handler</a>&nbsp;&nbsp;&nbsp;&rArr;&nbsp;&nbsp;&nbsp;<a href="#[3]">HardFault_Handler</a><BR>
 <LI><a href="#[4]">MemManage_Handler</a>&nbsp;&nbsp;&nbsp;&rArr;&nbsp;&nbsp;&nbsp;<a href="#[4]">MemManage_Handler</a><BR>
 <LI><a href="#[5]">BusFault_Handler</a>&nbsp;&nbsp;&nbsp;&rArr;&nbsp;&nbsp;&nbsp;<a href="#[5]">BusFault_Handler</a><BR>
 <LI><a href="#[6]">UsageFault_Handler</a>&nbsp;&nbsp;&nbsp;&rArr;&nbsp;&nbsp;&nbsp;<a href="#[6]">UsageFault_Handler</a><BR>
 <LI><a href="#[1d]">ADC_IRQHandler</a>&nbsp;&nbsp;&nbsp;&rArr;&nbsp;&nbsp;&nbsp;<a href="#[1d]">ADC_IRQHandler</a><BR>
</UL>
<P>
<H3>
Function Pointers
</H3><UL>
 <LI><a href="#[1d]">ADC_IRQHandler</a> from startup_stm32f4xx.o(.text) referenced from startup_stm32f4xx.o(RESET)
 <LI><a href="#[5]">BusFault_Handler</a> from stm32f4xx_it.o(.text) referenced from startup_stm32f4xx.o(RESET)
 <LI><a href="#[1f]">CAN1_RX0_IRQHandler</a> from startup_stm32f4xx.o(.text) referenced from startup_stm32f4xx.o(RESET)
 <LI><a href="#[20]">CAN1_RX1_IRQHandler</a> from startup_stm32f4xx.o(.text) referenced from startup_stm32f4xx.o(RESET)
 <LI><a href="#[21]">CAN1_SCE_IRQHandler</a> from startup_stm32f4xx.o(.text) referenced from startup_stm32f4xx.o(RESET)
 <LI><a href="#[1e]">CAN1_TX_IRQHandler</a> from startup_stm32f4xx.o(.text) referenced from startup_stm32f4xx.o(RESET)
 <LI><a href="#[4b]">CAN2_RX0_IRQHandler</a> from startup_stm32f4xx.o(.text) referenced from startup_stm32f4xx.o(RESET)
 <LI><a href="#[4c]">CAN2_RX1_IRQHandler</a> from startup_stm32f4xx.o(.text) referenced from startup_stm32f4xx.o(RESET)
 <LI><a href="#[4d]">CAN2_SCE_IRQHandler</a> from startup_stm32f4xx.o(.text) referenced from startup_stm32f4xx.o(RESET)
 <LI><a href="#[4a]">CAN2_TX_IRQHandler</a> from startup_stm32f4xx.o(.text) referenced from startup_stm32f4xx.o(RESET)
 <LI><a href="#[5a]">CRYP_IRQHandler</a> from startup_stm32f4xx.o(.text) referenced from startup_stm32f4xx.o(RESET)
 <LI><a href="#[59]">DCMI_IRQHandler</a> from startup_stm32f4xx.o(.text) referenced from startup_stm32f4xx.o(RESET)
 <LI><a href="#[16]">DMA1_Stream0_IRQHandler</a> from startup_stm32f4xx.o(.text) referenced from startup_stm32f4xx.o(RESET)
 <LI><a href="#[17]">DMA1_Stream1_IRQHandler</a> from startup_stm32f4xx.o(.text) referenced from startup_stm32f4xx.o(RESET)
 <LI><a href="#[18]">DMA1_Stream2_IRQHandler</a> from startup_stm32f4xx.o(.text) referenced from startup_stm32f4xx.o(RESET)
 <LI><a href="#[19]">DMA1_Stream3_IRQHandler</a> from startup_stm32f4xx.o(.text) referenced from startup_stm32f4xx.o(RESET)
 <LI><a href="#[1a]">DMA1_Stream4_IRQHandler</a> from startup_stm32f4xx.o(.text) referenced from startup_stm32f4xx.o(RESET)
 <LI><a href="#[1b]">DMA1_Stream5_IRQHandler</a> from startup_stm32f4xx.o(.text) referenced from startup_stm32f4xx.o(RESET)
 <LI><a href="#[1c]">DMA1_Stream6_IRQHandler</a> from startup_stm32f4xx.o(.text) referenced from startup_stm32f4xx.o(RESET)
 <LI><a href="#[3a]">DMA1_Stream7_IRQHandler</a> from startup_stm32f4xx.o(.text) referenced from startup_stm32f4xx.o(RESET)
 <LI><a href="#[43]">DMA2_Stream0_IRQHandler</a> from startup_stm32f4xx.o(.text) referenced from startup_stm32f4xx.o(RESET)
 <LI><a href="#[44]">DMA2_Stream1_IRQHandler</a> from startup_stm32f4xx.o(.text) referenced from startup_stm32f4xx.o(RESET)
 <LI><a href="#[45]">DMA2_Stream2_IRQHandler</a> from startup_stm32f4xx.o(.text) referenced from startup_stm32f4xx.o(RESET)
 <LI><a href="#[46]">DMA2_Stream3_IRQHandler</a> from stm32f4xx_it.o(.text) referenced from startup_stm32f4xx.o(RESET)
 <LI><a href="#[47]">DMA2_Stream4_IRQHandler</a> from startup_stm32f4xx.o(.text) referenced from startup_stm32f4xx.o(RESET)
 <LI><a href="#[4f]">DMA2_Stream5_IRQHandler</a> from startup_stm32f4xx.o(.text) referenced from startup_stm32f4xx.o(RESET)
 <LI><a href="#[50]">DMA2_Stream6_IRQHandler</a> from startup_stm32f4xx.o(.text) referenced from startup_stm32f4xx.o(RESET)
 <LI><a href="#[51]">DMA2_Stream7_IRQHandler</a> from startup_stm32f4xx.o(.text) referenced from startup_stm32f4xx.o(RESET)
 <LI><a href="#[8]">DebugMon_Handler</a> from stm32f4xx_it.o(.text) referenced from startup_stm32f4xx.o(RESET)
 <LI><a href="#[48]">ETH_IRQHandler</a> from startup_stm32f4xx.o(.text) referenced from startup_stm32f4xx.o(RESET)
 <LI><a href="#[49]">ETH_WKUP_IRQHandler</a> from startup_stm32f4xx.o(.text) referenced from startup_stm32f4xx.o(RESET)
 <LI><a href="#[11]">EXTI0_IRQHandler</a> from stm32f4xx_it.o(.text) referenced from startup_stm32f4xx.o(RESET)
 <LI><a href="#[33]">EXTI15_10_IRQHandler</a> from startup_stm32f4xx.o(.text) referenced from startup_stm32f4xx.o(RESET)
 <LI><a href="#[12]">EXTI1_IRQHandler</a> from startup_stm32f4xx.o(.text) referenced from startup_stm32f4xx.o(RESET)
 <LI><a href="#[13]">EXTI2_IRQHandler</a> from startup_stm32f4xx.o(.text) referenced from startup_stm32f4xx.o(RESET)
 <LI><a href="#[14]">EXTI3_IRQHandler</a> from startup_stm32f4xx.o(.text) referenced from startup_stm32f4xx.o(RESET)
 <LI><a href="#[15]">EXTI4_IRQHandler</a> from startup_stm32f4xx.o(.text) referenced from startup_stm32f4xx.o(RESET)
 <LI><a href="#[22]">EXTI9_5_IRQHandler</a> from startup_stm32f4xx.o(.text) referenced from startup_stm32f4xx.o(RESET)
 <LI><a href="#[f]">FLASH_IRQHandler</a> from startup_stm32f4xx.o(.text) referenced from startup_stm32f4xx.o(RESET)
 <LI><a href="#[5c]">FPU_IRQHandler</a> from startup_stm32f4xx.o(.text) referenced from startup_stm32f4xx.o(RESET)
 <LI><a href="#[3b]">FSMC_IRQHandler</a> from startup_stm32f4xx.o(.text) referenced from startup_stm32f4xx.o(RESET)
 <LI><a href="#[5b]">HASH_RNG_IRQHandler</a> from startup_stm32f4xx.o(.text) referenced from startup_stm32f4xx.o(RESET)
 <LI><a href="#[3]">HardFault_Handler</a> from stm32f4xx_it.o(.text) referenced from startup_stm32f4xx.o(RESET)
 <LI><a href="#[2b]">I2C1_ER_IRQHandler</a> from startup_stm32f4xx.o(.text) referenced from startup_stm32f4xx.o(RESET)
 <LI><a href="#[2a]">I2C1_EV_IRQHandler</a> from startup_stm32f4xx.o(.text) referenced from startup_stm32f4xx.o(RESET)
 <LI><a href="#[2d]">I2C2_ER_IRQHandler</a> from startup_stm32f4xx.o(.text) referenced from startup_stm32f4xx.o(RESET)
 <LI><a href="#[2c]">I2C2_EV_IRQHandler</a> from startup_stm32f4xx.o(.text) referenced from startup_stm32f4xx.o(RESET)
 <LI><a href="#[54]">I2C3_ER_IRQHandler</a> from startup_stm32f4xx.o(.text) referenced from startup_stm32f4xx.o(RESET)
 <LI><a href="#[53]">I2C3_EV_IRQHandler</a> from startup_stm32f4xx.o(.text) referenced from startup_stm32f4xx.o(RESET)
 <LI><a href="#[4]">MemManage_Handler</a> from stm32f4xx_it.o(.text) referenced from startup_stm32f4xx.o(RESET)
 <LI><a href="#[2]">NMI_Handler</a> from stm32f4xx_it.o(.text) referenced from startup_stm32f4xx.o(RESET)
 <LI><a href="#[4e]">OTG_FS_IRQHandler</a> from startup_stm32f4xx.o(.text) referenced from startup_stm32f4xx.o(RESET)
 <LI><a href="#[35]">OTG_FS_WKUP_IRQHandler</a> from startup_stm32f4xx.o(.text) referenced from startup_stm32f4xx.o(RESET)
 <LI><a href="#[56]">OTG_HS_EP1_IN_IRQHandler</a> from startup_stm32f4xx.o(.text) referenced from startup_stm32f4xx.o(RESET)
 <LI><a href="#[55]">OTG_HS_EP1_OUT_IRQHandler</a> from startup_stm32f4xx.o(.text) referenced from startup_stm32f4xx.o(RESET)
 <LI><a href="#[58]">OTG_HS_IRQHandler</a> from startup_stm32f4xx.o(.text) referenced from startup_stm32f4xx.o(RESET)
 <LI><a href="#[57]">OTG_HS_WKUP_IRQHandler</a> from startup_stm32f4xx.o(.text) referenced from startup_stm32f4xx.o(RESET)
 <LI><a href="#[c]">PVD_IRQHandler</a> from startup_stm32f4xx.o(.text) referenced from startup_stm32f4xx.o(RESET)
 <LI><a href="#[9]">PendSV_Handler</a> from stm32f4xx_it.o(.text) referenced from startup_stm32f4xx.o(RESET)
 <LI><a href="#[10]">RCC_IRQHandler</a> from startup_stm32f4xx.o(.text) referenced from startup_stm32f4xx.o(RESET)
 <LI><a href="#[34]">RTC_Alarm_IRQHandler</a> from startup_stm32f4xx.o(.text) referenced from startup_stm32f4xx.o(RESET)
 <LI><a href="#[e]">RTC_WKUP_IRQHandler</a> from startup_stm32f4xx.o(.text) referenced from startup_stm32f4xx.o(RESET)
 <LI><a href="#[1]">Reset_Handler</a> from startup_stm32f4xx.o(.text) referenced from startup_stm32f4xx.o(RESET)
 <LI><a href="#[3c]">SDIO_IRQHandler</a> from stm32f4xx_it.o(.text) referenced from startup_stm32f4xx.o(RESET)
 <LI><a href="#[2e]">SPI1_IRQHandler</a> from startup_stm32f4xx.o(.text) referenced from startup_stm32f4xx.o(RESET)
 <LI><a href="#[2f]">SPI2_IRQHandler</a> from startup_stm32f4xx.o(.text) referenced from startup_stm32f4xx.o(RESET)
 <LI><a href="#[3e]">SPI3_IRQHandler</a> from startup_stm32f4xx.o(.text) referenced from startup_stm32f4xx.o(RESET)
 <LI><a href="#[7]">SVC_Handler</a> from stm32f4xx_it.o(.text) referenced from startup_stm32f4xx.o(RESET)
 <LI><a href="#[a]">SysTick_Handler</a> from stm32f4xx_it.o(.text) referenced from startup_stm32f4xx.o(RESET)
 <LI><a href="#[5e]">SystemInit</a> from system_stm32f4xx.o(.text) referenced from startup_stm32f4xx.o(.text)
 <LI><a href="#[d]">TAMP_STAMP_IRQHandler</a> from startup_stm32f4xx.o(.text) referenced from startup_stm32f4xx.o(RESET)
 <LI><a href="#[23]">TIM1_BRK_TIM9_IRQHandler</a> from startup_stm32f4xx.o(.text) referenced from startup_stm32f4xx.o(RESET)
 <LI><a href="#[26]">TIM1_CC_IRQHandler</a> from startup_stm32f4xx.o(.text) referenced from startup_stm32f4xx.o(RESET)
 <LI><a href="#[25]">TIM1_TRG_COM_TIM11_IRQHandler</a> from startup_stm32f4xx.o(.text) referenced from startup_stm32f4xx.o(RESET)
 <LI><a href="#[24]">TIM1_UP_TIM10_IRQHandler</a> from startup_stm32f4xx.o(.text) referenced from startup_stm32f4xx.o(RESET)
 <LI><a href="#[27]">TIM2_IRQHandler</a> from startup_stm32f4xx.o(.text) referenced from startup_stm32f4xx.o(RESET)
 <LI><a href="#[28]">TIM3_IRQHandler</a> from startup_stm32f4xx.o(.text) referenced from startup_stm32f4xx.o(RESET)
 <LI><a href="#[29]">TIM4_IRQHandler</a> from startup_stm32f4xx.o(.text) referenced from startup_stm32f4xx.o(RESET)
 <LI><a href="#[3d]">TIM5_IRQHandler</a> from startup_stm32f4xx.o(.text) referenced from startup_stm32f4xx.o(RESET)
 <LI><a href="#[41]">TIM6_DAC_IRQHandler</a> from startup_stm32f4xx.o(.text) referenced from startup_stm32f4xx.o(RESET)
 <LI><a href="#[42]">TIM7_IRQHandler</a> from startup_stm32f4xx.o(.text) referenced from startup_stm32f4xx.o(RESET)
 <LI><a href="#[36]">TIM8_BRK_TIM12_IRQHandler</a> from startup_stm32f4xx.o(.text) referenced from startup_stm32f4xx.o(RESET)
 <LI><a href="#[39]">TIM8_CC_IRQHandler</a> from startup_stm32f4xx.o(.text) referenced from startup_stm32f4xx.o(RESET)
 <LI><a href="#[38]">TIM8_TRG_COM_TIM14_IRQHandler</a> from startup_stm32f4xx.o(.text) referenced from startup_stm32f4xx.o(RESET)
 <LI><a href="#[37]">TIM8_UP_TIM13_IRQHandler</a> from startup_stm32f4xx.o(.text) referenced from startup_stm32f4xx.o(RESET)
 <LI><a href="#[3f]">UART4_IRQHandler</a> from startup_stm32f4xx.o(.text) referenced from startup_stm32f4xx.o(RESET)
 <LI><a href="#[40]">UART5_IRQHandler</a> from startup_stm32f4xx.o(.text) referenced from startup_stm32f4xx.o(RESET)
 <LI><a href="#[30]">USART1_IRQHandler</a> from startup_stm32f4xx.o(.text) referenced from startup_stm32f4xx.o(RESET)
 <LI><a href="#[31]">USART2_IRQHandler</a> from wifi_main.o(.text) referenced from startup_stm32f4xx.o(RESET)
 <LI><a href="#[32]">USART3_IRQHandler</a> from sn8200_hal.o(.text) referenced from startup_stm32f4xx.o(RESET)
 <LI><a href="#[52]">USART6_IRQHandler</a> from startup_stm32f4xx.o(.text) referenced from startup_stm32f4xx.o(RESET)
 <LI><a href="#[6]">UsageFault_Handler</a> from stm32f4xx_it.o(.text) referenced from startup_stm32f4xx.o(RESET)
 <LI><a href="#[b]">WWDG_IRQHandler</a> from startup_stm32f4xx.o(.text) referenced from startup_stm32f4xx.o(RESET)
 <LI><a href="#[61]">__backspace</a> from fgetc_b.o(.text) referenced from scanf_char_file.o(.text)
 <LI><a href="#[5f]">__main</a> from entry.o(.ARM.Collect$$$$00000000) referenced from startup_stm32f4xx.o(.text)
 <LI><a href="#[62]">_scanf_char_input</a> from scanf_char.o(.text) referenced from scanf_char.o(.text)
 <LI><a href="#[65]">_sputc</a> from printf8.o(i._sputc) referenced from printf8.o(i.__0sprintf$8)
 <LI><a href="#[60]">fgetc</a> from wifi_main.o(.text) referenced from scanf_char_file.o(.text)
 <LI><a href="#[64]">fputc</a> from wifi_main.o(.text) referenced from printf8.o(i.__0printf$8)
 <LI><a href="#[63]">isspace</a> from isspace_o.o(.text) referenced from scanf_char.o(.text)
 <LI><a href="#[5d]">main</a> from main.o(.text) referenced from entry8.o(.ARM.Collect$$$$00000009)
</UL>
<P>
<H3>
Global Symbols
</H3>
<P><STRONG><a name="[5f]"></a>__main</STRONG> (Thumb, 0 bytes, Stack size unknown bytes, entry.o(.ARM.Collect$$$$00000000))
<BR>[Address Reference Count : 1]<UL><LI> startup_stm32f4xx.o(.text)
</UL>
<P><STRONG><a name="[1c6]"></a>_main_stk</STRONG> (Thumb, 0 bytes, Stack size unknown bytes, entry2.o(.ARM.Collect$$$$00000001))

<P><STRONG><a name="[66]"></a>_main_scatterload</STRONG> (Thumb, 0 bytes, Stack size unknown bytes, entry5.o(.ARM.Collect$$$$00000004))
<BR><BR>[Calls]<UL><LI><a href="#[67]">&gt;&gt;</a>&nbsp;&nbsp;&nbsp;__scatterload
</UL>

<P><STRONG><a name="[1be]"></a>__main_after_scatterload</STRONG> (Thumb, 0 bytes, Stack size unknown bytes, entry5.o(.ARM.Collect$$$$00000004))
<BR><BR>[Called By]<UL><LI><a href="#[67]">&gt;&gt;</a>&nbsp;&nbsp;&nbsp;__scatterload
</UL>

<P><STRONG><a name="[1c7]"></a>_main_clock</STRONG> (Thumb, 0 bytes, Stack size unknown bytes, entry7b.o(.ARM.Collect$$$$00000008))

<P><STRONG><a name="[1c8]"></a>_main_init</STRONG> (Thumb, 0 bytes, Stack size unknown bytes, entry8.o(.ARM.Collect$$$$00000009))

<P><STRONG><a name="[6a]"></a>Delay</STRONG> (Thumb, 12 bytes, Stack size 0 bytes, main.o(.text))
<BR><BR>[Called By]<UL><LI><a href="#[cd]">&gt;&gt;</a>&nbsp;&nbsp;&nbsp;WifiJoin
<LI><a href="#[bd]">&gt;&gt;</a>&nbsp;&nbsp;&nbsp;DCMI_OV9655_QQVGASizeSetup
<LI><a href="#[b4]">&gt;&gt;</a>&nbsp;&nbsp;&nbsp;get_pic_count
<LI><a href="#[b1]">&gt;&gt;</a>&nbsp;&nbsp;&nbsp;set_pic_count
<LI><a href="#[99]">&gt;&gt;</a>&nbsp;&nbsp;&nbsp;wifi_main
<LI><a href="#[69]">&gt;&gt;</a>&nbsp;&nbsp;&nbsp;test_rx
<LI><a href="#[a0]">&gt;&gt;</a>&nbsp;&nbsp;&nbsp;test_domain
<LI><a href="#[9b]">&gt;&gt;</a>&nbsp;&nbsp;&nbsp;test_change
<LI><a href="#[8e]">&gt;&gt;</a>&nbsp;&nbsp;&nbsp;DCMI_OV9655_QVGASizeSetup
<LI><a href="#[95]">&gt;&gt;</a>&nbsp;&nbsp;&nbsp;DCMI_Control_IO_Init
<LI><a href="#[9f]">&gt;&gt;</a>&nbsp;&nbsp;&nbsp;Capture_Image_TO_Bmp
<LI><a href="#[a1]">&gt;&gt;</a>&nbsp;&nbsp;&nbsp;LIS302DL_Reset
<LI><a href="#[5d]">&gt;&gt;</a>&nbsp;&nbsp;&nbsp;main
<LI><a href="#[7a]">&gt;&gt;</a>&nbsp;&nbsp;&nbsp;sendToServer
<LI><a href="#[79]">&gt;&gt;</a>&nbsp;&nbsp;&nbsp;num_CLEAR
<LI><a href="#[78]">&gt;&gt;</a>&nbsp;&nbsp;&nbsp;num_DISPLAY
<LI><a href="#[76]">&gt;&gt;</a>&nbsp;&nbsp;&nbsp;img_DISPLAY
<LI><a href="#[6b]">&gt;&gt;</a>&nbsp;&nbsp;&nbsp;LCD_PREVIEW_DISPLAY
<LI><a href="#[68]">&gt;&gt;</a>&nbsp;&nbsp;&nbsp;check_status
</UL>

<P><STRONG><a name="[68]"></a>check_status</STRONG> (Thumb, 78 bytes, Stack size 24 bytes, main.o(.text))
<BR><BR>[Stack]<UL><LI>Max Depth = 1392<LI>Call Chain = check_status &rArr; test_rx &rArr; fillNSendHttpReq &rArr; serial_transmit &rArr; no_ESC_transmit &rArr; escape_payload_and_transmit_no_ESC &rArr; dummy_tx &rArr; SN8200_HAL_SendData
</UL>
<BR>[Calls]<UL><LI><a href="#[69]">&gt;&gt;</a>&nbsp;&nbsp;&nbsp;test_rx
<LI><a href="#[6a]">&gt;&gt;</a>&nbsp;&nbsp;&nbsp;Delay
</UL>
<BR>[Called By]<UL><LI><a href="#[7e]">&gt;&gt;</a>&nbsp;&nbsp;&nbsp;key_input_userdata
</UL>

<P><STRONG><a name="[6b]"></a>LCD_PREVIEW_DISPLAY</STRONG> (Thumb, 176 bytes, Stack size 616 bytes, main.o(.text), UNUSED)
<BR><BR>[Calls]<UL><LI><a href="#[73]">&gt;&gt;</a>&nbsp;&nbsp;&nbsp;f_read
<LI><a href="#[6f]">&gt;&gt;</a>&nbsp;&nbsp;&nbsp;f_open
<LI><a href="#[6d]">&gt;&gt;</a>&nbsp;&nbsp;&nbsp;f_mount
<LI><a href="#[70]">&gt;&gt;</a>&nbsp;&nbsp;&nbsp;f_lseek
<LI><a href="#[75]">&gt;&gt;</a>&nbsp;&nbsp;&nbsp;f_close
<LI><a href="#[72]">&gt;&gt;</a>&nbsp;&nbsp;&nbsp;LCD_WriteRAM_Prepare
<LI><a href="#[74]">&gt;&gt;</a>&nbsp;&nbsp;&nbsp;LCD_WriteRAM
<LI><a href="#[71]">&gt;&gt;</a>&nbsp;&nbsp;&nbsp;LCD_SetCursor
<LI><a href="#[6a]">&gt;&gt;</a>&nbsp;&nbsp;&nbsp;Delay
<LI><a href="#[6e]">&gt;&gt;</a>&nbsp;&nbsp;&nbsp;__2sprintf
<LI><a href="#[6c]">&gt;&gt;</a>&nbsp;&nbsp;&nbsp;__aeabi_memclr4
</UL>

<P><STRONG><a name="[76]"></a>img_DISPLAY</STRONG> (Thumb, 224 bytes, Stack size 624 bytes, main.o(.text))
<BR><BR>[Stack]<UL><LI>Max Depth = 1020<LI>Call Chain = img_DISPLAY &rArr; f_open &rArr; follow_path &rArr; dir_find &rArr; dir_next &rArr; create_chain &rArr; put_fat &rArr; move_window &rArr; disk_write &rArr; SD_WriteMultiBlocks &rArr; SD_LowLevel_DMA_TxConfig &rArr; DMA_DeInit
</UL>
<BR>[Calls]<UL><LI><a href="#[73]">&gt;&gt;</a>&nbsp;&nbsp;&nbsp;f_read
<LI><a href="#[6f]">&gt;&gt;</a>&nbsp;&nbsp;&nbsp;f_open
<LI><a href="#[6d]">&gt;&gt;</a>&nbsp;&nbsp;&nbsp;f_mount
<LI><a href="#[70]">&gt;&gt;</a>&nbsp;&nbsp;&nbsp;f_lseek
<LI><a href="#[75]">&gt;&gt;</a>&nbsp;&nbsp;&nbsp;f_close
<LI><a href="#[72]">&gt;&gt;</a>&nbsp;&nbsp;&nbsp;LCD_WriteRAM_Prepare
<LI><a href="#[74]">&gt;&gt;</a>&nbsp;&nbsp;&nbsp;LCD_WriteRAM
<LI><a href="#[71]">&gt;&gt;</a>&nbsp;&nbsp;&nbsp;LCD_SetCursor
<LI><a href="#[6a]">&gt;&gt;</a>&nbsp;&nbsp;&nbsp;Delay
<LI><a href="#[6e]">&gt;&gt;</a>&nbsp;&nbsp;&nbsp;__2sprintf
<LI><a href="#[77]">&gt;&gt;</a>&nbsp;&nbsp;&nbsp;__2printf
<LI><a href="#[6c]">&gt;&gt;</a>&nbsp;&nbsp;&nbsp;__aeabi_memclr4
</UL>
<BR>[Called By]<UL><LI><a href="#[5d]">&gt;&gt;</a>&nbsp;&nbsp;&nbsp;main
</UL>

<P><STRONG><a name="[78]"></a>num_DISPLAY</STRONG> (Thumb, 220 bytes, Stack size 616 bytes, main.o(.text))
<BR><BR>[Stack]<UL><LI>Max Depth = 1012<LI>Call Chain = num_DISPLAY &rArr; f_open &rArr; follow_path &rArr; dir_find &rArr; dir_next &rArr; create_chain &rArr; put_fat &rArr; move_window &rArr; disk_write &rArr; SD_WriteMultiBlocks &rArr; SD_LowLevel_DMA_TxConfig &rArr; DMA_DeInit
</UL>
<BR>[Calls]<UL><LI><a href="#[73]">&gt;&gt;</a>&nbsp;&nbsp;&nbsp;f_read
<LI><a href="#[6f]">&gt;&gt;</a>&nbsp;&nbsp;&nbsp;f_open
<LI><a href="#[6d]">&gt;&gt;</a>&nbsp;&nbsp;&nbsp;f_mount
<LI><a href="#[70]">&gt;&gt;</a>&nbsp;&nbsp;&nbsp;f_lseek
<LI><a href="#[75]">&gt;&gt;</a>&nbsp;&nbsp;&nbsp;f_close
<LI><a href="#[72]">&gt;&gt;</a>&nbsp;&nbsp;&nbsp;LCD_WriteRAM_Prepare
<LI><a href="#[74]">&gt;&gt;</a>&nbsp;&nbsp;&nbsp;LCD_WriteRAM
<LI><a href="#[71]">&gt;&gt;</a>&nbsp;&nbsp;&nbsp;LCD_SetCursor
<LI><a href="#[6a]">&gt;&gt;</a>&nbsp;&nbsp;&nbsp;Delay
<LI><a href="#[6e]">&gt;&gt;</a>&nbsp;&nbsp;&nbsp;__2sprintf
<LI><a href="#[77]">&gt;&gt;</a>&nbsp;&nbsp;&nbsp;__2printf
<LI><a href="#[6c]">&gt;&gt;</a>&nbsp;&nbsp;&nbsp;__aeabi_memclr4
</UL>
<BR>[Called By]<UL><LI><a href="#[7e]">&gt;&gt;</a>&nbsp;&nbsp;&nbsp;key_input_userdata
</UL>

<P><STRONG><a name="[79]"></a>num_CLEAR</STRONG> (Thumb, 190 bytes, Stack size 608 bytes, main.o(.text))
<BR><BR>[Stack]<UL><LI>Max Depth = 1004<LI>Call Chain = num_CLEAR &rArr; f_open &rArr; follow_path &rArr; dir_find &rArr; dir_next &rArr; create_chain &rArr; put_fat &rArr; move_window &rArr; disk_write &rArr; SD_WriteMultiBlocks &rArr; SD_LowLevel_DMA_TxConfig &rArr; DMA_DeInit
</UL>
<BR>[Calls]<UL><LI><a href="#[73]">&gt;&gt;</a>&nbsp;&nbsp;&nbsp;f_read
<LI><a href="#[6f]">&gt;&gt;</a>&nbsp;&nbsp;&nbsp;f_open
<LI><a href="#[6d]">&gt;&gt;</a>&nbsp;&nbsp;&nbsp;f_mount
<LI><a href="#[70]">&gt;&gt;</a>&nbsp;&nbsp;&nbsp;f_lseek
<LI><a href="#[75]">&gt;&gt;</a>&nbsp;&nbsp;&nbsp;f_close
<LI><a href="#[72]">&gt;&gt;</a>&nbsp;&nbsp;&nbsp;LCD_WriteRAM_Prepare
<LI><a href="#[74]">&gt;&gt;</a>&nbsp;&nbsp;&nbsp;LCD_WriteRAM
<LI><a href="#[71]">&gt;&gt;</a>&nbsp;&nbsp;&nbsp;LCD_SetCursor
<LI><a href="#[6a]">&gt;&gt;</a>&nbsp;&nbsp;&nbsp;Delay
<LI><a href="#[6e]">&gt;&gt;</a>&nbsp;&nbsp;&nbsp;__2sprintf
<LI><a href="#[77]">&gt;&gt;</a>&nbsp;&nbsp;&nbsp;__2printf
<LI><a href="#[6c]">&gt;&gt;</a>&nbsp;&nbsp;&nbsp;__aeabi_memclr4
</UL>
<BR>[Called By]<UL><LI><a href="#[7e]">&gt;&gt;</a>&nbsp;&nbsp;&nbsp;key_input_userdata
</UL>

<P><STRONG><a name="[7a]"></a>sendToServer</STRONG> (Thumb, 372 bytes, Stack size 600 bytes, main.o(.text), UNUSED)
<BR><BR>[Calls]<UL><LI><a href="#[73]">&gt;&gt;</a>&nbsp;&nbsp;&nbsp;f_read
<LI><a href="#[6f]">&gt;&gt;</a>&nbsp;&nbsp;&nbsp;f_open
<LI><a href="#[6d]">&gt;&gt;</a>&nbsp;&nbsp;&nbsp;f_mount
<LI><a href="#[70]">&gt;&gt;</a>&nbsp;&nbsp;&nbsp;f_lseek
<LI><a href="#[75]">&gt;&gt;</a>&nbsp;&nbsp;&nbsp;f_close
<LI><a href="#[7b]">&gt;&gt;</a>&nbsp;&nbsp;&nbsp;SN8200_HAL_SendData
<LI><a href="#[6a]">&gt;&gt;</a>&nbsp;&nbsp;&nbsp;Delay
<LI><a href="#[6e]">&gt;&gt;</a>&nbsp;&nbsp;&nbsp;__2sprintf
<LI><a href="#[6c]">&gt;&gt;</a>&nbsp;&nbsp;&nbsp;__aeabi_memclr4
</UL>

<P><STRONG><a name="[7d]"></a>Key_Pad_Check</STRONG> (Thumb, 132 bytes, Stack size 0 bytes, main.o(.text))
<BR><BR>[Called By]<UL><LI><a href="#[7e]">&gt;&gt;</a>&nbsp;&nbsp;&nbsp;key_input_userdata
<LI><a href="#[7c]">&gt;&gt;</a>&nbsp;&nbsp;&nbsp;key_input_menu
</UL>

<P><STRONG><a name="[7c]"></a>key_input_menu</STRONG> (Thumb, 80 bytes, Stack size 12 bytes, main.o(.text))
<BR><BR>[Stack]<UL><LI>Max Depth = 12<LI>Call Chain = key_input_menu
</UL>
<BR>[Calls]<UL><LI><a href="#[7d]">&gt;&gt;</a>&nbsp;&nbsp;&nbsp;Key_Pad_Check
</UL>
<BR>[Called By]<UL><LI><a href="#[5d]">&gt;&gt;</a>&nbsp;&nbsp;&nbsp;main
</UL>

<P><STRONG><a name="[7e]"></a>key_input_userdata</STRONG> (Thumb, 636 bytes, Stack size 32 bytes, main.o(.text))
<BR><BR>[Stack]<UL><LI>Max Depth = 1424<LI>Call Chain = key_input_userdata &rArr; check_status &rArr; test_rx &rArr; fillNSendHttpReq &rArr; serial_transmit &rArr; no_ESC_transmit &rArr; escape_payload_and_transmit_no_ESC &rArr; dummy_tx &rArr; SN8200_HAL_SendData
</UL>
<BR>[Calls]<UL><LI><a href="#[7d]">&gt;&gt;</a>&nbsp;&nbsp;&nbsp;Key_Pad_Check
<LI><a href="#[79]">&gt;&gt;</a>&nbsp;&nbsp;&nbsp;num_CLEAR
<LI><a href="#[78]">&gt;&gt;</a>&nbsp;&nbsp;&nbsp;num_DISPLAY
<LI><a href="#[68]">&gt;&gt;</a>&nbsp;&nbsp;&nbsp;check_status
<LI><a href="#[77]">&gt;&gt;</a>&nbsp;&nbsp;&nbsp;__2printf
</UL>
<BR>[Called By]<UL><LI><a href="#[5d]">&gt;&gt;</a>&nbsp;&nbsp;&nbsp;main
</UL>

<P><STRONG><a name="[7f]"></a>DCMI_Config</STRONG> (Thumb, 596 bytes, Stack size 120 bytes, main.o(.text))
<BR><BR>[Stack]<UL><LI>Max Depth = 148<LI>Call Chain = DCMI_Config &rArr; DMA_DeInit
</UL>
<BR>[Calls]<UL><LI><a href="#[81]">&gt;&gt;</a>&nbsp;&nbsp;&nbsp;RCC_AHB2PeriphClockCmd
<LI><a href="#[80]">&gt;&gt;</a>&nbsp;&nbsp;&nbsp;RCC_AHB1PeriphClockCmd
<LI><a href="#[82]">&gt;&gt;</a>&nbsp;&nbsp;&nbsp;GPIO_PinAFConfig
<LI><a href="#[83]">&gt;&gt;</a>&nbsp;&nbsp;&nbsp;GPIO_Init
<LI><a href="#[86]">&gt;&gt;</a>&nbsp;&nbsp;&nbsp;DMA_Init
<LI><a href="#[85]">&gt;&gt;</a>&nbsp;&nbsp;&nbsp;DMA_DeInit
<LI><a href="#[84]">&gt;&gt;</a>&nbsp;&nbsp;&nbsp;DCMI_Init
</UL>
<BR>[Called By]<UL><LI><a href="#[8c]">&gt;&gt;</a>&nbsp;&nbsp;&nbsp;DCMI_OV9655Config
</UL>

<P><STRONG><a name="[87]"></a>I2C1_Config</STRONG> (Thumb, 142 bytes, Stack size 40 bytes, main.o(.text))
<BR><BR>[Stack]<UL><LI>Max Depth = 88<LI>Call Chain = I2C1_Config &rArr; I2C_Init &rArr; RCC_GetClocksFreq
</UL>
<BR>[Calls]<UL><LI><a href="#[88]">&gt;&gt;</a>&nbsp;&nbsp;&nbsp;RCC_APB1PeriphClockCmd
<LI><a href="#[80]">&gt;&gt;</a>&nbsp;&nbsp;&nbsp;RCC_AHB1PeriphClockCmd
<LI><a href="#[8b]">&gt;&gt;</a>&nbsp;&nbsp;&nbsp;I2C_Init
<LI><a href="#[89]">&gt;&gt;</a>&nbsp;&nbsp;&nbsp;I2C_DeInit
<LI><a href="#[8a]">&gt;&gt;</a>&nbsp;&nbsp;&nbsp;I2C_Cmd
<LI><a href="#[82]">&gt;&gt;</a>&nbsp;&nbsp;&nbsp;GPIO_PinAFConfig
<LI><a href="#[83]">&gt;&gt;</a>&nbsp;&nbsp;&nbsp;GPIO_Init
</UL>
<BR>[Called By]<UL><LI><a href="#[8c]">&gt;&gt;</a>&nbsp;&nbsp;&nbsp;DCMI_OV9655Config
</UL>

<P><STRONG><a name="[8c]"></a>DCMI_OV9655Config</STRONG> (Thumb, 64 bytes, Stack size 8 bytes, main.o(.text))
<BR><BR>[Stack]<UL><LI>Max Depth = 156<LI>Call Chain = DCMI_OV9655Config &rArr; DCMI_Config &rArr; DMA_DeInit
</UL>
<BR>[Calls]<UL><LI><a href="#[8d]">&gt;&gt;</a>&nbsp;&nbsp;&nbsp;DCMI_SingleRandomWrite
<LI><a href="#[8e]">&gt;&gt;</a>&nbsp;&nbsp;&nbsp;DCMI_OV9655_QVGASizeSetup
<LI><a href="#[87]">&gt;&gt;</a>&nbsp;&nbsp;&nbsp;I2C1_Config
<LI><a href="#[7f]">&gt;&gt;</a>&nbsp;&nbsp;&nbsp;DCMI_Config
</UL>
<BR>[Called By]<UL><LI><a href="#[5d]">&gt;&gt;</a>&nbsp;&nbsp;&nbsp;main
</UL>

<P><STRONG><a name="[8f]"></a>Key_Pad_Config</STRONG> (Thumb, 126 bytes, Stack size 24 bytes, main.o(.text))
<BR><BR>[Stack]<UL><LI>Max Depth = 48<LI>Call Chain = Key_Pad_Config &rArr; GPIO_Init
</UL>
<BR>[Calls]<UL><LI><a href="#[80]">&gt;&gt;</a>&nbsp;&nbsp;&nbsp;RCC_AHB1PeriphClockCmd
<LI><a href="#[83]">&gt;&gt;</a>&nbsp;&nbsp;&nbsp;GPIO_Init
</UL>
<BR>[Called By]<UL><LI><a href="#[5d]">&gt;&gt;</a>&nbsp;&nbsp;&nbsp;main
</UL>

<P><STRONG><a name="[5d]"></a>main</STRONG> (Thumb, 1256 bytes, Stack size 40 bytes, main.o(.text))
<BR><BR>[Stack]<UL><LI>Max Depth = 2504<LI>Call Chain = main &rArr; wifi_main &rArr; WifiJoin &rArr; ProcessSN8200Input &rArr; rx_thread_proc &rArr; process_rx_frame &rArr; sci_ser_cmd_proc &rArr; handleRxSNIC &rArr; sendFromSock &rArr;  ProcessSN8200Input (Cycle)
</UL>
<BR>[Calls]<UL><LI><a href="#[99]">&gt;&gt;</a>&nbsp;&nbsp;&nbsp;wifi_main
<LI><a href="#[a0]">&gt;&gt;</a>&nbsp;&nbsp;&nbsp;test_domain
<LI><a href="#[9b]">&gt;&gt;</a>&nbsp;&nbsp;&nbsp;test_change
<LI><a href="#[98]">&gt;&gt;</a>&nbsp;&nbsp;&nbsp;init_picture_count
<LI><a href="#[6d]">&gt;&gt;</a>&nbsp;&nbsp;&nbsp;f_mount
<LI><a href="#[92]">&gt;&gt;</a>&nbsp;&nbsp;&nbsp;STM32f4_Discovery_LCD_Init
<LI><a href="#[90]">&gt;&gt;</a>&nbsp;&nbsp;&nbsp;RCC_GetClocksFreq
<LI><a href="#[72]">&gt;&gt;</a>&nbsp;&nbsp;&nbsp;LCD_WriteRAM_Prepare
<LI><a href="#[94]">&gt;&gt;</a>&nbsp;&nbsp;&nbsp;LCD_SetTextColor
<LI><a href="#[96]">&gt;&gt;</a>&nbsp;&nbsp;&nbsp;LCD_GetFont
<LI><a href="#[97]">&gt;&gt;</a>&nbsp;&nbsp;&nbsp;LCD_DisplayStringLine
<LI><a href="#[93]">&gt;&gt;</a>&nbsp;&nbsp;&nbsp;LCD_Clear
<LI><a href="#[9c]">&gt;&gt;</a>&nbsp;&nbsp;&nbsp;DMA_Cmd
<LI><a href="#[95]">&gt;&gt;</a>&nbsp;&nbsp;&nbsp;DCMI_Control_IO_Init
<LI><a href="#[9d]">&gt;&gt;</a>&nbsp;&nbsp;&nbsp;DCMI_Cmd
<LI><a href="#[9e]">&gt;&gt;</a>&nbsp;&nbsp;&nbsp;DCMI_CaptureCmd
<LI><a href="#[91]">&gt;&gt;</a>&nbsp;&nbsp;&nbsp;DBGU_Init
<LI><a href="#[9f]">&gt;&gt;</a>&nbsp;&nbsp;&nbsp;Capture_Image_TO_Bmp
<LI><a href="#[8f]">&gt;&gt;</a>&nbsp;&nbsp;&nbsp;Key_Pad_Config
<LI><a href="#[8c]">&gt;&gt;</a>&nbsp;&nbsp;&nbsp;DCMI_OV9655Config
<LI><a href="#[7e]">&gt;&gt;</a>&nbsp;&nbsp;&nbsp;key_input_userdata
<LI><a href="#[7c]">&gt;&gt;</a>&nbsp;&nbsp;&nbsp;key_input_menu
<LI><a href="#[76]">&gt;&gt;</a>&nbsp;&nbsp;&nbsp;img_DISPLAY
<LI><a href="#[6a]">&gt;&gt;</a>&nbsp;&nbsp;&nbsp;Delay
<LI><a href="#[77]">&gt;&gt;</a>&nbsp;&nbsp;&nbsp;__2printf
<LI><a href="#[9a]">&gt;&gt;</a>&nbsp;&nbsp;&nbsp;strcpy
</UL>
<BR>[Address Reference Count : 1]<UL><LI> entry8.o(.ARM.Collect$$$$00000009)
</UL>
<P><STRONG><a name="[a1]"></a>LIS302DL_Reset</STRONG> (Thumb, 80 bytes, Stack size 24 bytes, main.o(.text), UNUSED)
<BR><BR>[Calls]<UL><LI><a href="#[a4]">&gt;&gt;</a>&nbsp;&nbsp;&nbsp;LIS302DL_Write
<LI><a href="#[a3]">&gt;&gt;</a>&nbsp;&nbsp;&nbsp;LIS302DL_InterruptConfig
<LI><a href="#[a2]">&gt;&gt;</a>&nbsp;&nbsp;&nbsp;LIS302DL_Init
<LI><a href="#[6a]">&gt;&gt;</a>&nbsp;&nbsp;&nbsp;Delay
</UL>

<P><STRONG><a name="[a5]"></a>LIS302DL_TIMEOUT_UserCallback</STRONG> (Thumb, 2 bytes, Stack size 0 bytes, main.o(.text), UNUSED)
<BR><BR>[Calls]<UL><LI><a href="#[a5]">&gt;&gt;</a>&nbsp;&nbsp;&nbsp;LIS302DL_TIMEOUT_UserCallback
</UL>
<BR>[Called By]<UL><LI><a href="#[157]">&gt;&gt;</a>&nbsp;&nbsp;&nbsp;LIS302DL_SendByte
<LI><a href="#[a5]">&gt;&gt;</a>&nbsp;&nbsp;&nbsp;LIS302DL_TIMEOUT_UserCallback
</UL>

<P><STRONG><a name="[a6]"></a>EXTILine0_Config</STRONG> (Thumb, 92 bytes, Stack size 24 bytes, main.o(.text), UNUSED)
<BR><BR>[Calls]<UL><LI><a href="#[a8]">&gt;&gt;</a>&nbsp;&nbsp;&nbsp;SYSCFG_EXTILineConfig
<LI><a href="#[a7]">&gt;&gt;</a>&nbsp;&nbsp;&nbsp;RCC_APB2PeriphClockCmd
<LI><a href="#[80]">&gt;&gt;</a>&nbsp;&nbsp;&nbsp;RCC_AHB1PeriphClockCmd
<LI><a href="#[aa]">&gt;&gt;</a>&nbsp;&nbsp;&nbsp;NVIC_Init
<LI><a href="#[83]">&gt;&gt;</a>&nbsp;&nbsp;&nbsp;GPIO_Init
<LI><a href="#[a9]">&gt;&gt;</a>&nbsp;&nbsp;&nbsp;EXTI_Init
</UL>

<P><STRONG><a name="[ab]"></a>TimingDelay_Decrement</STRONG> (Thumb, 18 bytes, Stack size 0 bytes, main.o(.text))
<BR><BR>[Called By]<UL><LI><a href="#[a]">&gt;&gt;</a>&nbsp;&nbsp;&nbsp;SysTick_Handler
</UL>

<P><STRONG><a name="[2]"></a>NMI_Handler</STRONG> (Thumb, 2 bytes, Stack size 0 bytes, stm32f4xx_it.o(.text))
<BR>[Address Reference Count : 1]<UL><LI> startup_stm32f4xx.o(RESET)
</UL>
<P><STRONG><a name="[3]"></a>HardFault_Handler</STRONG> (Thumb, 2 bytes, Stack size 0 bytes, stm32f4xx_it.o(.text))
<BR><BR>[Calls]<UL><LI><a href="#[3]">&gt;&gt;</a>&nbsp;&nbsp;&nbsp;HardFault_Handler
</UL>
<BR>[Called By]<UL><LI><a href="#[3]">&gt;&gt;</a>&nbsp;&nbsp;&nbsp;HardFault_Handler
</UL>
<BR>[Address Reference Count : 1]<UL><LI> startup_stm32f4xx.o(RESET)
</UL>
<P><STRONG><a name="[4]"></a>MemManage_Handler</STRONG> (Thumb, 2 bytes, Stack size 0 bytes, stm32f4xx_it.o(.text))
<BR><BR>[Calls]<UL><LI><a href="#[4]">&gt;&gt;</a>&nbsp;&nbsp;&nbsp;MemManage_Handler
</UL>
<BR>[Called By]<UL><LI><a href="#[4]">&gt;&gt;</a>&nbsp;&nbsp;&nbsp;MemManage_Handler
</UL>
<BR>[Address Reference Count : 1]<UL><LI> startup_stm32f4xx.o(RESET)
</UL>
<P><STRONG><a name="[5]"></a>BusFault_Handler</STRONG> (Thumb, 2 bytes, Stack size 0 bytes, stm32f4xx_it.o(.text))
<BR><BR>[Calls]<UL><LI><a href="#[5]">&gt;&gt;</a>&nbsp;&nbsp;&nbsp;BusFault_Handler
</UL>
<BR>[Called By]<UL><LI><a href="#[5]">&gt;&gt;</a>&nbsp;&nbsp;&nbsp;BusFault_Handler
</UL>
<BR>[Address Reference Count : 1]<UL><LI> startup_stm32f4xx.o(RESET)
</UL>
<P><STRONG><a name="[6]"></a>UsageFault_Handler</STRONG> (Thumb, 2 bytes, Stack size 0 bytes, stm32f4xx_it.o(.text))
<BR><BR>[Calls]<UL><LI><a href="#[6]">&gt;&gt;</a>&nbsp;&nbsp;&nbsp;UsageFault_Handler
</UL>
<BR>[Called By]<UL><LI><a href="#[6]">&gt;&gt;</a>&nbsp;&nbsp;&nbsp;UsageFault_Handler
</UL>
<BR>[Address Reference Count : 1]<UL><LI> startup_stm32f4xx.o(RESET)
</UL>
<P><STRONG><a name="[7]"></a>SVC_Handler</STRONG> (Thumb, 2 bytes, Stack size 0 bytes, stm32f4xx_it.o(.text))
<BR>[Address Reference Count : 1]<UL><LI> startup_stm32f4xx.o(RESET)
</UL>
<P><STRONG><a name="[8]"></a>DebugMon_Handler</STRONG> (Thumb, 2 bytes, Stack size 0 bytes, stm32f4xx_it.o(.text))
<BR>[Address Reference Count : 1]<UL><LI> startup_stm32f4xx.o(RESET)
</UL>
<P><STRONG><a name="[9]"></a>PendSV_Handler</STRONG> (Thumb, 2 bytes, Stack size 0 bytes, stm32f4xx_it.o(.text))
<BR>[Address Reference Count : 1]<UL><LI> startup_stm32f4xx.o(RESET)
</UL>
<P><STRONG><a name="[a]"></a>SysTick_Handler</STRONG> (Thumb, 4 bytes, Stack size 0 bytes, stm32f4xx_it.o(.text))
<BR><BR>[Calls]<UL><LI><a href="#[ab]">&gt;&gt;</a>&nbsp;&nbsp;&nbsp;TimingDelay_Decrement
</UL>
<BR>[Address Reference Count : 1]<UL><LI> startup_stm32f4xx.o(RESET)
</UL>
<P><STRONG><a name="[3c]"></a>SDIO_IRQHandler</STRONG> (Thumb, 4 bytes, Stack size 0 bytes, stm32f4xx_it.o(.text))
<BR><BR>[Stack]<UL><LI>Max Depth = 16<LI>Call Chain = SDIO_IRQHandler &rArr; SD_ProcessIRQSrc
</UL>
<BR>[Calls]<UL><LI><a href="#[ac]">&gt;&gt;</a>&nbsp;&nbsp;&nbsp;SD_ProcessIRQSrc
</UL>
<BR>[Address Reference Count : 1]<UL><LI> startup_stm32f4xx.o(RESET)
</UL>
<P><STRONG><a name="[46]"></a>DMA2_Stream3_IRQHandler</STRONG> (Thumb, 4 bytes, Stack size 0 bytes, stm32f4xx_it.o(.text))
<BR><BR>[Calls]<UL><LI><a href="#[ad]">&gt;&gt;</a>&nbsp;&nbsp;&nbsp;SD_ProcessDMAIRQ
</UL>
<BR>[Address Reference Count : 1]<UL><LI> startup_stm32f4xx.o(RESET)
</UL>
<P><STRONG><a name="[11]"></a>EXTI0_IRQHandler</STRONG> (Thumb, 26 bytes, Stack size 8 bytes, stm32f4xx_it.o(.text))
<BR><BR>[Stack]<UL><LI>Max Depth = 8<LI>Call Chain = EXTI0_IRQHandler
</UL>
<BR>[Calls]<UL><LI><a href="#[ae]">&gt;&gt;</a>&nbsp;&nbsp;&nbsp;EXTI_GetITStatus
<LI><a href="#[af]">&gt;&gt;</a>&nbsp;&nbsp;&nbsp;EXTI_ClearITPendingBit
</UL>
<BR>[Address Reference Count : 1]<UL><LI> startup_stm32f4xx.o(RESET)
</UL>
<P><STRONG><a name="[5e]"></a>SystemInit</STRONG> (Thumb, 74 bytes, Stack size 8 bytes, system_stm32f4xx.o(.text))
<BR><BR>[Stack]<UL><LI>Max Depth = 8<LI>Call Chain = SystemInit
</UL>
<BR>[Calls]<UL><LI><a href="#[b0]">&gt;&gt;</a>&nbsp;&nbsp;&nbsp;SetSysClock
</UL>
<BR>[Address Reference Count : 1]<UL><LI> startup_stm32f4xx.o(.text)
</UL>
<P><STRONG><a name="[1c9]"></a>SystemCoreClockUpdate</STRONG> (Thumb, 122 bytes, Stack size 16 bytes, system_stm32f4xx.o(.text), UNUSED)

<P><STRONG><a name="[b1]"></a>set_pic_count</STRONG> (Thumb, 98 bytes, Stack size 560 bytes, bmp.o(.text))
<BR><BR>[Stack]<UL><LI>Max Depth = 956<LI>Call Chain = set_pic_count &rArr; f_open &rArr; follow_path &rArr; dir_find &rArr; dir_next &rArr; create_chain &rArr; put_fat &rArr; move_window &rArr; disk_write &rArr; SD_WriteMultiBlocks &rArr; SD_LowLevel_DMA_TxConfig &rArr; DMA_DeInit
</UL>
<BR>[Calls]<UL><LI><a href="#[b2]">&gt;&gt;</a>&nbsp;&nbsp;&nbsp;f_write
<LI><a href="#[6f]">&gt;&gt;</a>&nbsp;&nbsp;&nbsp;f_open
<LI><a href="#[6d]">&gt;&gt;</a>&nbsp;&nbsp;&nbsp;f_mount
<LI><a href="#[75]">&gt;&gt;</a>&nbsp;&nbsp;&nbsp;f_close
<LI><a href="#[6a]">&gt;&gt;</a>&nbsp;&nbsp;&nbsp;Delay
</UL>
<BR>[Called By]<UL><LI><a href="#[9f]">&gt;&gt;</a>&nbsp;&nbsp;&nbsp;Capture_Image_TO_Bmp
</UL>

<P><STRONG><a name="[9f]"></a>Capture_Image_TO_Bmp</STRONG> (Thumb, 198 bytes, Stack size 616 bytes, bmp.o(.text))
<BR><BR>[Stack]<UL><LI>Max Depth = 1572<LI>Call Chain = Capture_Image_TO_Bmp &rArr; set_pic_count &rArr; f_open &rArr; follow_path &rArr; dir_find &rArr; dir_next &rArr; create_chain &rArr; put_fat &rArr; move_window &rArr; disk_write &rArr; SD_WriteMultiBlocks &rArr; SD_LowLevel_DMA_TxConfig &rArr; DMA_DeInit
</UL>
<BR>[Calls]<UL><LI><a href="#[b2]">&gt;&gt;</a>&nbsp;&nbsp;&nbsp;f_write
<LI><a href="#[b3]">&gt;&gt;</a>&nbsp;&nbsp;&nbsp;LCD_ReadRAM
<LI><a href="#[b1]">&gt;&gt;</a>&nbsp;&nbsp;&nbsp;set_pic_count
<LI><a href="#[6f]">&gt;&gt;</a>&nbsp;&nbsp;&nbsp;f_open
<LI><a href="#[6d]">&gt;&gt;</a>&nbsp;&nbsp;&nbsp;f_mount
<LI><a href="#[75]">&gt;&gt;</a>&nbsp;&nbsp;&nbsp;f_close
<LI><a href="#[72]">&gt;&gt;</a>&nbsp;&nbsp;&nbsp;LCD_WriteRAM_Prepare
<LI><a href="#[71]">&gt;&gt;</a>&nbsp;&nbsp;&nbsp;LCD_SetCursor
<LI><a href="#[6a]">&gt;&gt;</a>&nbsp;&nbsp;&nbsp;Delay
<LI><a href="#[6e]">&gt;&gt;</a>&nbsp;&nbsp;&nbsp;__2sprintf
<LI><a href="#[6c]">&gt;&gt;</a>&nbsp;&nbsp;&nbsp;__aeabi_memclr4
</UL>
<BR>[Called By]<UL><LI><a href="#[5d]">&gt;&gt;</a>&nbsp;&nbsp;&nbsp;main
</UL>

<P><STRONG><a name="[b4]"></a>get_pic_count</STRONG> (Thumb, 150 bytes, Stack size 568 bytes, bmp.o(.text))
<BR><BR>[Stack]<UL><LI>Max Depth = 964<LI>Call Chain = get_pic_count &rArr; f_open &rArr; follow_path &rArr; dir_find &rArr; dir_next &rArr; create_chain &rArr; put_fat &rArr; move_window &rArr; disk_write &rArr; SD_WriteMultiBlocks &rArr; SD_LowLevel_DMA_TxConfig &rArr; DMA_DeInit
</UL>
<BR>[Calls]<UL><LI><a href="#[b2]">&gt;&gt;</a>&nbsp;&nbsp;&nbsp;f_write
<LI><a href="#[73]">&gt;&gt;</a>&nbsp;&nbsp;&nbsp;f_read
<LI><a href="#[6f]">&gt;&gt;</a>&nbsp;&nbsp;&nbsp;f_open
<LI><a href="#[6d]">&gt;&gt;</a>&nbsp;&nbsp;&nbsp;f_mount
<LI><a href="#[75]">&gt;&gt;</a>&nbsp;&nbsp;&nbsp;f_close
<LI><a href="#[6a]">&gt;&gt;</a>&nbsp;&nbsp;&nbsp;Delay
</UL>
<BR>[Called By]<UL><LI><a href="#[98]">&gt;&gt;</a>&nbsp;&nbsp;&nbsp;init_picture_count
</UL>

<P><STRONG><a name="[98]"></a>init_picture_count</STRONG> (Thumb, 12 bytes, Stack size 8 bytes, bmp.o(.text))
<BR><BR>[Stack]<UL><LI>Max Depth = 972<LI>Call Chain = init_picture_count &rArr; get_pic_count &rArr; f_open &rArr; follow_path &rArr; dir_find &rArr; dir_next &rArr; create_chain &rArr; put_fat &rArr; move_window &rArr; disk_write &rArr; SD_WriteMultiBlocks &rArr; SD_LowLevel_DMA_TxConfig &rArr; DMA_DeInit
</UL>
<BR>[Calls]<UL><LI><a href="#[b4]">&gt;&gt;</a>&nbsp;&nbsp;&nbsp;get_pic_count
</UL>
<BR>[Called By]<UL><LI><a href="#[5d]">&gt;&gt;</a>&nbsp;&nbsp;&nbsp;main
</UL>

<P><STRONG><a name="[95]"></a>DCMI_Control_IO_Init</STRONG> (Thumb, 110 bytes, Stack size 32 bytes, dcmi_ov9655.o(.text))
<BR><BR>[Stack]<UL><LI>Max Depth = 56<LI>Call Chain = DCMI_Control_IO_Init &rArr; GPIO_Init
</UL>
<BR>[Calls]<UL><LI><a href="#[b6]">&gt;&gt;</a>&nbsp;&nbsp;&nbsp;GPIO_SetBits
<LI><a href="#[b5]">&gt;&gt;</a>&nbsp;&nbsp;&nbsp;GPIO_ResetBits
<LI><a href="#[80]">&gt;&gt;</a>&nbsp;&nbsp;&nbsp;RCC_AHB1PeriphClockCmd
<LI><a href="#[83]">&gt;&gt;</a>&nbsp;&nbsp;&nbsp;GPIO_Init
<LI><a href="#[6a]">&gt;&gt;</a>&nbsp;&nbsp;&nbsp;Delay
</UL>
<BR>[Called By]<UL><LI><a href="#[5d]">&gt;&gt;</a>&nbsp;&nbsp;&nbsp;main
</UL>

<P><STRONG><a name="[8d]"></a>DCMI_SingleRandomWrite</STRONG> (Thumb, 174 bytes, Stack size 32 bytes, dcmi_ov9655.o(.text))
<BR><BR>[Stack]<UL><LI>Max Depth = 32<LI>Call Chain = DCMI_SingleRandomWrite
</UL>
<BR>[Calls]<UL><LI><a href="#[ba]">&gt;&gt;</a>&nbsp;&nbsp;&nbsp;I2C_SendData
<LI><a href="#[b9]">&gt;&gt;</a>&nbsp;&nbsp;&nbsp;I2C_Send7bitAddress
<LI><a href="#[bb]">&gt;&gt;</a>&nbsp;&nbsp;&nbsp;I2C_GenerateSTOP
<LI><a href="#[b7]">&gt;&gt;</a>&nbsp;&nbsp;&nbsp;I2C_GenerateSTART
<LI><a href="#[b8]">&gt;&gt;</a>&nbsp;&nbsp;&nbsp;I2C_CheckEvent
</UL>
<BR>[Called By]<UL><LI><a href="#[c7]">&gt;&gt;</a>&nbsp;&nbsp;&nbsp;DCMI_OV9655_SelectRGBOption
<LI><a href="#[c6]">&gt;&gt;</a>&nbsp;&nbsp;&nbsp;DCMI_OV9655_HREFControl
<LI><a href="#[c5]">&gt;&gt;</a>&nbsp;&nbsp;&nbsp;DCMI_OV9655_SetRegister
<LI><a href="#[c4]">&gt;&gt;</a>&nbsp;&nbsp;&nbsp;DCMI_OV9655_SelectFormatResolution
<LI><a href="#[c3]">&gt;&gt;</a>&nbsp;&nbsp;&nbsp;DCMI_OV9655_SelectOutputFormat
<LI><a href="#[c2]">&gt;&gt;</a>&nbsp;&nbsp;&nbsp;DCMI_OV9655_SetPrescaler
<LI><a href="#[bd]">&gt;&gt;</a>&nbsp;&nbsp;&nbsp;DCMI_OV9655_QQVGASizeSetup
<LI><a href="#[bc]">&gt;&gt;</a>&nbsp;&nbsp;&nbsp;DCMI_OV9655_Reset
<LI><a href="#[8e]">&gt;&gt;</a>&nbsp;&nbsp;&nbsp;DCMI_OV9655_QVGASizeSetup
<LI><a href="#[8c]">&gt;&gt;</a>&nbsp;&nbsp;&nbsp;DCMI_OV9655Config
</UL>

<P><STRONG><a name="[bc]"></a>DCMI_OV9655_Reset</STRONG> (Thumb, 8 bytes, Stack size 0 bytes, dcmi_ov9655.o(.text), UNUSED)
<BR><BR>[Calls]<UL><LI><a href="#[8d]">&gt;&gt;</a>&nbsp;&nbsp;&nbsp;DCMI_SingleRandomWrite
</UL>

<P><STRONG><a name="[8e]"></a>DCMI_OV9655_QVGASizeSetup</STRONG> (Thumb, 2410 bytes, Stack size 8 bytes, dcmi_ov9655.o(.text))
<BR><BR>[Stack]<UL><LI>Max Depth = 40<LI>Call Chain = DCMI_OV9655_QVGASizeSetup &rArr; DCMI_SingleRandomWrite
</UL>
<BR>[Calls]<UL><LI><a href="#[8d]">&gt;&gt;</a>&nbsp;&nbsp;&nbsp;DCMI_SingleRandomWrite
<LI><a href="#[6a]">&gt;&gt;</a>&nbsp;&nbsp;&nbsp;Delay
</UL>
<BR>[Called By]<UL><LI><a href="#[8c]">&gt;&gt;</a>&nbsp;&nbsp;&nbsp;DCMI_OV9655Config
</UL>

<P><STRONG><a name="[bd]"></a>DCMI_OV9655_QQVGASizeSetup</STRONG> (Thumb, 2380 bytes, Stack size 8 bytes, dcmi_ov9655.o(.text), UNUSED)
<BR><BR>[Calls]<UL><LI><a href="#[8d]">&gt;&gt;</a>&nbsp;&nbsp;&nbsp;DCMI_SingleRandomWrite
<LI><a href="#[6a]">&gt;&gt;</a>&nbsp;&nbsp;&nbsp;Delay
</UL>

<P><STRONG><a name="[be]"></a>DCMI_SingleRandomRead</STRONG> (Thumb, 266 bytes, Stack size 32 bytes, dcmi_ov9655.o(.text), UNUSED)
<BR><BR>[Calls]<UL><LI><a href="#[ba]">&gt;&gt;</a>&nbsp;&nbsp;&nbsp;I2C_SendData
<LI><a href="#[b9]">&gt;&gt;</a>&nbsp;&nbsp;&nbsp;I2C_Send7bitAddress
<LI><a href="#[c0]">&gt;&gt;</a>&nbsp;&nbsp;&nbsp;I2C_ReceiveData
<LI><a href="#[bb]">&gt;&gt;</a>&nbsp;&nbsp;&nbsp;I2C_GenerateSTOP
<LI><a href="#[b7]">&gt;&gt;</a>&nbsp;&nbsp;&nbsp;I2C_GenerateSTART
<LI><a href="#[b8]">&gt;&gt;</a>&nbsp;&nbsp;&nbsp;I2C_CheckEvent
<LI><a href="#[bf]">&gt;&gt;</a>&nbsp;&nbsp;&nbsp;I2C_AcknowledgeConfig
</UL>
<BR>[Called By]<UL><LI><a href="#[c1]">&gt;&gt;</a>&nbsp;&nbsp;&nbsp;DCMI_OV9655_ReadID
</UL>

<P><STRONG><a name="[c1]"></a>DCMI_OV9655_ReadID</STRONG> (Thumb, 46 bytes, Stack size 8 bytes, dcmi_ov9655.o(.text), UNUSED)
<BR><BR>[Calls]<UL><LI><a href="#[be]">&gt;&gt;</a>&nbsp;&nbsp;&nbsp;DCMI_SingleRandomRead
</UL>

<P><STRONG><a name="[c2]"></a>DCMI_OV9655_SetPrescaler</STRONG> (Thumb, 10 bytes, Stack size 0 bytes, dcmi_ov9655.o(.text), UNUSED)
<BR><BR>[Calls]<UL><LI><a href="#[8d]">&gt;&gt;</a>&nbsp;&nbsp;&nbsp;DCMI_SingleRandomWrite
</UL>

<P><STRONG><a name="[c3]"></a>DCMI_OV9655_SelectOutputFormat</STRONG> (Thumb, 10 bytes, Stack size 0 bytes, dcmi_ov9655.o(.text), UNUSED)
<BR><BR>[Calls]<UL><LI><a href="#[8d]">&gt;&gt;</a>&nbsp;&nbsp;&nbsp;DCMI_SingleRandomWrite
</UL>

<P><STRONG><a name="[c4]"></a>DCMI_OV9655_SelectFormatResolution</STRONG> (Thumb, 10 bytes, Stack size 0 bytes, dcmi_ov9655.o(.text), UNUSED)
<BR><BR>[Calls]<UL><LI><a href="#[8d]">&gt;&gt;</a>&nbsp;&nbsp;&nbsp;DCMI_SingleRandomWrite
</UL>

<P><STRONG><a name="[c5]"></a>DCMI_OV9655_SetRegister</STRONG> (Thumb, 10 bytes, Stack size 0 bytes, dcmi_ov9655.o(.text), UNUSED)
<BR><BR>[Calls]<UL><LI><a href="#[8d]">&gt;&gt;</a>&nbsp;&nbsp;&nbsp;DCMI_SingleRandomWrite
</UL>

<P><STRONG><a name="[c6]"></a>DCMI_OV9655_HREFControl</STRONG> (Thumb, 10 bytes, Stack size 0 bytes, dcmi_ov9655.o(.text), UNUSED)
<BR><BR>[Calls]<UL><LI><a href="#[8d]">&gt;&gt;</a>&nbsp;&nbsp;&nbsp;DCMI_SingleRandomWrite
</UL>

<P><STRONG><a name="[c7]"></a>DCMI_OV9655_SelectRGBOption</STRONG> (Thumb, 10 bytes, Stack size 0 bytes, dcmi_ov9655.o(.text), UNUSED)
<BR><BR>[Calls]<UL><LI><a href="#[8d]">&gt;&gt;</a>&nbsp;&nbsp;&nbsp;DCMI_SingleRandomWrite
</UL>

<P><STRONG><a name="[c8]"></a>SysTick_Configuration</STRONG> (Thumb, 64 bytes, Stack size 8 bytes, delay.o(.text))
<BR><BR>[Stack]<UL><LI>Max Depth = 32<LI>Call Chain = SysTick_Configuration &rArr; __2printf
</UL>
<BR>[Calls]<UL><LI><a href="#[77]">&gt;&gt;</a>&nbsp;&nbsp;&nbsp;__2printf
</UL>
<BR>[Called By]<UL><LI><a href="#[99]">&gt;&gt;</a>&nbsp;&nbsp;&nbsp;wifi_main
</UL>

<P><STRONG><a name="[e2]"></a>mdelay</STRONG> (Thumb, 24 bytes, Stack size 0 bytes, delay.o(.text))
<BR><BR>[Called By]<UL><LI><a href="#[f3]">&gt;&gt;</a>&nbsp;&nbsp;&nbsp;udpCreateSocket
<LI><a href="#[e9]">&gt;&gt;</a>&nbsp;&nbsp;&nbsp;tcpCreateSocket
<LI><a href="#[eb]">&gt;&gt;</a>&nbsp;&nbsp;&nbsp;tcpConnectToServer
<LI><a href="#[f0]">&gt;&gt;</a>&nbsp;&nbsp;&nbsp;sendFromSock
<LI><a href="#[cd]">&gt;&gt;</a>&nbsp;&nbsp;&nbsp;WifiJoin
<LI><a href="#[cf]">&gt;&gt;</a>&nbsp;&nbsp;&nbsp;SnicIPConfig
<LI><a href="#[e8]">&gt;&gt;</a>&nbsp;&nbsp;&nbsp;SnicGetDhcp
<LI><a href="#[d0]">&gt;&gt;</a>&nbsp;&nbsp;&nbsp;GetStatus
<LI><a href="#[f2]">&gt;&gt;</a>&nbsp;&nbsp;&nbsp;ApOnOff
<LI><a href="#[e6]">&gt;&gt;</a>&nbsp;&nbsp;&nbsp;ProcessUserInput
<LI><a href="#[e0]">&gt;&gt;</a>&nbsp;&nbsp;&nbsp;sendHttpChunkReqTest
<LI><a href="#[1a3]">&gt;&gt;</a>&nbsp;&nbsp;&nbsp;handleRxSNIC
<LI><a href="#[1a1]">&gt;&gt;</a>&nbsp;&nbsp;&nbsp;udpSendFromSock
</UL>

<P><STRONG><a name="[1ca]"></a>delay_ms</STRONG> (Thumb, 24 bytes, Stack size 0 bytes, delay.o(.text), UNUSED)

<P><STRONG><a name="[c9]"></a>ShowMenu</STRONG> (Thumb, 150 bytes, Stack size 8 bytes, wifi_main.o(.text))
<BR><BR>[Stack]<UL><LI>Max Depth = 32<LI>Call Chain = ShowMenu &rArr; __2printf
</UL>
<BR>[Calls]<UL><LI><a href="#[77]">&gt;&gt;</a>&nbsp;&nbsp;&nbsp;__2printf
</UL>
<BR>[Called By]<UL><LI><a href="#[e6]">&gt;&gt;</a>&nbsp;&nbsp;&nbsp;ProcessUserInput
<LI><a href="#[99]">&gt;&gt;</a>&nbsp;&nbsp;&nbsp;wifi_main
</UL>

<P><STRONG><a name="[99]"></a>wifi_main</STRONG> (Thumb, 132 bytes, Stack size 8 bytes, wifi_main.o(.text))
<BR><BR>[Stack]<UL><LI>Max Depth = 2464<LI>Call Chain = wifi_main &rArr; WifiJoin &rArr; ProcessSN8200Input &rArr; rx_thread_proc &rArr; process_rx_frame &rArr; sci_ser_cmd_proc &rArr; handleRxSNIC &rArr; sendFromSock &rArr;  ProcessSN8200Input (Cycle)
</UL>
<BR>[Calls]<UL><LI><a href="#[cb]">&gt;&gt;</a>&nbsp;&nbsp;&nbsp;WifiOn
<LI><a href="#[cd]">&gt;&gt;</a>&nbsp;&nbsp;&nbsp;WifiJoin
<LI><a href="#[cc]">&gt;&gt;</a>&nbsp;&nbsp;&nbsp;WifiDisconn
<LI><a href="#[ce]">&gt;&gt;</a>&nbsp;&nbsp;&nbsp;SnicInit
<LI><a href="#[cf]">&gt;&gt;</a>&nbsp;&nbsp;&nbsp;SnicIPConfig
<LI><a href="#[ca]">&gt;&gt;</a>&nbsp;&nbsp;&nbsp;SN8200_API_Init
<LI><a href="#[d0]">&gt;&gt;</a>&nbsp;&nbsp;&nbsp;GetStatus
<LI><a href="#[c9]">&gt;&gt;</a>&nbsp;&nbsp;&nbsp;ShowMenu
<LI><a href="#[c8]">&gt;&gt;</a>&nbsp;&nbsp;&nbsp;SysTick_Configuration
<LI><a href="#[6a]">&gt;&gt;</a>&nbsp;&nbsp;&nbsp;Delay
<LI><a href="#[77]">&gt;&gt;</a>&nbsp;&nbsp;&nbsp;__2printf
</UL>
<BR>[Called By]<UL><LI><a href="#[5d]">&gt;&gt;</a>&nbsp;&nbsp;&nbsp;main
</UL>

<P><STRONG><a name="[91]"></a>DBGU_Init</STRONG> (Thumb, 182 bytes, Stack size 48 bytes, wifi_main.o(.text))
<BR><BR>[Stack]<UL><LI>Max Depth = 96<LI>Call Chain = DBGU_Init &rArr; USART_Init &rArr; RCC_GetClocksFreq
</UL>
<BR>[Calls]<UL><LI><a href="#[d2]">&gt;&gt;</a>&nbsp;&nbsp;&nbsp;USART_Init
<LI><a href="#[d3]">&gt;&gt;</a>&nbsp;&nbsp;&nbsp;USART_ITConfig
<LI><a href="#[d4]">&gt;&gt;</a>&nbsp;&nbsp;&nbsp;USART_Cmd
<LI><a href="#[d1]">&gt;&gt;</a>&nbsp;&nbsp;&nbsp;NVIC_PriorityGroupConfig
<LI><a href="#[88]">&gt;&gt;</a>&nbsp;&nbsp;&nbsp;RCC_APB1PeriphClockCmd
<LI><a href="#[80]">&gt;&gt;</a>&nbsp;&nbsp;&nbsp;RCC_AHB1PeriphClockCmd
<LI><a href="#[aa]">&gt;&gt;</a>&nbsp;&nbsp;&nbsp;NVIC_Init
<LI><a href="#[82]">&gt;&gt;</a>&nbsp;&nbsp;&nbsp;GPIO_PinAFConfig
<LI><a href="#[83]">&gt;&gt;</a>&nbsp;&nbsp;&nbsp;GPIO_Init
</UL>
<BR>[Called By]<UL><LI><a href="#[5d]">&gt;&gt;</a>&nbsp;&nbsp;&nbsp;main
</UL>

<P><STRONG><a name="[1cb]"></a>DBGU_RxBufferEmpty</STRONG> (Thumb, 18 bytes, Stack size 0 bytes, wifi_main.o(.text), UNUSED)

<P><STRONG><a name="[31]"></a>USART2_IRQHandler</STRONG> (Thumb, 114 bytes, Stack size 16 bytes, wifi_main.o(.text))
<BR><BR>[Stack]<UL><LI>Max Depth = 32<LI>Call Chain = USART2_IRQHandler &rArr; USART_GetITStatus
</UL>
<BR>[Calls]<UL><LI><a href="#[d7]">&gt;&gt;</a>&nbsp;&nbsp;&nbsp;USART_SendData
<LI><a href="#[d6]">&gt;&gt;</a>&nbsp;&nbsp;&nbsp;USART_ReceiveData
<LI><a href="#[d5]">&gt;&gt;</a>&nbsp;&nbsp;&nbsp;USART_GetITStatus
</UL>
<BR>[Address Reference Count : 1]<UL><LI> startup_stm32f4xx.o(RESET)
</UL>
<P><STRONG><a name="[d8]"></a>Test_uart2</STRONG> (Thumb, 90 bytes, Stack size 8 bytes, wifi_main.o(.text))
<BR><BR>[Stack]<UL><LI>Max Depth = 8<LI>Call Chain = Test_uart2
</UL>
<BR>[Calls]<UL><LI><a href="#[d7]">&gt;&gt;</a>&nbsp;&nbsp;&nbsp;USART_SendData
</UL>
<BR>[Called By]<UL><LI><a href="#[cd]">&gt;&gt;</a>&nbsp;&nbsp;&nbsp;WifiJoin
<LI><a href="#[69]">&gt;&gt;</a>&nbsp;&nbsp;&nbsp;test_rx
<LI><a href="#[a0]">&gt;&gt;</a>&nbsp;&nbsp;&nbsp;test_domain
<LI><a href="#[9b]">&gt;&gt;</a>&nbsp;&nbsp;&nbsp;test_change
</UL>

<P><STRONG><a name="[64]"></a>fputc</STRONG> (Thumb, 550 bytes, Stack size 16 bytes, wifi_main.o(.text))
<BR><BR>[Stack]<UL><LI>Max Depth = 16<LI>Call Chain = fputc
</UL>
<BR>[Calls]<UL><LI><a href="#[d7]">&gt;&gt;</a>&nbsp;&nbsp;&nbsp;USART_SendData
<LI><a href="#[d9]">&gt;&gt;</a>&nbsp;&nbsp;&nbsp;USART_GetFlagStatus
</UL>
<BR>[Address Reference Count : 1]<UL><LI> printf8.o(i.__0printf$8)
</UL>
<P><STRONG><a name="[1cc]"></a>DBGU_GetChar</STRONG> (Thumb, 30 bytes, Stack size 0 bytes, wifi_main.o(.text), UNUSED)

<P><STRONG><a name="[da]"></a>ESC</STRONG> (Thumb, 6 bytes, Stack size 0 bytes, wifi_main.o(.text))
<BR><BR>[Called By]<UL><LI><a href="#[db]">&gt;&gt;</a>&nbsp;&nbsp;&nbsp;Test_fgetc
<LI><a href="#[60]">&gt;&gt;</a>&nbsp;&nbsp;&nbsp;fgetc
</UL>

<P><STRONG><a name="[60]"></a>fgetc</STRONG> (Thumb, 60 bytes, Stack size 16 bytes, wifi_main.o(.text))
<BR><BR>[Stack]<UL><LI>Max Depth = 16<LI>Call Chain = fgetc
</UL>
<BR>[Calls]<UL><LI><a href="#[d9]">&gt;&gt;</a>&nbsp;&nbsp;&nbsp;USART_GetFlagStatus
<LI><a href="#[da]">&gt;&gt;</a>&nbsp;&nbsp;&nbsp;ESC
</UL>
<BR>[Address Reference Count : 1]<UL><LI> scanf_char_file.o(.text)
</UL>
<P><STRONG><a name="[db]"></a>Test_fgetc</STRONG> (Thumb, 60 bytes, Stack size 16 bytes, wifi_main.o(.text))
<BR><BR>[Stack]<UL><LI>Max Depth = 16<LI>Call Chain = Test_fgetc
</UL>
<BR>[Calls]<UL><LI><a href="#[d9]">&gt;&gt;</a>&nbsp;&nbsp;&nbsp;USART_GetFlagStatus
<LI><a href="#[da]">&gt;&gt;</a>&nbsp;&nbsp;&nbsp;ESC
</UL>
<BR>[Called By]<UL><LI><a href="#[cd]">&gt;&gt;</a>&nbsp;&nbsp;&nbsp;WifiJoin
<LI><a href="#[69]">&gt;&gt;</a>&nbsp;&nbsp;&nbsp;test_rx
<LI><a href="#[a0]">&gt;&gt;</a>&nbsp;&nbsp;&nbsp;test_domain
<LI><a href="#[9b]">&gt;&gt;</a>&nbsp;&nbsp;&nbsp;test_change
</UL>

<P><STRONG><a name="[dc]"></a>sendHttpReqTest</STRONG> (Thumb, 126 bytes, Stack size 168 bytes, wifi_main.o(.text), UNUSED)
<BR><BR>[Calls]<UL><LI><a href="#[df]">&gt;&gt;</a>&nbsp;&nbsp;&nbsp;fillNSendHttpReq
<LI><a href="#[dd]">&gt;&gt;</a>&nbsp;&nbsp;&nbsp;__0scanf
<LI><a href="#[77]">&gt;&gt;</a>&nbsp;&nbsp;&nbsp;__2printf
<LI><a href="#[9a]">&gt;&gt;</a>&nbsp;&nbsp;&nbsp;strcpy
<LI><a href="#[de]">&gt;&gt;</a>&nbsp;&nbsp;&nbsp;strlen
</UL>
<BR>[Called By]<UL><LI><a href="#[e6]">&gt;&gt;</a>&nbsp;&nbsp;&nbsp;ProcessUserInput
</UL>

<P><STRONG><a name="[e0]"></a>sendHttpChunkReqTest</STRONG> (Thumb, 142 bytes, Stack size 256 bytes, wifi_main.o(.text), UNUSED)
<BR><BR>[Calls]<UL><LI><a href="#[df]">&gt;&gt;</a>&nbsp;&nbsp;&nbsp;fillNSendHttpReq
<LI><a href="#[e3]">&gt;&gt;</a>&nbsp;&nbsp;&nbsp;fillNSendHttpMoreReq
<LI><a href="#[e2]">&gt;&gt;</a>&nbsp;&nbsp;&nbsp;mdelay
<LI><a href="#[de]">&gt;&gt;</a>&nbsp;&nbsp;&nbsp;strlen
<LI><a href="#[e1]">&gt;&gt;</a>&nbsp;&nbsp;&nbsp;__aeabi_memcpy4
</UL>
<BR>[Called By]<UL><LI><a href="#[e6]">&gt;&gt;</a>&nbsp;&nbsp;&nbsp;ProcessUserInput
</UL>

<P><STRONG><a name="[e4]"></a>sendHttpJsonPostDemo</STRONG> (Thumb, 182 bytes, Stack size 272 bytes, wifi_main.o(.text), UNUSED)
<BR><BR>[Calls]<UL><LI><a href="#[df]">&gt;&gt;</a>&nbsp;&nbsp;&nbsp;fillNSendHttpReq
<LI><a href="#[dd]">&gt;&gt;</a>&nbsp;&nbsp;&nbsp;__0scanf
<LI><a href="#[77]">&gt;&gt;</a>&nbsp;&nbsp;&nbsp;__2printf
<LI><a href="#[9a]">&gt;&gt;</a>&nbsp;&nbsp;&nbsp;strcpy
<LI><a href="#[de]">&gt;&gt;</a>&nbsp;&nbsp;&nbsp;strlen
<LI><a href="#[e1]">&gt;&gt;</a>&nbsp;&nbsp;&nbsp;__aeabi_memcpy4
</UL>
<BR>[Called By]<UL><LI><a href="#[e6]">&gt;&gt;</a>&nbsp;&nbsp;&nbsp;ProcessUserInput
</UL>

<P><STRONG><a name="[e5]"></a>sendHttpPostDemo</STRONG> (Thumb, 178 bytes, Stack size 440 bytes, wifi_main.o(.text), UNUSED)
<BR><BR>[Calls]<UL><LI><a href="#[df]">&gt;&gt;</a>&nbsp;&nbsp;&nbsp;fillNSendHttpReq
<LI><a href="#[dd]">&gt;&gt;</a>&nbsp;&nbsp;&nbsp;__0scanf
<LI><a href="#[77]">&gt;&gt;</a>&nbsp;&nbsp;&nbsp;__2printf
<LI><a href="#[9a]">&gt;&gt;</a>&nbsp;&nbsp;&nbsp;strcpy
<LI><a href="#[de]">&gt;&gt;</a>&nbsp;&nbsp;&nbsp;strlen
<LI><a href="#[6c]">&gt;&gt;</a>&nbsp;&nbsp;&nbsp;__aeabi_memclr4
<LI><a href="#[e1]">&gt;&gt;</a>&nbsp;&nbsp;&nbsp;__aeabi_memcpy4
</UL>
<BR>[Called By]<UL><LI><a href="#[e6]">&gt;&gt;</a>&nbsp;&nbsp;&nbsp;ProcessUserInput
</UL>

<P><STRONG><a name="[e6]"></a>ProcessUserInput</STRONG> (Thumb, 1734 bytes, Stack size 280 bytes, wifi_main.o(.text), UNUSED)
<BR><BR>[Calls]<UL><LI><a href="#[f7]">&gt;&gt;</a>&nbsp;&nbsp;&nbsp;udpStartRecv
<LI><a href="#[f3]">&gt;&gt;</a>&nbsp;&nbsp;&nbsp;udpCreateSocket
<LI><a href="#[e9]">&gt;&gt;</a>&nbsp;&nbsp;&nbsp;tcpCreateSocket
<LI><a href="#[ed]">&gt;&gt;</a>&nbsp;&nbsp;&nbsp;tcpCreateConnection
<LI><a href="#[eb]">&gt;&gt;</a>&nbsp;&nbsp;&nbsp;tcpConnectToServer
<LI><a href="#[ec]">&gt;&gt;</a>&nbsp;&nbsp;&nbsp;setTCPinfo
<LI><a href="#[f0]">&gt;&gt;</a>&nbsp;&nbsp;&nbsp;sendFromSock
<LI><a href="#[f4]">&gt;&gt;</a>&nbsp;&nbsp;&nbsp;getUDPinfo
<LI><a href="#[ea]">&gt;&gt;</a>&nbsp;&nbsp;&nbsp;getTCPinfo
<LI><a href="#[f6]">&gt;&gt;</a>&nbsp;&nbsp;&nbsp;closeSocket
<LI><a href="#[e7]">&gt;&gt;</a>&nbsp;&nbsp;&nbsp;WifiScan
<LI><a href="#[cb]">&gt;&gt;</a>&nbsp;&nbsp;&nbsp;WifiOn
<LI><a href="#[f8]">&gt;&gt;</a>&nbsp;&nbsp;&nbsp;WifiOff
<LI><a href="#[cd]">&gt;&gt;</a>&nbsp;&nbsp;&nbsp;WifiJoin
<LI><a href="#[cc]">&gt;&gt;</a>&nbsp;&nbsp;&nbsp;WifiDisconn
<LI><a href="#[ce]">&gt;&gt;</a>&nbsp;&nbsp;&nbsp;SnicInit
<LI><a href="#[cf]">&gt;&gt;</a>&nbsp;&nbsp;&nbsp;SnicIPConfig
<LI><a href="#[e8]">&gt;&gt;</a>&nbsp;&nbsp;&nbsp;SnicGetDhcp
<LI><a href="#[f1]">&gt;&gt;</a>&nbsp;&nbsp;&nbsp;SnicCleanup
<LI><a href="#[f5]">&gt;&gt;</a>&nbsp;&nbsp;&nbsp;SendSNIC
<LI><a href="#[d0]">&gt;&gt;</a>&nbsp;&nbsp;&nbsp;GetStatus
<LI><a href="#[f2]">&gt;&gt;</a>&nbsp;&nbsp;&nbsp;ApOnOff
<LI><a href="#[e5]">&gt;&gt;</a>&nbsp;&nbsp;&nbsp;sendHttpPostDemo
<LI><a href="#[e4]">&gt;&gt;</a>&nbsp;&nbsp;&nbsp;sendHttpJsonPostDemo
<LI><a href="#[e0]">&gt;&gt;</a>&nbsp;&nbsp;&nbsp;sendHttpChunkReqTest
<LI><a href="#[dc]">&gt;&gt;</a>&nbsp;&nbsp;&nbsp;sendHttpReqTest
<LI><a href="#[c9]">&gt;&gt;</a>&nbsp;&nbsp;&nbsp;ShowMenu
<LI><a href="#[e2]">&gt;&gt;</a>&nbsp;&nbsp;&nbsp;mdelay
<LI><a href="#[ef]">&gt;&gt;</a>&nbsp;&nbsp;&nbsp;atoi
<LI><a href="#[ee]">&gt;&gt;</a>&nbsp;&nbsp;&nbsp;strtol
<LI><a href="#[dd]">&gt;&gt;</a>&nbsp;&nbsp;&nbsp;__0scanf
<LI><a href="#[77]">&gt;&gt;</a>&nbsp;&nbsp;&nbsp;__2printf
<LI><a href="#[9a]">&gt;&gt;</a>&nbsp;&nbsp;&nbsp;strcpy
<LI><a href="#[de]">&gt;&gt;</a>&nbsp;&nbsp;&nbsp;strlen
</UL>

<P><STRONG><a name="[a0]"></a>test_domain</STRONG> (Thumb, 734 bytes, Stack size 184 bytes, wifi_main.o(.text))
<BR><BR>[Stack]<UL><LI>Max Depth = 1368<LI>Call Chain = test_domain &rArr; fillNSendHttpReq &rArr; serial_transmit &rArr; no_ESC_transmit &rArr; escape_payload_and_transmit_no_ESC &rArr; dummy_tx &rArr; SN8200_HAL_SendData
</UL>
<BR>[Calls]<UL><LI><a href="#[df]">&gt;&gt;</a>&nbsp;&nbsp;&nbsp;fillNSendHttpReq
<LI><a href="#[db]">&gt;&gt;</a>&nbsp;&nbsp;&nbsp;Test_fgetc
<LI><a href="#[d8]">&gt;&gt;</a>&nbsp;&nbsp;&nbsp;Test_uart2
<LI><a href="#[6a]">&gt;&gt;</a>&nbsp;&nbsp;&nbsp;Delay
<LI><a href="#[77]">&gt;&gt;</a>&nbsp;&nbsp;&nbsp;__2printf
<LI><a href="#[9a]">&gt;&gt;</a>&nbsp;&nbsp;&nbsp;strcpy
<LI><a href="#[de]">&gt;&gt;</a>&nbsp;&nbsp;&nbsp;strlen
<LI><a href="#[f9]">&gt;&gt;</a>&nbsp;&nbsp;&nbsp;strcat
</UL>
<BR>[Called By]<UL><LI><a href="#[5d]">&gt;&gt;</a>&nbsp;&nbsp;&nbsp;main
</UL>

<P><STRONG><a name="[9b]"></a>test_change</STRONG> (Thumb, 192 bytes, Stack size 184 bytes, wifi_main.o(.text))
<BR><BR>[Stack]<UL><LI>Max Depth = 1368<LI>Call Chain = test_change &rArr; fillNSendHttpReq &rArr; serial_transmit &rArr; no_ESC_transmit &rArr; escape_payload_and_transmit_no_ESC &rArr; dummy_tx &rArr; SN8200_HAL_SendData
</UL>
<BR>[Calls]<UL><LI><a href="#[df]">&gt;&gt;</a>&nbsp;&nbsp;&nbsp;fillNSendHttpReq
<LI><a href="#[db]">&gt;&gt;</a>&nbsp;&nbsp;&nbsp;Test_fgetc
<LI><a href="#[d8]">&gt;&gt;</a>&nbsp;&nbsp;&nbsp;Test_uart2
<LI><a href="#[6a]">&gt;&gt;</a>&nbsp;&nbsp;&nbsp;Delay
<LI><a href="#[77]">&gt;&gt;</a>&nbsp;&nbsp;&nbsp;__2printf
<LI><a href="#[9a]">&gt;&gt;</a>&nbsp;&nbsp;&nbsp;strcpy
<LI><a href="#[de]">&gt;&gt;</a>&nbsp;&nbsp;&nbsp;strlen
<LI><a href="#[f9]">&gt;&gt;</a>&nbsp;&nbsp;&nbsp;strcat
</UL>
<BR>[Called By]<UL><LI><a href="#[5d]">&gt;&gt;</a>&nbsp;&nbsp;&nbsp;main
</UL>

<P><STRONG><a name="[69]"></a>test_rx</STRONG> (Thumb, 178 bytes, Stack size 184 bytes, wifi_main.o(.text))
<BR><BR>[Stack]<UL><LI>Max Depth = 1368<LI>Call Chain = test_rx &rArr; fillNSendHttpReq &rArr; serial_transmit &rArr; no_ESC_transmit &rArr; escape_payload_and_transmit_no_ESC &rArr; dummy_tx &rArr; SN8200_HAL_SendData
</UL>
<BR>[Calls]<UL><LI><a href="#[df]">&gt;&gt;</a>&nbsp;&nbsp;&nbsp;fillNSendHttpReq
<LI><a href="#[db]">&gt;&gt;</a>&nbsp;&nbsp;&nbsp;Test_fgetc
<LI><a href="#[d8]">&gt;&gt;</a>&nbsp;&nbsp;&nbsp;Test_uart2
<LI><a href="#[6a]">&gt;&gt;</a>&nbsp;&nbsp;&nbsp;Delay
<LI><a href="#[77]">&gt;&gt;</a>&nbsp;&nbsp;&nbsp;__2printf
<LI><a href="#[9a]">&gt;&gt;</a>&nbsp;&nbsp;&nbsp;strcpy
<LI><a href="#[de]">&gt;&gt;</a>&nbsp;&nbsp;&nbsp;strlen
</UL>
<BR>[Called By]<UL><LI><a href="#[68]">&gt;&gt;</a>&nbsp;&nbsp;&nbsp;check_status
</UL>

<P><STRONG><a name="[fa]"></a>SD_DeInit</STRONG> (Thumb, 4 bytes, Stack size 0 bytes, stm32f4_discovery_sdio_sd.o(.text), UNUSED)
<BR><BR>[Calls]<UL><LI><a href="#[fb]">&gt;&gt;</a>&nbsp;&nbsp;&nbsp;SD_LowLevel_DeInit
</UL>

<P><STRONG><a name="[106]"></a>SD_EnableWideBusOperation</STRONG> (Thumb, 134 bytes, Stack size 24 bytes, stm32f4_discovery_sdio_sd.o(.text))
<BR><BR>[Stack]<UL><LI>Max Depth = 120<LI>Call Chain = SD_EnableWideBusOperation &rArr; SDEnWideBus &rArr; FindSCR &rArr; CmdResp1Error
</UL>
<BR>[Calls]<UL><LI><a href="#[107]">&gt;&gt;</a>&nbsp;&nbsp;&nbsp;SDIO_Init
<LI><a href="#[105]">&gt;&gt;</a>&nbsp;&nbsp;&nbsp;SDEnWideBus
</UL>
<BR>[Called By]<UL><LI><a href="#[113]">&gt;&gt;</a>&nbsp;&nbsp;&nbsp;SD_Init
</UL>

<P><STRONG><a name="[108]"></a>SD_SelectDeselect</STRONG> (Thumb, 54 bytes, Stack size 8 bytes, stm32f4_discovery_sdio_sd.o(.text))
<BR><BR>[Stack]<UL><LI>Max Depth = 24<LI>Call Chain = SD_SelectDeselect &rArr; CmdResp1Error
</UL>
<BR>[Calls]<UL><LI><a href="#[101]">&gt;&gt;</a>&nbsp;&nbsp;&nbsp;SDIO_SendCommand
<LI><a href="#[fc]">&gt;&gt;</a>&nbsp;&nbsp;&nbsp;CmdResp1Error
</UL>
<BR>[Called By]<UL><LI><a href="#[113]">&gt;&gt;</a>&nbsp;&nbsp;&nbsp;SD_Init
</UL>

<P><STRONG><a name="[116]"></a>SD_GetCardInfo</STRONG> (Thumb, 626 bytes, Stack size 28 bytes, stm32f4_discovery_sdio_sd.o(.text))
<BR><BR>[Stack]<UL><LI>Max Depth = 28<LI>Call Chain = SD_GetCardInfo
</UL>
<BR>[Called By]<UL><LI><a href="#[113]">&gt;&gt;</a>&nbsp;&nbsp;&nbsp;SD_Init
</UL>

<P><STRONG><a name="[10b]"></a>SD_InitializeCards</STRONG> (Thumb, 288 bytes, Stack size 40 bytes, stm32f4_discovery_sdio_sd.o(.text))
<BR><BR>[Stack]<UL><LI>Max Depth = 56<LI>Call Chain = SD_InitializeCards &rArr; CmdResp6Error
</UL>
<BR>[Calls]<UL><LI><a href="#[101]">&gt;&gt;</a>&nbsp;&nbsp;&nbsp;SDIO_SendCommand
<LI><a href="#[ff]">&gt;&gt;</a>&nbsp;&nbsp;&nbsp;SDIO_GetResponse
<LI><a href="#[10c]">&gt;&gt;</a>&nbsp;&nbsp;&nbsp;SDIO_GetPowerState
<LI><a href="#[10a]">&gt;&gt;</a>&nbsp;&nbsp;&nbsp;CmdResp6Error
<LI><a href="#[109]">&gt;&gt;</a>&nbsp;&nbsp;&nbsp;CmdResp2Error
</UL>
<BR>[Called By]<UL><LI><a href="#[113]">&gt;&gt;</a>&nbsp;&nbsp;&nbsp;SD_Init
</UL>

<P><STRONG><a name="[110]"></a>SD_PowerON</STRONG> (Thumb, 346 bytes, Stack size 40 bytes, stm32f4_discovery_sdio_sd.o(.text))
<BR><BR>[Stack]<UL><LI>Max Depth = 56<LI>Call Chain = SD_PowerON &rArr; CmdError
</UL>
<BR>[Calls]<UL><LI><a href="#[111]">&gt;&gt;</a>&nbsp;&nbsp;&nbsp;SDIO_SetPowerState
<LI><a href="#[101]">&gt;&gt;</a>&nbsp;&nbsp;&nbsp;SDIO_SendCommand
<LI><a href="#[107]">&gt;&gt;</a>&nbsp;&nbsp;&nbsp;SDIO_Init
<LI><a href="#[ff]">&gt;&gt;</a>&nbsp;&nbsp;&nbsp;SDIO_GetResponse
<LI><a href="#[112]">&gt;&gt;</a>&nbsp;&nbsp;&nbsp;SDIO_ClockCmd
<LI><a href="#[10f]">&gt;&gt;</a>&nbsp;&nbsp;&nbsp;CmdError
<LI><a href="#[10e]">&gt;&gt;</a>&nbsp;&nbsp;&nbsp;CmdResp7Error
<LI><a href="#[10d]">&gt;&gt;</a>&nbsp;&nbsp;&nbsp;CmdResp3Error
<LI><a href="#[fc]">&gt;&gt;</a>&nbsp;&nbsp;&nbsp;CmdResp1Error
</UL>
<BR>[Called By]<UL><LI><a href="#[113]">&gt;&gt;</a>&nbsp;&nbsp;&nbsp;SD_Init
</UL>

<P><STRONG><a name="[113]"></a>SD_Init</STRONG> (Thumb, 90 bytes, Stack size 8 bytes, stm32f4_discovery_sdio_sd.o(.text))
<BR><BR>[Stack]<UL><LI>Max Depth = 128<LI>Call Chain = SD_Init &rArr; SD_EnableWideBusOperation &rArr; SDEnWideBus &rArr; FindSCR &rArr; CmdResp1Error
</UL>
<BR>[Calls]<UL><LI><a href="#[114]">&gt;&gt;</a>&nbsp;&nbsp;&nbsp;SD_LowLevel_Init
<LI><a href="#[107]">&gt;&gt;</a>&nbsp;&nbsp;&nbsp;SDIO_Init
<LI><a href="#[115]">&gt;&gt;</a>&nbsp;&nbsp;&nbsp;SDIO_DeInit
<LI><a href="#[110]">&gt;&gt;</a>&nbsp;&nbsp;&nbsp;SD_PowerON
<LI><a href="#[10b]">&gt;&gt;</a>&nbsp;&nbsp;&nbsp;SD_InitializeCards
<LI><a href="#[116]">&gt;&gt;</a>&nbsp;&nbsp;&nbsp;SD_GetCardInfo
<LI><a href="#[108]">&gt;&gt;</a>&nbsp;&nbsp;&nbsp;SD_SelectDeselect
<LI><a href="#[106]">&gt;&gt;</a>&nbsp;&nbsp;&nbsp;SD_EnableWideBusOperation
</UL>
<BR>[Called By]<UL><LI><a href="#[187]">&gt;&gt;</a>&nbsp;&nbsp;&nbsp;disk_initialize
</UL>

<P><STRONG><a name="[117]"></a>SD_SendStatus</STRONG> (Thumb, 70 bytes, Stack size 16 bytes, stm32f4_discovery_sdio_sd.o(.text))
<BR><BR>[Stack]<UL><LI>Max Depth = 32<LI>Call Chain = SD_SendStatus &rArr; CmdResp1Error
</UL>
<BR>[Calls]<UL><LI><a href="#[101]">&gt;&gt;</a>&nbsp;&nbsp;&nbsp;SDIO_SendCommand
<LI><a href="#[ff]">&gt;&gt;</a>&nbsp;&nbsp;&nbsp;SDIO_GetResponse
<LI><a href="#[fc]">&gt;&gt;</a>&nbsp;&nbsp;&nbsp;CmdResp1Error
</UL>
<BR>[Called By]<UL><LI><a href="#[11a]">&gt;&gt;</a>&nbsp;&nbsp;&nbsp;SD_GetState
</UL>

<P><STRONG><a name="[118]"></a>SD_Detect</STRONG> (Thumb, 20 bytes, Stack size 8 bytes, stm32f4_discovery_sdio_sd.o(.text))
<BR><BR>[Stack]<UL><LI>Max Depth = 8<LI>Call Chain = SD_Detect
</UL>
<BR>[Calls]<UL><LI><a href="#[119]">&gt;&gt;</a>&nbsp;&nbsp;&nbsp;GPIO_ReadInputDataBit
</UL>
<BR>[Called By]<UL><LI><a href="#[11a]">&gt;&gt;</a>&nbsp;&nbsp;&nbsp;SD_GetState
</UL>

<P><STRONG><a name="[11a]"></a>SD_GetState</STRONG> (Thumb, 38 bytes, Stack size 8 bytes, stm32f4_discovery_sdio_sd.o(.text))
<BR><BR>[Stack]<UL><LI>Max Depth = 40<LI>Call Chain = SD_GetState &rArr; SD_SendStatus &rArr; CmdResp1Error
</UL>
<BR>[Calls]<UL><LI><a href="#[118]">&gt;&gt;</a>&nbsp;&nbsp;&nbsp;SD_Detect
<LI><a href="#[117]">&gt;&gt;</a>&nbsp;&nbsp;&nbsp;SD_SendStatus
</UL>
<BR>[Called By]<UL><LI><a href="#[11b]">&gt;&gt;</a>&nbsp;&nbsp;&nbsp;SD_GetStatus
</UL>

<P><STRONG><a name="[11b]"></a>SD_GetStatus</STRONG> (Thumb, 26 bytes, Stack size 8 bytes, stm32f4_discovery_sdio_sd.o(.text))
<BR><BR>[Stack]<UL><LI>Max Depth = 48<LI>Call Chain = SD_GetStatus &rArr; SD_GetState &rArr; SD_SendStatus &rArr; CmdResp1Error
</UL>
<BR>[Calls]<UL><LI><a href="#[11a]">&gt;&gt;</a>&nbsp;&nbsp;&nbsp;SD_GetState
</UL>
<BR>[Called By]<UL><LI><a href="#[16f]">&gt;&gt;</a>&nbsp;&nbsp;&nbsp;disk_write
<LI><a href="#[170]">&gt;&gt;</a>&nbsp;&nbsp;&nbsp;disk_read
</UL>

<P><STRONG><a name="[11c]"></a>SD_PowerOFF</STRONG> (Thumb, 14 bytes, Stack size 8 bytes, stm32f4_discovery_sdio_sd.o(.text), UNUSED)
<BR><BR>[Calls]<UL><LI><a href="#[111]">&gt;&gt;</a>&nbsp;&nbsp;&nbsp;SDIO_SetPowerState
</UL>

<P><STRONG><a name="[11d]"></a>SD_SendSDStatus</STRONG> (Thumb, 358 bytes, Stack size 32 bytes, stm32f4_discovery_sdio_sd.o(.text), UNUSED)
<BR><BR>[Calls]<UL><LI><a href="#[101]">&gt;&gt;</a>&nbsp;&nbsp;&nbsp;SDIO_SendCommand
<LI><a href="#[104]">&gt;&gt;</a>&nbsp;&nbsp;&nbsp;SDIO_ReadData
<LI><a href="#[ff]">&gt;&gt;</a>&nbsp;&nbsp;&nbsp;SDIO_GetResponse
<LI><a href="#[103]">&gt;&gt;</a>&nbsp;&nbsp;&nbsp;SDIO_GetFlagStatus
<LI><a href="#[102]">&gt;&gt;</a>&nbsp;&nbsp;&nbsp;SDIO_DataConfig
<LI><a href="#[fd]">&gt;&gt;</a>&nbsp;&nbsp;&nbsp;SDIO_ClearFlag
<LI><a href="#[fc]">&gt;&gt;</a>&nbsp;&nbsp;&nbsp;CmdResp1Error
</UL>
<BR>[Called By]<UL><LI><a href="#[11e]">&gt;&gt;</a>&nbsp;&nbsp;&nbsp;SD_GetCardStatus
</UL>

<P><STRONG><a name="[11e]"></a>SD_GetCardStatus</STRONG> (Thumb, 128 bytes, Stack size 8 bytes, stm32f4_discovery_sdio_sd.o(.text), UNUSED)
<BR><BR>[Calls]<UL><LI><a href="#[11d]">&gt;&gt;</a>&nbsp;&nbsp;&nbsp;SD_SendSDStatus
</UL>

<P><STRONG><a name="[11f]"></a>SD_ReadBlock</STRONG> (Thumb, 170 bytes, Stack size 32 bytes, stm32f4_discovery_sdio_sd.o(.text), UNUSED)
<BR><BR>[Calls]<UL><LI><a href="#[122]">&gt;&gt;</a>&nbsp;&nbsp;&nbsp;SD_LowLevel_DMA_RxConfig
<LI><a href="#[101]">&gt;&gt;</a>&nbsp;&nbsp;&nbsp;SDIO_SendCommand
<LI><a href="#[120]">&gt;&gt;</a>&nbsp;&nbsp;&nbsp;SDIO_ITConfig
<LI><a href="#[102]">&gt;&gt;</a>&nbsp;&nbsp;&nbsp;SDIO_DataConfig
<LI><a href="#[121]">&gt;&gt;</a>&nbsp;&nbsp;&nbsp;SDIO_DMACmd
<LI><a href="#[fc]">&gt;&gt;</a>&nbsp;&nbsp;&nbsp;CmdResp1Error
</UL>

<P><STRONG><a name="[123]"></a>SD_ReadMultiBlocks</STRONG> (Thumb, 184 bytes, Stack size 56 bytes, stm32f4_discovery_sdio_sd.o(.text))
<BR><BR>[Stack]<UL><LI>Max Depth = 156<LI>Call Chain = SD_ReadMultiBlocks &rArr; SD_LowLevel_DMA_RxConfig &rArr; DMA_DeInit
</UL>
<BR>[Calls]<UL><LI><a href="#[122]">&gt;&gt;</a>&nbsp;&nbsp;&nbsp;SD_LowLevel_DMA_RxConfig
<LI><a href="#[101]">&gt;&gt;</a>&nbsp;&nbsp;&nbsp;SDIO_SendCommand
<LI><a href="#[120]">&gt;&gt;</a>&nbsp;&nbsp;&nbsp;SDIO_ITConfig
<LI><a href="#[102]">&gt;&gt;</a>&nbsp;&nbsp;&nbsp;SDIO_DataConfig
<LI><a href="#[121]">&gt;&gt;</a>&nbsp;&nbsp;&nbsp;SDIO_DMACmd
<LI><a href="#[fc]">&gt;&gt;</a>&nbsp;&nbsp;&nbsp;CmdResp1Error
</UL>
<BR>[Called By]<UL><LI><a href="#[170]">&gt;&gt;</a>&nbsp;&nbsp;&nbsp;disk_read
</UL>

<P><STRONG><a name="[124]"></a>SD_StopTransfer</STRONG> (Thumb, 38 bytes, Stack size 8 bytes, stm32f4_discovery_sdio_sd.o(.text))
<BR><BR>[Stack]<UL><LI>Max Depth = 24<LI>Call Chain = SD_StopTransfer &rArr; CmdResp1Error
</UL>
<BR>[Calls]<UL><LI><a href="#[101]">&gt;&gt;</a>&nbsp;&nbsp;&nbsp;SDIO_SendCommand
<LI><a href="#[fc]">&gt;&gt;</a>&nbsp;&nbsp;&nbsp;CmdResp1Error
</UL>
<BR>[Called By]<UL><LI><a href="#[129]">&gt;&gt;</a>&nbsp;&nbsp;&nbsp;SD_WaitWriteOperation
<LI><a href="#[125]">&gt;&gt;</a>&nbsp;&nbsp;&nbsp;SD_WaitReadOperation
</UL>

<P><STRONG><a name="[125]"></a>SD_WaitReadOperation</STRONG> (Thumb, 90 bytes, Stack size 16 bytes, stm32f4_discovery_sdio_sd.o(.text))
<BR><BR>[Stack]<UL><LI>Max Depth = 40<LI>Call Chain = SD_WaitReadOperation &rArr; SD_StopTransfer &rArr; CmdResp1Error
</UL>
<BR>[Calls]<UL><LI><a href="#[fd]">&gt;&gt;</a>&nbsp;&nbsp;&nbsp;SDIO_ClearFlag
<LI><a href="#[124]">&gt;&gt;</a>&nbsp;&nbsp;&nbsp;SD_StopTransfer
</UL>
<BR>[Called By]<UL><LI><a href="#[170]">&gt;&gt;</a>&nbsp;&nbsp;&nbsp;disk_read
</UL>

<P><STRONG><a name="[126]"></a>SD_WriteBlock</STRONG> (Thumb, 166 bytes, Stack size 32 bytes, stm32f4_discovery_sdio_sd.o(.text), UNUSED)
<BR><BR>[Calls]<UL><LI><a href="#[127]">&gt;&gt;</a>&nbsp;&nbsp;&nbsp;SD_LowLevel_DMA_TxConfig
<LI><a href="#[101]">&gt;&gt;</a>&nbsp;&nbsp;&nbsp;SDIO_SendCommand
<LI><a href="#[120]">&gt;&gt;</a>&nbsp;&nbsp;&nbsp;SDIO_ITConfig
<LI><a href="#[102]">&gt;&gt;</a>&nbsp;&nbsp;&nbsp;SDIO_DataConfig
<LI><a href="#[121]">&gt;&gt;</a>&nbsp;&nbsp;&nbsp;SDIO_DMACmd
<LI><a href="#[fc]">&gt;&gt;</a>&nbsp;&nbsp;&nbsp;CmdResp1Error
</UL>

<P><STRONG><a name="[128]"></a>SD_WriteMultiBlocks</STRONG> (Thumb, 280 bytes, Stack size 56 bytes, stm32f4_discovery_sdio_sd.o(.text))
<BR><BR>[Stack]<UL><LI>Max Depth = 156<LI>Call Chain = SD_WriteMultiBlocks &rArr; SD_LowLevel_DMA_TxConfig &rArr; DMA_DeInit
</UL>
<BR>[Calls]<UL><LI><a href="#[127]">&gt;&gt;</a>&nbsp;&nbsp;&nbsp;SD_LowLevel_DMA_TxConfig
<LI><a href="#[101]">&gt;&gt;</a>&nbsp;&nbsp;&nbsp;SDIO_SendCommand
<LI><a href="#[120]">&gt;&gt;</a>&nbsp;&nbsp;&nbsp;SDIO_ITConfig
<LI><a href="#[102]">&gt;&gt;</a>&nbsp;&nbsp;&nbsp;SDIO_DataConfig
<LI><a href="#[121]">&gt;&gt;</a>&nbsp;&nbsp;&nbsp;SDIO_DMACmd
<LI><a href="#[fc]">&gt;&gt;</a>&nbsp;&nbsp;&nbsp;CmdResp1Error
</UL>
<BR>[Called By]<UL><LI><a href="#[16f]">&gt;&gt;</a>&nbsp;&nbsp;&nbsp;disk_write
</UL>

<P><STRONG><a name="[129]"></a>SD_WaitWriteOperation</STRONG> (Thumb, 88 bytes, Stack size 16 bytes, stm32f4_discovery_sdio_sd.o(.text))
<BR><BR>[Stack]<UL><LI>Max Depth = 40<LI>Call Chain = SD_WaitWriteOperation &rArr; SD_StopTransfer &rArr; CmdResp1Error
</UL>
<BR>[Calls]<UL><LI><a href="#[fd]">&gt;&gt;</a>&nbsp;&nbsp;&nbsp;SDIO_ClearFlag
<LI><a href="#[124]">&gt;&gt;</a>&nbsp;&nbsp;&nbsp;SD_StopTransfer
</UL>
<BR>[Called By]<UL><LI><a href="#[16f]">&gt;&gt;</a>&nbsp;&nbsp;&nbsp;disk_write
</UL>

<P><STRONG><a name="[1cd]"></a>SD_GetTransferState</STRONG> (Thumb, 18 bytes, Stack size 0 bytes, stm32f4_discovery_sdio_sd.o(.text), UNUSED)

<P><STRONG><a name="[12b]"></a>SD_Erase</STRONG> (Thumb, 264 bytes, Stack size 40 bytes, stm32f4_discovery_sdio_sd.o(.text), UNUSED)
<BR><BR>[Calls]<UL><LI><a href="#[101]">&gt;&gt;</a>&nbsp;&nbsp;&nbsp;SDIO_SendCommand
<LI><a href="#[ff]">&gt;&gt;</a>&nbsp;&nbsp;&nbsp;SDIO_GetResponse
<LI><a href="#[12a]">&gt;&gt;</a>&nbsp;&nbsp;&nbsp;IsCardProgramming
<LI><a href="#[fc]">&gt;&gt;</a>&nbsp;&nbsp;&nbsp;CmdResp1Error
</UL>

<P><STRONG><a name="[ac]"></a>SD_ProcessIRQSrc</STRONG> (Thumb, 148 bytes, Stack size 16 bytes, stm32f4_discovery_sdio_sd.o(.text))
<BR><BR>[Stack]<UL><LI>Max Depth = 16<LI>Call Chain = SD_ProcessIRQSrc
</UL>
<BR>[Calls]<UL><LI><a href="#[120]">&gt;&gt;</a>&nbsp;&nbsp;&nbsp;SDIO_ITConfig
<LI><a href="#[12c]">&gt;&gt;</a>&nbsp;&nbsp;&nbsp;SDIO_GetITStatus
<LI><a href="#[12d]">&gt;&gt;</a>&nbsp;&nbsp;&nbsp;SDIO_ClearITPendingBit
</UL>
<BR>[Called By]<UL><LI><a href="#[3c]">&gt;&gt;</a>&nbsp;&nbsp;&nbsp;SDIO_IRQHandler
</UL>

<P><STRONG><a name="[ad]"></a>SD_ProcessDMAIRQ</STRONG> (Thumb, 30 bytes, Stack size 0 bytes, stm32f4_discovery_sdio_sd.o(.text))
<BR><BR>[Calls]<UL><LI><a href="#[12e]">&gt;&gt;</a>&nbsp;&nbsp;&nbsp;DMA_ClearFlag
</UL>
<BR>[Called By]<UL><LI><a href="#[46]">&gt;&gt;</a>&nbsp;&nbsp;&nbsp;DMA2_Stream3_IRQHandler
</UL>

<P><STRONG><a name="[1ce]"></a>convert_from_bytes_to_power_of_two</STRONG> (Thumb, 18 bytes, Stack size 0 bytes, stm32f4_discovery_sdio_sd.o(.text), UNUSED)

<P><STRONG><a name="[12f]"></a>STM_EVAL_LEDInit</STRONG> (Thumb, 62 bytes, Stack size 16 bytes, stm32f4_discovery.o(.text), UNUSED)
<BR><BR>[Calls]<UL><LI><a href="#[80]">&gt;&gt;</a>&nbsp;&nbsp;&nbsp;RCC_AHB1PeriphClockCmd
<LI><a href="#[83]">&gt;&gt;</a>&nbsp;&nbsp;&nbsp;GPIO_Init
</UL>

<P><STRONG><a name="[1cf]"></a>STM_EVAL_LEDOn</STRONG> (Thumb, 18 bytes, Stack size 0 bytes, stm32f4_discovery.o(.text), UNUSED)

<P><STRONG><a name="[1d0]"></a>STM_EVAL_LEDOff</STRONG> (Thumb, 18 bytes, Stack size 0 bytes, stm32f4_discovery.o(.text), UNUSED)

<P><STRONG><a name="[1d1]"></a>STM_EVAL_LEDToggle</STRONG> (Thumb, 22 bytes, Stack size 0 bytes, stm32f4_discovery.o(.text), UNUSED)

<P><STRONG><a name="[130]"></a>STM_EVAL_PBInit</STRONG> (Thumb, 148 bytes, Stack size 40 bytes, stm32f4_discovery.o(.text), UNUSED)
<BR><BR>[Calls]<UL><LI><a href="#[a8]">&gt;&gt;</a>&nbsp;&nbsp;&nbsp;SYSCFG_EXTILineConfig
<LI><a href="#[a7]">&gt;&gt;</a>&nbsp;&nbsp;&nbsp;RCC_APB2PeriphClockCmd
<LI><a href="#[80]">&gt;&gt;</a>&nbsp;&nbsp;&nbsp;RCC_AHB1PeriphClockCmd
<LI><a href="#[aa]">&gt;&gt;</a>&nbsp;&nbsp;&nbsp;NVIC_Init
<LI><a href="#[83]">&gt;&gt;</a>&nbsp;&nbsp;&nbsp;GPIO_Init
<LI><a href="#[a9]">&gt;&gt;</a>&nbsp;&nbsp;&nbsp;EXTI_Init
</UL>

<P><STRONG><a name="[131]"></a>STM_EVAL_PBGetState</STRONG> (Thumb, 20 bytes, Stack size 0 bytes, stm32f4_discovery.o(.text), UNUSED)
<BR><BR>[Calls]<UL><LI><a href="#[119]">&gt;&gt;</a>&nbsp;&nbsp;&nbsp;GPIO_ReadInputDataBit
</UL>

<P><STRONG><a name="[132]"></a>STM_EVAL_COMInit</STRONG> (Thumb, 200 bytes, Stack size 32 bytes, stm32f4_discovery.o(.text), UNUSED)
<BR><BR>[Calls]<UL><LI><a href="#[d2]">&gt;&gt;</a>&nbsp;&nbsp;&nbsp;USART_Init
<LI><a href="#[d4]">&gt;&gt;</a>&nbsp;&nbsp;&nbsp;USART_Cmd
<LI><a href="#[a7]">&gt;&gt;</a>&nbsp;&nbsp;&nbsp;RCC_APB2PeriphClockCmd
<LI><a href="#[80]">&gt;&gt;</a>&nbsp;&nbsp;&nbsp;RCC_AHB1PeriphClockCmd
<LI><a href="#[82]">&gt;&gt;</a>&nbsp;&nbsp;&nbsp;GPIO_PinAFConfig
<LI><a href="#[83]">&gt;&gt;</a>&nbsp;&nbsp;&nbsp;GPIO_Init
</UL>

<P><STRONG><a name="[fb]"></a>SD_LowLevel_DeInit</STRONG> (Thumb, 142 bytes, Stack size 24 bytes, stm32f4_discovery.o(.text), UNUSED)
<BR><BR>[Calls]<UL><LI><a href="#[111]">&gt;&gt;</a>&nbsp;&nbsp;&nbsp;SDIO_SetPowerState
<LI><a href="#[115]">&gt;&gt;</a>&nbsp;&nbsp;&nbsp;SDIO_DeInit
<LI><a href="#[112]">&gt;&gt;</a>&nbsp;&nbsp;&nbsp;SDIO_ClockCmd
<LI><a href="#[a7]">&gt;&gt;</a>&nbsp;&nbsp;&nbsp;RCC_APB2PeriphClockCmd
<LI><a href="#[82]">&gt;&gt;</a>&nbsp;&nbsp;&nbsp;GPIO_PinAFConfig
<LI><a href="#[83]">&gt;&gt;</a>&nbsp;&nbsp;&nbsp;GPIO_Init
</UL>
<BR>[Called By]<UL><LI><a href="#[fa]">&gt;&gt;</a>&nbsp;&nbsp;&nbsp;SD_DeInit
</UL>

<P><STRONG><a name="[114]"></a>SD_LowLevel_Init</STRONG> (Thumb, 178 bytes, Stack size 32 bytes, stm32f4_discovery.o(.text))
<BR><BR>[Stack]<UL><LI>Max Depth = 56<LI>Call Chain = SD_LowLevel_Init &rArr; GPIO_Init
</UL>
<BR>[Calls]<UL><LI><a href="#[a7]">&gt;&gt;</a>&nbsp;&nbsp;&nbsp;RCC_APB2PeriphClockCmd
<LI><a href="#[80]">&gt;&gt;</a>&nbsp;&nbsp;&nbsp;RCC_AHB1PeriphClockCmd
<LI><a href="#[82]">&gt;&gt;</a>&nbsp;&nbsp;&nbsp;GPIO_PinAFConfig
<LI><a href="#[83]">&gt;&gt;</a>&nbsp;&nbsp;&nbsp;GPIO_Init
</UL>
<BR>[Called By]<UL><LI><a href="#[113]">&gt;&gt;</a>&nbsp;&nbsp;&nbsp;SD_Init
</UL>

<P><STRONG><a name="[127]"></a>SD_LowLevel_DMA_TxConfig</STRONG> (Thumb, 128 bytes, Stack size 72 bytes, stm32f4_discovery.o(.text))
<BR><BR>[Stack]<UL><LI>Max Depth = 100<LI>Call Chain = SD_LowLevel_DMA_TxConfig &rArr; DMA_DeInit
</UL>
<BR>[Calls]<UL><LI><a href="#[133]">&gt;&gt;</a>&nbsp;&nbsp;&nbsp;DMA_ITConfig
<LI><a href="#[134]">&gt;&gt;</a>&nbsp;&nbsp;&nbsp;DMA_FlowControllerConfig
<LI><a href="#[12e]">&gt;&gt;</a>&nbsp;&nbsp;&nbsp;DMA_ClearFlag
<LI><a href="#[86]">&gt;&gt;</a>&nbsp;&nbsp;&nbsp;DMA_Init
<LI><a href="#[85]">&gt;&gt;</a>&nbsp;&nbsp;&nbsp;DMA_DeInit
<LI><a href="#[9c]">&gt;&gt;</a>&nbsp;&nbsp;&nbsp;DMA_Cmd
</UL>
<BR>[Called By]<UL><LI><a href="#[128]">&gt;&gt;</a>&nbsp;&nbsp;&nbsp;SD_WriteMultiBlocks
<LI><a href="#[126]">&gt;&gt;</a>&nbsp;&nbsp;&nbsp;SD_WriteBlock
</UL>

<P><STRONG><a name="[122]"></a>SD_LowLevel_DMA_RxConfig</STRONG> (Thumb, 154 bytes, Stack size 72 bytes, stm32f4_discovery.o(.text))
<BR><BR>[Stack]<UL><LI>Max Depth = 100<LI>Call Chain = SD_LowLevel_DMA_RxConfig &rArr; DMA_DeInit
</UL>
<BR>[Calls]<UL><LI><a href="#[133]">&gt;&gt;</a>&nbsp;&nbsp;&nbsp;DMA_ITConfig
<LI><a href="#[134]">&gt;&gt;</a>&nbsp;&nbsp;&nbsp;DMA_FlowControllerConfig
<LI><a href="#[12e]">&gt;&gt;</a>&nbsp;&nbsp;&nbsp;DMA_ClearFlag
<LI><a href="#[86]">&gt;&gt;</a>&nbsp;&nbsp;&nbsp;DMA_Init
<LI><a href="#[85]">&gt;&gt;</a>&nbsp;&nbsp;&nbsp;DMA_DeInit
<LI><a href="#[9c]">&gt;&gt;</a>&nbsp;&nbsp;&nbsp;DMA_Cmd
</UL>
<BR>[Called By]<UL><LI><a href="#[123]">&gt;&gt;</a>&nbsp;&nbsp;&nbsp;SD_ReadMultiBlocks
<LI><a href="#[11f]">&gt;&gt;</a>&nbsp;&nbsp;&nbsp;SD_ReadBlock
</UL>

<P><STRONG><a name="[136]"></a>LCD_DisplayOff</STRONG> (Thumb, 2 bytes, Stack size 0 bytes, stm32f4_discovery_lcd.o(.text), UNUSED)
<BR><BR>[Called By]<UL><LI><a href="#[135]">&gt;&gt;</a>&nbsp;&nbsp;&nbsp;LCD_DeInit
</UL>

<P><STRONG><a name="[135]"></a>LCD_DeInit</STRONG> (Thumb, 544 bytes, Stack size 24 bytes, stm32f4_discovery_lcd.o(.text), UNUSED)
<BR><BR>[Calls]<UL><LI><a href="#[138]">&gt;&gt;</a>&nbsp;&nbsp;&nbsp;FSMC_NORSRAMDeInit
<LI><a href="#[137]">&gt;&gt;</a>&nbsp;&nbsp;&nbsp;FSMC_NORSRAMCmd
<LI><a href="#[136]">&gt;&gt;</a>&nbsp;&nbsp;&nbsp;LCD_DisplayOff
<LI><a href="#[82]">&gt;&gt;</a>&nbsp;&nbsp;&nbsp;GPIO_PinAFConfig
<LI><a href="#[83]">&gt;&gt;</a>&nbsp;&nbsp;&nbsp;GPIO_Init
</UL>

<P><STRONG><a name="[139]"></a>LCD_CtrlLinesConfig</STRONG> (Thumb, 356 bytes, Stack size 32 bytes, stm32f4_discovery_lcd.o(.text))
<BR><BR>[Stack]<UL><LI>Max Depth = 56<LI>Call Chain = LCD_CtrlLinesConfig &rArr; GPIO_Init
</UL>
<BR>[Calls]<UL><LI><a href="#[b6]">&gt;&gt;</a>&nbsp;&nbsp;&nbsp;GPIO_SetBits
<LI><a href="#[80]">&gt;&gt;</a>&nbsp;&nbsp;&nbsp;RCC_AHB1PeriphClockCmd
<LI><a href="#[82]">&gt;&gt;</a>&nbsp;&nbsp;&nbsp;GPIO_PinAFConfig
<LI><a href="#[83]">&gt;&gt;</a>&nbsp;&nbsp;&nbsp;GPIO_Init
</UL>
<BR>[Called By]<UL><LI><a href="#[92]">&gt;&gt;</a>&nbsp;&nbsp;&nbsp;STM32f4_Discovery_LCD_Init
</UL>

<P><STRONG><a name="[13a]"></a>LCD_FSMCConfig</STRONG> (Thumb, 86 bytes, Stack size 96 bytes, stm32f4_discovery_lcd.o(.text))
<BR><BR>[Stack]<UL><LI>Max Depth = 108<LI>Call Chain = LCD_FSMCConfig &rArr; FSMC_NORSRAMInit
</UL>
<BR>[Calls]<UL><LI><a href="#[13b]">&gt;&gt;</a>&nbsp;&nbsp;&nbsp;RCC_AHB3PeriphClockCmd
<LI><a href="#[13c]">&gt;&gt;</a>&nbsp;&nbsp;&nbsp;FSMC_NORSRAMInit
<LI><a href="#[137]">&gt;&gt;</a>&nbsp;&nbsp;&nbsp;FSMC_NORSRAMCmd
</UL>
<BR>[Called By]<UL><LI><a href="#[92]">&gt;&gt;</a>&nbsp;&nbsp;&nbsp;STM32f4_Discovery_LCD_Init
</UL>

<P><STRONG><a name="[13f]"></a>LCD_SetFont</STRONG> (Thumb, 6 bytes, Stack size 0 bytes, stm32f4_discovery_lcd.o(.text))
<BR><BR>[Called By]<UL><LI><a href="#[92]">&gt;&gt;</a>&nbsp;&nbsp;&nbsp;STM32f4_Discovery_LCD_Init
</UL>

<P><STRONG><a name="[74]"></a>LCD_WriteRAM</STRONG> (Thumb, 6 bytes, Stack size 0 bytes, stm32f4_discovery_lcd.o(.text))
<BR><BR>[Called By]<UL><LI><a href="#[149]">&gt;&gt;</a>&nbsp;&nbsp;&nbsp;LCD_DrawMonoPict
<LI><a href="#[148]">&gt;&gt;</a>&nbsp;&nbsp;&nbsp;LCD_DrawCircle
<LI><a href="#[144]">&gt;&gt;</a>&nbsp;&nbsp;&nbsp;LCD_DrawLine
<LI><a href="#[141]">&gt;&gt;</a>&nbsp;&nbsp;&nbsp;LCD_DrawChar
<LI><a href="#[92]">&gt;&gt;</a>&nbsp;&nbsp;&nbsp;STM32f4_Discovery_LCD_Init
<LI><a href="#[79]">&gt;&gt;</a>&nbsp;&nbsp;&nbsp;num_CLEAR
<LI><a href="#[78]">&gt;&gt;</a>&nbsp;&nbsp;&nbsp;num_DISPLAY
<LI><a href="#[76]">&gt;&gt;</a>&nbsp;&nbsp;&nbsp;img_DISPLAY
<LI><a href="#[6b]">&gt;&gt;</a>&nbsp;&nbsp;&nbsp;LCD_PREVIEW_DISPLAY
</UL>

<P><STRONG><a name="[13e]"></a>LCD_WriteReg</STRONG> (Thumb, 12 bytes, Stack size 0 bytes, stm32f4_discovery_lcd.o(.text))
<BR><BR>[Called By]<UL><LI><a href="#[146]">&gt;&gt;</a>&nbsp;&nbsp;&nbsp;LCD_SetDisplayWindow
<LI><a href="#[92]">&gt;&gt;</a>&nbsp;&nbsp;&nbsp;STM32f4_Discovery_LCD_Init
<LI><a href="#[71]">&gt;&gt;</a>&nbsp;&nbsp;&nbsp;LCD_SetCursor
</UL>

<P><STRONG><a name="[92]"></a>STM32f4_Discovery_LCD_Init</STRONG> (Thumb, 342 bytes, Stack size 8 bytes, stm32f4_discovery_lcd.o(.text))
<BR><BR>[Stack]<UL><LI>Max Depth = 116<LI>Call Chain = STM32f4_Discovery_LCD_Init &rArr; LCD_FSMCConfig &rArr; FSMC_NORSRAMInit
</UL>
<BR>[Calls]<UL><LI><a href="#[13e]">&gt;&gt;</a>&nbsp;&nbsp;&nbsp;LCD_WriteReg
<LI><a href="#[13f]">&gt;&gt;</a>&nbsp;&nbsp;&nbsp;LCD_SetFont
<LI><a href="#[13a]">&gt;&gt;</a>&nbsp;&nbsp;&nbsp;LCD_FSMCConfig
<LI><a href="#[139]">&gt;&gt;</a>&nbsp;&nbsp;&nbsp;LCD_CtrlLinesConfig
<LI><a href="#[13d]">&gt;&gt;</a>&nbsp;&nbsp;&nbsp;delay
<LI><a href="#[b6]">&gt;&gt;</a>&nbsp;&nbsp;&nbsp;GPIO_SetBits
<LI><a href="#[b5]">&gt;&gt;</a>&nbsp;&nbsp;&nbsp;GPIO_ResetBits
<LI><a href="#[74]">&gt;&gt;</a>&nbsp;&nbsp;&nbsp;LCD_WriteRAM
</UL>
<BR>[Called By]<UL><LI><a href="#[5d]">&gt;&gt;</a>&nbsp;&nbsp;&nbsp;main
</UL>

<P><STRONG><a name="[71]"></a>LCD_SetCursor</STRONG> (Thumb, 22 bytes, Stack size 4 bytes, stm32f4_discovery_lcd.o(.text))
<BR><BR>[Stack]<UL><LI>Max Depth = 4<LI>Call Chain = LCD_SetCursor
</UL>
<BR>[Calls]<UL><LI><a href="#[13e]">&gt;&gt;</a>&nbsp;&nbsp;&nbsp;LCD_WriteReg
</UL>
<BR>[Called By]<UL><LI><a href="#[149]">&gt;&gt;</a>&nbsp;&nbsp;&nbsp;LCD_DrawMonoPict
<LI><a href="#[148]">&gt;&gt;</a>&nbsp;&nbsp;&nbsp;LCD_DrawCircle
<LI><a href="#[146]">&gt;&gt;</a>&nbsp;&nbsp;&nbsp;LCD_SetDisplayWindow
<LI><a href="#[144]">&gt;&gt;</a>&nbsp;&nbsp;&nbsp;LCD_DrawLine
<LI><a href="#[141]">&gt;&gt;</a>&nbsp;&nbsp;&nbsp;LCD_DrawChar
<LI><a href="#[140]">&gt;&gt;</a>&nbsp;&nbsp;&nbsp;LCD_RGB_Test
<LI><a href="#[93]">&gt;&gt;</a>&nbsp;&nbsp;&nbsp;LCD_Clear
<LI><a href="#[9f]">&gt;&gt;</a>&nbsp;&nbsp;&nbsp;Capture_Image_TO_Bmp
<LI><a href="#[79]">&gt;&gt;</a>&nbsp;&nbsp;&nbsp;num_CLEAR
<LI><a href="#[78]">&gt;&gt;</a>&nbsp;&nbsp;&nbsp;num_DISPLAY
<LI><a href="#[76]">&gt;&gt;</a>&nbsp;&nbsp;&nbsp;img_DISPLAY
<LI><a href="#[6b]">&gt;&gt;</a>&nbsp;&nbsp;&nbsp;LCD_PREVIEW_DISPLAY
</UL>

<P><STRONG><a name="[1d2]"></a>LCD_ReadReg</STRONG> (Thumb, 12 bytes, Stack size 0 bytes, stm32f4_discovery_lcd.o(.text), UNUSED)

<P><STRONG><a name="[72]"></a>LCD_WriteRAM_Prepare</STRONG> (Thumb, 10 bytes, Stack size 0 bytes, stm32f4_discovery_lcd.o(.text))
<BR><BR>[Called By]<UL><LI><a href="#[149]">&gt;&gt;</a>&nbsp;&nbsp;&nbsp;LCD_DrawMonoPict
<LI><a href="#[148]">&gt;&gt;</a>&nbsp;&nbsp;&nbsp;LCD_DrawCircle
<LI><a href="#[144]">&gt;&gt;</a>&nbsp;&nbsp;&nbsp;LCD_DrawLine
<LI><a href="#[141]">&gt;&gt;</a>&nbsp;&nbsp;&nbsp;LCD_DrawChar
<LI><a href="#[140]">&gt;&gt;</a>&nbsp;&nbsp;&nbsp;LCD_RGB_Test
[...]
</UL>

<P><STRONG><a name="[10d]"></a>CmdResp3Error</STRONG> (Thumb, 46 bytes, Stack size 8 bytes, stm32f4_discovery_sdio_sd.o(.text))
<BR><BR>[Stack]<UL><LI>Max Depth = 8<LI>Call Chain = CmdResp3Error
</UL>
<BR>[Calls]<UL><LI><a href="#[fd]">&gt;&gt;</a>&nbsp;&nbsp;&nbsp;SDIO_ClearFlag
</UL>
<BR>[Called By]<UL><LI><a href="#[110]">&gt;&gt;</a>&nbsp;&nbsp;&nbsp;SD_PowerON
</UL>

<P><STRONG><a name="[10e]"></a>CmdResp7Error</STRONG> (Thumb, 62 bytes, Stack size 8 bytes, stm32f4_discovery_sdio_sd.o(.text))
<BR><BR>[Stack]<UL><LI>Max Depth = 8<LI>Call Chain = CmdResp7Error
</UL>
<BR>[Calls]<UL><LI><a href="#[fd]">&gt;&gt;</a>&nbsp;&nbsp;&nbsp;SDIO_ClearFlag
</UL>
<BR>[Called By]<UL><LI><a href="#[110]">&gt;&gt;</a>&nbsp;&nbsp;&nbsp;SD_PowerON
</UL>

<P><STRONG><a name="[10f]"></a>CmdError</STRONG> (Thumb, 42 bytes, Stack size 16 bytes, stm32f4_discovery_sdio_sd.o(.text))
<BR><BR>[Stack]<UL><LI>Max Depth = 16<LI>Call Chain = CmdError
</UL>
<BR>[Calls]<UL><LI><a href="#[103]">&gt;&gt;</a>&nbsp;&nbsp;&nbsp;SDIO_GetFlagStatus
<LI><a href="#[fd]">&gt;&gt;</a>&nbsp;&nbsp;&nbsp;SDIO_ClearFlag
</UL>
<BR>[Called By]<UL><LI><a href="#[110]">&gt;&gt;</a>&nbsp;&nbsp;&nbsp;SD_PowerON
</UL>

<P><STRONG><a name="[12a]"></a>IsCardProgramming</STRONG> (Thumb, 282 bytes, Stack size 16 bytes, stm32f4_discovery_sdio_sd.o(.text), UNUSED)
<BR><BR>[Calls]<UL><LI><a href="#[101]">&gt;&gt;</a>&nbsp;&nbsp;&nbsp;SDIO_SendCommand
<LI><a href="#[ff]">&gt;&gt;</a>&nbsp;&nbsp;&nbsp;SDIO_GetResponse
<LI><a href="#[fe]">&gt;&gt;</a>&nbsp;&nbsp;&nbsp;SDIO_GetCommandResponse
<LI><a href="#[fd]">&gt;&gt;</a>&nbsp;&nbsp;&nbsp;SDIO_ClearFlag
</UL>
<BR>[Called By]<UL><LI><a href="#[12b]">&gt;&gt;</a>&nbsp;&nbsp;&nbsp;SD_Erase
</UL>

<P><STRONG><a name="[13d]"></a>delay</STRONG> (Thumb, 40 bytes, Stack size 0 bytes, stm32f4_discovery_lcd.o(.text))
<BR><BR>[Called By]<UL><LI><a href="#[92]">&gt;&gt;</a>&nbsp;&nbsp;&nbsp;STM32f4_Discovery_LCD_Init
</UL>

<P><STRONG><a name="[145]"></a>PutPixel</STRONG> (Thumb, 26 bytes, Stack size 0 bytes, stm32f4_discovery_lcd.o(.text), UNUSED)
<BR><BR>[Calls]<UL><LI><a href="#[144]">&gt;&gt;</a>&nbsp;&nbsp;&nbsp;LCD_DrawLine
</UL>
<BR>[Called By]<UL><LI><a href="#[152]">&gt;&gt;</a>&nbsp;&nbsp;&nbsp;LCD_FillPolyLine
<LI><a href="#[14c]">&gt;&gt;</a>&nbsp;&nbsp;&nbsp;LCD_DrawUniLine
</UL>

<P><STRONG><a name="[14e]"></a>LCD_PolyLineRelativeClosed</STRONG> (Thumb, 96 bytes, Stack size 32 bytes, stm32f4_discovery_lcd.o(.text), UNUSED)
<BR><BR>[Calls]<UL><LI><a href="#[14c]">&gt;&gt;</a>&nbsp;&nbsp;&nbsp;LCD_DrawUniLine
</UL>
<BR>[Called By]<UL><LI><a href="#[151]">&gt;&gt;</a>&nbsp;&nbsp;&nbsp;LCD_ClosedPolyLineRelative
<LI><a href="#[150]">&gt;&gt;</a>&nbsp;&nbsp;&nbsp;LCD_PolyLineRelative
</UL>

<P><STRONG><a name="[157]"></a>LIS302DL_SendByte</STRONG> (Thumb, 98 bytes, Stack size 24 bytes, stm32f4_discovery_lis302dl.o(.text), UNUSED)
<BR><BR>[Calls]<UL><LI><a href="#[159]">&gt;&gt;</a>&nbsp;&nbsp;&nbsp;SPI_I2S_SendData
<LI><a href="#[15a]">&gt;&gt;</a>&nbsp;&nbsp;&nbsp;SPI_I2S_ReceiveData
<LI><a href="#[158]">&gt;&gt;</a>&nbsp;&nbsp;&nbsp;SPI_I2S_GetFlagStatus
<LI><a href="#[a5]">&gt;&gt;</a>&nbsp;&nbsp;&nbsp;LIS302DL_TIMEOUT_UserCallback
</UL>
<BR>[Called By]<UL><LI><a href="#[15f]">&gt;&gt;</a>&nbsp;&nbsp;&nbsp;LIS302DL_Read
<LI><a href="#[a4]">&gt;&gt;</a>&nbsp;&nbsp;&nbsp;LIS302DL_Write
</UL>

<P><STRONG><a name="[15b]"></a>LIS302DL_LowLevel_Init</STRONG> (Thumb, 276 bytes, Stack size 48 bytes, stm32f4_discovery_lis302dl.o(.text), UNUSED)
<BR><BR>[Calls]<UL><LI><a href="#[15d]">&gt;&gt;</a>&nbsp;&nbsp;&nbsp;SPI_Init
<LI><a href="#[15c]">&gt;&gt;</a>&nbsp;&nbsp;&nbsp;SPI_I2S_DeInit
<LI><a href="#[15e]">&gt;&gt;</a>&nbsp;&nbsp;&nbsp;SPI_Cmd
<LI><a href="#[b6]">&gt;&gt;</a>&nbsp;&nbsp;&nbsp;GPIO_SetBits
<LI><a href="#[a7]">&gt;&gt;</a>&nbsp;&nbsp;&nbsp;RCC_APB2PeriphClockCmd
<LI><a href="#[80]">&gt;&gt;</a>&nbsp;&nbsp;&nbsp;RCC_AHB1PeriphClockCmd
<LI><a href="#[82]">&gt;&gt;</a>&nbsp;&nbsp;&nbsp;GPIO_PinAFConfig
<LI><a href="#[83]">&gt;&gt;</a>&nbsp;&nbsp;&nbsp;GPIO_Init
</UL>
<BR>[Called By]<UL><LI><a href="#[a2]">&gt;&gt;</a>&nbsp;&nbsp;&nbsp;LIS302DL_Init
</UL>

<P><STRONG><a name="[17f]"></a>mem_cpy</STRONG> (Thumb, 16 bytes, Stack size 0 bytes, ff.o(.text))
<BR><BR>[Called By]<UL><LI><a href="#[b2]">&gt;&gt;</a>&nbsp;&nbsp;&nbsp;f_write
<LI><a href="#[73]">&gt;&gt;</a>&nbsp;&nbsp;&nbsp;f_read
<LI><a href="#[195]">&gt;&gt;</a>&nbsp;&nbsp;&nbsp;f_rename
<LI><a href="#[192]">&gt;&gt;</a>&nbsp;&nbsp;&nbsp;f_mkdir
<LI><a href="#[191]">&gt;&gt;</a>&nbsp;&nbsp;&nbsp;f_unlink
<LI><a href="#[17e]">&gt;&gt;</a>&nbsp;&nbsp;&nbsp;dir_register
</UL>

<P><STRONG><a name="[172]"></a>mem_set</STRONG> (Thumb, 14 bytes, Stack size 0 bytes, ff.o(.text))
<BR><BR>[Called By]<UL><LI><a href="#[192]">&gt;&gt;</a>&nbsp;&nbsp;&nbsp;f_mkdir
<LI><a href="#[181]">&gt;&gt;</a>&nbsp;&nbsp;&nbsp;create_name
<LI><a href="#[17e]">&gt;&gt;</a>&nbsp;&nbsp;&nbsp;dir_register
<LI><a href="#[17a]">&gt;&gt;</a>&nbsp;&nbsp;&nbsp;dir_next
<LI><a href="#[171]">&gt;&gt;</a>&nbsp;&nbsp;&nbsp;sync
</UL>

<P><STRONG><a name="[17c]"></a>mem_cmp</STRONG> (Thumb, 24 bytes, Stack size 8 bytes, ff.o(.text))
<BR><BR>[Stack]<UL><LI>Max Depth = 8<LI>Call Chain = mem_cmp
</UL>
<BR>[Called By]<UL><LI><a href="#[17b]">&gt;&gt;</a>&nbsp;&nbsp;&nbsp;dir_find
</UL>

<P><STRONG><a name="[182]"></a>chk_chr</STRONG> (Thumb, 16 bytes, Stack size 0 bytes, ff.o(.text))
<BR><BR>[Called By]<UL><LI><a href="#[181]">&gt;&gt;</a>&nbsp;&nbsp;&nbsp;create_name
</UL>

<P><STRONG><a name="[16e]"></a>move_window</STRONG> (Thumb, 110 bytes, Stack size 24 bytes, ff.o(.text))
<BR><BR>[Stack]<UL><LI>Max Depth = 188<LI>Call Chain = move_window &rArr; disk_write &rArr; SD_WriteMultiBlocks &rArr; SD_LowLevel_DMA_TxConfig &rArr; DMA_DeInit
</UL>
<BR>[Calls]<UL><LI><a href="#[16f]">&gt;&gt;</a>&nbsp;&nbsp;&nbsp;disk_write
<LI><a href="#[170]">&gt;&gt;</a>&nbsp;&nbsp;&nbsp;disk_read
</UL>
<BR>[Called By]<UL><LI><a href="#[6f]">&gt;&gt;</a>&nbsp;&nbsp;&nbsp;f_open
<LI><a href="#[195]">&gt;&gt;</a>&nbsp;&nbsp;&nbsp;f_rename
<LI><a href="#[192]">&gt;&gt;</a>&nbsp;&nbsp;&nbsp;f_mkdir
<LI><a href="#[18f]">&gt;&gt;</a>&nbsp;&nbsp;&nbsp;f_getfree
<LI><a href="#[18a]">&gt;&gt;</a>&nbsp;&nbsp;&nbsp;f_sync
<LI><a href="#[175]">&gt;&gt;</a>&nbsp;&nbsp;&nbsp;put_fat
<LI><a href="#[174]">&gt;&gt;</a>&nbsp;&nbsp;&nbsp;get_fat
<LI><a href="#[180]">&gt;&gt;</a>&nbsp;&nbsp;&nbsp;dir_remove
<LI><a href="#[17e]">&gt;&gt;</a>&nbsp;&nbsp;&nbsp;dir_register
<LI><a href="#[17d]">&gt;&gt;</a>&nbsp;&nbsp;&nbsp;dir_read
<LI><a href="#[17b]">&gt;&gt;</a>&nbsp;&nbsp;&nbsp;dir_find
<LI><a href="#[17a]">&gt;&gt;</a>&nbsp;&nbsp;&nbsp;dir_next
<LI><a href="#[171]">&gt;&gt;</a>&nbsp;&nbsp;&nbsp;sync
</UL>

<P><STRONG><a name="[171]"></a>sync</STRONG> (Thumb, 186 bytes, Stack size 24 bytes, ff.o(.text))
<BR><BR>[Stack]<UL><LI>Max Depth = 212<LI>Call Chain = sync &rArr; move_window &rArr; disk_write &rArr; SD_WriteMultiBlocks &rArr; SD_LowLevel_DMA_TxConfig &rArr; DMA_DeInit
</UL>
<BR>[Calls]<UL><LI><a href="#[16f]">&gt;&gt;</a>&nbsp;&nbsp;&nbsp;disk_write
<LI><a href="#[173]">&gt;&gt;</a>&nbsp;&nbsp;&nbsp;disk_ioctl
<LI><a href="#[16e]">&gt;&gt;</a>&nbsp;&nbsp;&nbsp;move_window
<LI><a href="#[172]">&gt;&gt;</a>&nbsp;&nbsp;&nbsp;mem_set
</UL>
<BR>[Called By]<UL><LI><a href="#[195]">&gt;&gt;</a>&nbsp;&nbsp;&nbsp;f_rename
<LI><a href="#[194]">&gt;&gt;</a>&nbsp;&nbsp;&nbsp;f_utime
<LI><a href="#[193]">&gt;&gt;</a>&nbsp;&nbsp;&nbsp;f_chmod
<LI><a href="#[192]">&gt;&gt;</a>&nbsp;&nbsp;&nbsp;f_mkdir
<LI><a href="#[191]">&gt;&gt;</a>&nbsp;&nbsp;&nbsp;f_unlink
<LI><a href="#[18a]">&gt;&gt;</a>&nbsp;&nbsp;&nbsp;f_sync
</UL>

<P><STRONG><a name="[176]"></a>remove_chain</STRONG> (Thumb, 100 bytes, Stack size 24 bytes, ff.o(.text))
<BR><BR>[Stack]<UL><LI>Max Depth = 244<LI>Call Chain = remove_chain &rArr; put_fat &rArr; move_window &rArr; disk_write &rArr; SD_WriteMultiBlocks &rArr; SD_LowLevel_DMA_TxConfig &rArr; DMA_DeInit
</UL>
<BR>[Calls]<UL><LI><a href="#[175]">&gt;&gt;</a>&nbsp;&nbsp;&nbsp;put_fat
<LI><a href="#[174]">&gt;&gt;</a>&nbsp;&nbsp;&nbsp;get_fat
</UL>
<BR>[Called By]<UL><LI><a href="#[6f]">&gt;&gt;</a>&nbsp;&nbsp;&nbsp;f_open
<LI><a href="#[192]">&gt;&gt;</a>&nbsp;&nbsp;&nbsp;f_mkdir
<LI><a href="#[191]">&gt;&gt;</a>&nbsp;&nbsp;&nbsp;f_unlink
<LI><a href="#[190]">&gt;&gt;</a>&nbsp;&nbsp;&nbsp;f_truncate
</UL>

<P><STRONG><a name="[177]"></a>create_chain</STRONG> (Thumb, 158 bytes, Stack size 24 bytes, ff.o(.text))
<BR><BR>[Stack]<UL><LI>Max Depth = 244<LI>Call Chain = create_chain &rArr; put_fat &rArr; move_window &rArr; disk_write &rArr; SD_WriteMultiBlocks &rArr; SD_LowLevel_DMA_TxConfig &rArr; DMA_DeInit
</UL>
<BR>[Calls]<UL><LI><a href="#[175]">&gt;&gt;</a>&nbsp;&nbsp;&nbsp;put_fat
<LI><a href="#[174]">&gt;&gt;</a>&nbsp;&nbsp;&nbsp;get_fat
</UL>
<BR>[Called By]<UL><LI><a href="#[b2]">&gt;&gt;</a>&nbsp;&nbsp;&nbsp;f_write
<LI><a href="#[70]">&gt;&gt;</a>&nbsp;&nbsp;&nbsp;f_lseek
<LI><a href="#[192]">&gt;&gt;</a>&nbsp;&nbsp;&nbsp;f_mkdir
<LI><a href="#[17a]">&gt;&gt;</a>&nbsp;&nbsp;&nbsp;dir_next
</UL>

<P><STRONG><a name="[178]"></a>dir_sdi</STRONG> (Thumb, 140 bytes, Stack size 16 bytes, ff.o(.text))
<BR><BR>[Stack]<UL><LI>Max Depth = 228<LI>Call Chain = dir_sdi &rArr; get_fat &rArr; move_window &rArr; disk_write &rArr; SD_WriteMultiBlocks &rArr; SD_LowLevel_DMA_TxConfig &rArr; DMA_DeInit
</UL>
<BR>[Calls]<UL><LI><a href="#[174]">&gt;&gt;</a>&nbsp;&nbsp;&nbsp;get_fat
<LI><a href="#[179]">&gt;&gt;</a>&nbsp;&nbsp;&nbsp;clust2sect
</UL>
<BR>[Called By]<UL><LI><a href="#[191]">&gt;&gt;</a>&nbsp;&nbsp;&nbsp;f_unlink
<LI><a href="#[18c]">&gt;&gt;</a>&nbsp;&nbsp;&nbsp;f_readdir
<LI><a href="#[18b]">&gt;&gt;</a>&nbsp;&nbsp;&nbsp;f_opendir
<LI><a href="#[183]">&gt;&gt;</a>&nbsp;&nbsp;&nbsp;follow_path
<LI><a href="#[180]">&gt;&gt;</a>&nbsp;&nbsp;&nbsp;dir_remove
<LI><a href="#[17e]">&gt;&gt;</a>&nbsp;&nbsp;&nbsp;dir_register
<LI><a href="#[17b]">&gt;&gt;</a>&nbsp;&nbsp;&nbsp;dir_find
</UL>

<P><STRONG><a name="[17a]"></a>dir_next</STRONG> (Thumb, 260 bytes, Stack size 24 bytes, ff.o(.text))
<BR><BR>[Stack]<UL><LI>Max Depth = 268<LI>Call Chain = dir_next &rArr; create_chain &rArr; put_fat &rArr; move_window &rArr; disk_write &rArr; SD_WriteMultiBlocks &rArr; SD_LowLevel_DMA_TxConfig &rArr; DMA_DeInit
</UL>
<BR>[Calls]<UL><LI><a href="#[174]">&gt;&gt;</a>&nbsp;&nbsp;&nbsp;get_fat
<LI><a href="#[179]">&gt;&gt;</a>&nbsp;&nbsp;&nbsp;clust2sect
<LI><a href="#[177]">&gt;&gt;</a>&nbsp;&nbsp;&nbsp;create_chain
<LI><a href="#[16e]">&gt;&gt;</a>&nbsp;&nbsp;&nbsp;move_window
<LI><a href="#[172]">&gt;&gt;</a>&nbsp;&nbsp;&nbsp;mem_set
</UL>
<BR>[Called By]<UL><LI><a href="#[18c]">&gt;&gt;</a>&nbsp;&nbsp;&nbsp;f_readdir
<LI><a href="#[17e]">&gt;&gt;</a>&nbsp;&nbsp;&nbsp;dir_register
<LI><a href="#[17d]">&gt;&gt;</a>&nbsp;&nbsp;&nbsp;dir_read
<LI><a href="#[17b]">&gt;&gt;</a>&nbsp;&nbsp;&nbsp;dir_find
</UL>

<P><STRONG><a name="[17b]"></a>dir_find</STRONG> (Thumb, 72 bytes, Stack size 16 bytes, ff.o(.text))
<BR><BR>[Stack]<UL><LI>Max Depth = 284<LI>Call Chain = dir_find &rArr; dir_next &rArr; create_chain &rArr; put_fat &rArr; move_window &rArr; disk_write &rArr; SD_WriteMultiBlocks &rArr; SD_LowLevel_DMA_TxConfig &rArr; DMA_DeInit
</UL>
<BR>[Calls]<UL><LI><a href="#[17a]">&gt;&gt;</a>&nbsp;&nbsp;&nbsp;dir_next
<LI><a href="#[178]">&gt;&gt;</a>&nbsp;&nbsp;&nbsp;dir_sdi
<LI><a href="#[16e]">&gt;&gt;</a>&nbsp;&nbsp;&nbsp;move_window
<LI><a href="#[17c]">&gt;&gt;</a>&nbsp;&nbsp;&nbsp;mem_cmp
</UL>
<BR>[Called By]<UL><LI><a href="#[183]">&gt;&gt;</a>&nbsp;&nbsp;&nbsp;follow_path
</UL>

<P><STRONG><a name="[17d]"></a>dir_read</STRONG> (Thumb, 68 bytes, Stack size 8 bytes, ff.o(.text), UNUSED)
<BR><BR>[Calls]<UL><LI><a href="#[17a]">&gt;&gt;</a>&nbsp;&nbsp;&nbsp;dir_next
<LI><a href="#[16e]">&gt;&gt;</a>&nbsp;&nbsp;&nbsp;move_window
</UL>
<BR>[Called By]<UL><LI><a href="#[191]">&gt;&gt;</a>&nbsp;&nbsp;&nbsp;f_unlink
<LI><a href="#[18c]">&gt;&gt;</a>&nbsp;&nbsp;&nbsp;f_readdir
</UL>

<P><STRONG><a name="[17e]"></a>dir_register</STRONG> (Thumb, 98 bytes, Stack size 16 bytes, ff.o(.text))
<BR><BR>[Stack]<UL><LI>Max Depth = 284<LI>Call Chain = dir_register &rArr; dir_next &rArr; create_chain &rArr; put_fat &rArr; move_window &rArr; disk_write &rArr; SD_WriteMultiBlocks &rArr; SD_LowLevel_DMA_TxConfig &rArr; DMA_DeInit
</UL>
<BR>[Calls]<UL><LI><a href="#[17a]">&gt;&gt;</a>&nbsp;&nbsp;&nbsp;dir_next
<LI><a href="#[178]">&gt;&gt;</a>&nbsp;&nbsp;&nbsp;dir_sdi
<LI><a href="#[16e]">&gt;&gt;</a>&nbsp;&nbsp;&nbsp;move_window
<LI><a href="#[172]">&gt;&gt;</a>&nbsp;&nbsp;&nbsp;mem_set
<LI><a href="#[17f]">&gt;&gt;</a>&nbsp;&nbsp;&nbsp;mem_cpy
</UL>
<BR>[Called By]<UL><LI><a href="#[6f]">&gt;&gt;</a>&nbsp;&nbsp;&nbsp;f_open
<LI><a href="#[195]">&gt;&gt;</a>&nbsp;&nbsp;&nbsp;f_rename
<LI><a href="#[192]">&gt;&gt;</a>&nbsp;&nbsp;&nbsp;f_mkdir
</UL>

<P><STRONG><a name="[180]"></a>dir_remove</STRONG> (Thumb, 42 bytes, Stack size 8 bytes, ff.o(.text), UNUSED)
<BR><BR>[Calls]<UL><LI><a href="#[178]">&gt;&gt;</a>&nbsp;&nbsp;&nbsp;dir_sdi
<LI><a href="#[16e]">&gt;&gt;</a>&nbsp;&nbsp;&nbsp;move_window
</UL>
<BR>[Called By]<UL><LI><a href="#[195]">&gt;&gt;</a>&nbsp;&nbsp;&nbsp;f_rename
<LI><a href="#[191]">&gt;&gt;</a>&nbsp;&nbsp;&nbsp;f_unlink
</UL>

<P><STRONG><a name="[181]"></a>create_name</STRONG> (Thumb, 298 bytes, Stack size 40 bytes, ff.o(.text))
<BR><BR>[Stack]<UL><LI>Max Depth = 40<LI>Call Chain = create_name
</UL>
<BR>[Calls]<UL><LI><a href="#[182]">&gt;&gt;</a>&nbsp;&nbsp;&nbsp;chk_chr
<LI><a href="#[172]">&gt;&gt;</a>&nbsp;&nbsp;&nbsp;mem_set
</UL>
<BR>[Called By]<UL><LI><a href="#[183]">&gt;&gt;</a>&nbsp;&nbsp;&nbsp;follow_path
</UL>

<P><STRONG><a name="[18d]"></a>get_fileinfo</STRONG> (Thumb, 120 bytes, Stack size 12 bytes, ff.o(.text), UNUSED)
<BR><BR>[Called By]<UL><LI><a href="#[18e]">&gt;&gt;</a>&nbsp;&nbsp;&nbsp;f_stat
<LI><a href="#[18c]">&gt;&gt;</a>&nbsp;&nbsp;&nbsp;f_readdir
</UL>

<P><STRONG><a name="[183]"></a>follow_path</STRONG> (Thumb, 120 bytes, Stack size 24 bytes, ff.o(.text))
<BR><BR>[Stack]<UL><LI>Max Depth = 308<LI>Call Chain = follow_path &rArr; dir_find &rArr; dir_next &rArr; create_chain &rArr; put_fat &rArr; move_window &rArr; disk_write &rArr; SD_WriteMultiBlocks &rArr; SD_LowLevel_DMA_TxConfig &rArr; DMA_DeInit
</UL>
<BR>[Calls]<UL><LI><a href="#[181]">&gt;&gt;</a>&nbsp;&nbsp;&nbsp;create_name
<LI><a href="#[17b]">&gt;&gt;</a>&nbsp;&nbsp;&nbsp;dir_find
<LI><a href="#[178]">&gt;&gt;</a>&nbsp;&nbsp;&nbsp;dir_sdi
</UL>
<BR>[Called By]<UL><LI><a href="#[6f]">&gt;&gt;</a>&nbsp;&nbsp;&nbsp;f_open
<LI><a href="#[195]">&gt;&gt;</a>&nbsp;&nbsp;&nbsp;f_rename
<LI><a href="#[194]">&gt;&gt;</a>&nbsp;&nbsp;&nbsp;f_utime
<LI><a href="#[193]">&gt;&gt;</a>&nbsp;&nbsp;&nbsp;f_chmod
<LI><a href="#[192]">&gt;&gt;</a>&nbsp;&nbsp;&nbsp;f_mkdir
<LI><a href="#[191]">&gt;&gt;</a>&nbsp;&nbsp;&nbsp;f_unlink
<LI><a href="#[18e]">&gt;&gt;</a>&nbsp;&nbsp;&nbsp;f_stat
<LI><a href="#[18b]">&gt;&gt;</a>&nbsp;&nbsp;&nbsp;f_opendir
</UL>

<P><STRONG><a name="[184]"></a>check_fs</STRONG> (Thumb, 124 bytes, Stack size 8 bytes, ff.o(.text))
<BR><BR>[Stack]<UL><LI>Max Depth = 172<LI>Call Chain = check_fs &rArr; disk_read &rArr; SD_ReadMultiBlocks &rArr; SD_LowLevel_DMA_RxConfig &rArr; DMA_DeInit
</UL>
<BR>[Calls]<UL><LI><a href="#[170]">&gt;&gt;</a>&nbsp;&nbsp;&nbsp;disk_read
</UL>
<BR>[Called By]<UL><LI><a href="#[185]">&gt;&gt;</a>&nbsp;&nbsp;&nbsp;chk_mounted
</UL>

<P><STRONG><a name="[185]"></a>chk_mounted</STRONG> (Thumb, 768 bytes, Stack size 32 bytes, ff.o(.text))
<BR><BR>[Stack]<UL><LI>Max Depth = 204<LI>Call Chain = chk_mounted &rArr; check_fs &rArr; disk_read &rArr; SD_ReadMultiBlocks &rArr; SD_LowLevel_DMA_RxConfig &rArr; DMA_DeInit
</UL>
<BR>[Calls]<UL><LI><a href="#[186]">&gt;&gt;</a>&nbsp;&nbsp;&nbsp;disk_status
<LI><a href="#[170]">&gt;&gt;</a>&nbsp;&nbsp;&nbsp;disk_read
<LI><a href="#[187]">&gt;&gt;</a>&nbsp;&nbsp;&nbsp;disk_initialize
<LI><a href="#[184]">&gt;&gt;</a>&nbsp;&nbsp;&nbsp;check_fs
</UL>
<BR>[Called By]<UL><LI><a href="#[6f]">&gt;&gt;</a>&nbsp;&nbsp;&nbsp;f_open
<LI><a href="#[195]">&gt;&gt;</a>&nbsp;&nbsp;&nbsp;f_rename
<LI><a href="#[194]">&gt;&gt;</a>&nbsp;&nbsp;&nbsp;f_utime
<LI><a href="#[193]">&gt;&gt;</a>&nbsp;&nbsp;&nbsp;f_chmod
<LI><a href="#[192]">&gt;&gt;</a>&nbsp;&nbsp;&nbsp;f_mkdir
<LI><a href="#[191]">&gt;&gt;</a>&nbsp;&nbsp;&nbsp;f_unlink
<LI><a href="#[18f]">&gt;&gt;</a>&nbsp;&nbsp;&nbsp;f_getfree
<LI><a href="#[18e]">&gt;&gt;</a>&nbsp;&nbsp;&nbsp;f_stat
<LI><a href="#[18b]">&gt;&gt;</a>&nbsp;&nbsp;&nbsp;f_opendir
</UL>

<P><STRONG><a name="[188]"></a>validate</STRONG> (Thumb, 38 bytes, Stack size 8 bytes, ff.o(.text))
<BR><BR>[Stack]<UL><LI>Max Depth = 8<LI>Call Chain = validate
</UL>
<BR>[Calls]<UL><LI><a href="#[186]">&gt;&gt;</a>&nbsp;&nbsp;&nbsp;disk_status
</UL>
<BR>[Called By]<UL><LI><a href="#[b2]">&gt;&gt;</a>&nbsp;&nbsp;&nbsp;f_write
<LI><a href="#[73]">&gt;&gt;</a>&nbsp;&nbsp;&nbsp;f_read
<LI><a href="#[70]">&gt;&gt;</a>&nbsp;&nbsp;&nbsp;f_lseek
<LI><a href="#[190]">&gt;&gt;</a>&nbsp;&nbsp;&nbsp;f_truncate
<LI><a href="#[18c]">&gt;&gt;</a>&nbsp;&nbsp;&nbsp;f_readdir
<LI><a href="#[18a]">&gt;&gt;</a>&nbsp;&nbsp;&nbsp;f_sync
</UL>

<P><STRONG><a name="[1a8]"></a>escape_payload_and_transmit_no_ESC</STRONG> (Thumb, 76 bytes, Stack size 24 bytes, sn8200_core.o(.text))
<BR><BR>[Stack]<UL><LI>Max Depth = 64<LI>Call Chain = escape_payload_and_transmit_no_ESC &rArr; dummy_tx &rArr; SN8200_HAL_SendData
</UL>
<BR>[Calls]<UL><LI><a href="#[1a6]">&gt;&gt;</a>&nbsp;&nbsp;&nbsp;dummy_tx
</UL>
<BR>[Called By]<UL><LI><a href="#[1a9]">&gt;&gt;</a>&nbsp;&nbsp;&nbsp;no_ESC_transmit
</UL>

<P><STRONG><a name="[1ae]"></a>calc_escaped_payload_len_no_ESC</STRONG> (Thumb, 40 bytes, Stack size 8 bytes, sn8200_core.o(.text))
<BR><BR>[Stack]<UL><LI>Max Depth = 8<LI>Call Chain = calc_escaped_payload_len_no_ESC
</UL>
<BR>[Called By]<UL><LI><a href="#[19f]">&gt;&gt;</a>&nbsp;&nbsp;&nbsp;serial_transmit
</UL>

<P><STRONG><a name="[1a9]"></a>no_ESC_transmit</STRONG> (Thumb, 106 bytes, Stack size 32 bytes, sn8200_core.o(.text))
<BR><BR>[Stack]<UL><LI>Max Depth = 96<LI>Call Chain = no_ESC_transmit &rArr; escape_payload_and_transmit_no_ESC &rArr; dummy_tx &rArr; SN8200_HAL_SendData
</UL>
<BR>[Calls]<UL><LI><a href="#[1a6]">&gt;&gt;</a>&nbsp;&nbsp;&nbsp;dummy_tx
<LI><a href="#[1a8]">&gt;&gt;</a>&nbsp;&nbsp;&nbsp;escape_payload_and_transmit_no_ESC
</UL>
<BR>[Called By]<UL><LI><a href="#[19f]">&gt;&gt;</a>&nbsp;&nbsp;&nbsp;serial_transmit
</UL>

<P><STRONG><a name="[1c2]"></a>_printf_core</STRONG> (Thumb, 996 bytes, Stack size 104 bytes, printf8.o(i._printf_core), UNUSED)
<BR><BR>[Calls]<UL><LI><a href="#[1b8]">&gt;&gt;</a>&nbsp;&nbsp;&nbsp;__aeabi_uldivmod
<LI><a href="#[1c4]">&gt;&gt;</a>&nbsp;&nbsp;&nbsp;_printf_pre_padding
<LI><a href="#[1c5]">&gt;&gt;</a>&nbsp;&nbsp;&nbsp;_printf_post_padding
</UL>
<BR>[Called By]<UL><LI><a href="#[1c3]">&gt;&gt;</a>&nbsp;&nbsp;&nbsp;__0sprintf$8
<LI><a href="#[1c1]">&gt;&gt;</a>&nbsp;&nbsp;&nbsp;__0printf$8
</UL>

<P><STRONG><a name="[1c5]"></a>_printf_post_padding</STRONG> (Thumb, 38 bytes, Stack size 24 bytes, printf8.o(i._printf_post_padding), UNUSED)
<BR><BR>[Called By]<UL><LI><a href="#[1c2]">&gt;&gt;</a>&nbsp;&nbsp;&nbsp;_printf_core
</UL>

<P><STRONG><a name="[1c4]"></a>_printf_pre_padding</STRONG> (Thumb, 48 bytes, Stack size 24 bytes, printf8.o(i._printf_pre_padding), UNUSED)
<BR><BR>[Called By]<UL><LI><a href="#[1c2]">&gt;&gt;</a>&nbsp;&nbsp;&nbsp;_printf_core
</UL>

<P><STRONG><a name="[65]"></a>_sputc</STRONG> (Thumb, 10 bytes, Stack size 0 bytes, printf8.o(i._sputc))
<BR><BR>[Called By]<UL><LI><a href="#[1c3]">&gt;&gt;</a>&nbsp;&nbsp;&nbsp;__0sprintf$8
</UL>
<BR>[Address Reference Count : 1]<UL><LI> printf8.o(i.__0sprintf$8)
</UL>
<P><STRONG><a name="[62]"></a>_scanf_char_input</STRONG> (Thumb, 12 bytes, Stack size 0 bytes, scanf_char.o(.text))
<BR>[Address Reference Count : 1]<UL><LI> scanf_char.o(.text)
</UL><P>
<H3>
Undefined Global Symbols
</H3><HR></body></html>
