###############################################################################
#                                                                             #
# IAR ELF Linker V6.70.2.6274/W32 for ARM               25/Nov/2014  03:37:18 #
# Copyright 2007-2013 IAR Systems AB.                                         #
#                                                                             #
#    Output file  =  D:\Project\STM32F4\TMP\STM32F4DIS-BB Software Examples   #
#                    20130307\STM32F4xx_Camera_Example\Project\OV9655_Camera\ #
#                    EWARM\Discover-More\Exe\Project.out                      #
#    Map file     =  D:\Project\STM32F4\TMP\STM32F4DIS-BB Software Examples   #
#                    20130307\STM32F4xx_Camera_Example\Project\OV9655_Camera\ #
#                    EWARM\Discover-More\List\Project.map                     #
#    Command line =  "D:\Project\STM32F4\TMP\STM32F4DIS-BB Software Examples  #
#                    20130307\STM32F4xx_Camera_Example\Project\OV9655_Camera\ #
#                    EWARM\Discover-More\Obj\bmp.o"                           #
#                    "D:\Project\STM32F4\TMP\STM32F4DIS-BB Software Examples  #
#                    20130307\STM32F4xx_Camera_Example\Project\OV9655_Camera\ #
#                    EWARM\Discover-More\Obj\dcmi_ov9655.o"                   #
#                    "D:\Project\STM32F4\TMP\STM32F4DIS-BB Software Examples  #
#                    20130307\STM32F4xx_Camera_Example\Project\OV9655_Camera\ #
#                    EWARM\Discover-More\Obj\diskio.o"                        #
#                    "D:\Project\STM32F4\TMP\STM32F4DIS-BB Software Examples  #
#                    20130307\STM32F4xx_Camera_Example\Project\OV9655_Camera\ #
#                    EWARM\Discover-More\Obj\ff.o"                            #
#                    "D:\Project\STM32F4\TMP\STM32F4DIS-BB Software Examples  #
#                    20130307\STM32F4xx_Camera_Example\Project\OV9655_Camera\ #
#                    EWARM\Discover-More\Obj\main.o"                          #
#                    "D:\Project\STM32F4\TMP\STM32F4DIS-BB Software Examples  #
#                    20130307\STM32F4xx_Camera_Example\Project\OV9655_Camera\ #
#                    EWARM\Discover-More\Obj\misc.o"                          #
#                    "D:\Project\STM32F4\TMP\STM32F4DIS-BB Software Examples  #
#                    20130307\STM32F4xx_Camera_Example\Project\OV9655_Camera\ #
#                    EWARM\Discover-More\Obj\startup_stm32f4xx.o"             #
#                    "D:\Project\STM32F4\TMP\STM32F4DIS-BB Software Examples  #
#                    20130307\STM32F4xx_Camera_Example\Project\OV9655_Camera\ #
#                    EWARM\Discover-More\Obj\stm32f4_discovery.o"             #
#                    "D:\Project\STM32F4\TMP\STM32F4DIS-BB Software Examples  #
#                    20130307\STM32F4xx_Camera_Example\Project\OV9655_Camera\ #
#                    EWARM\Discover-More\Obj\stm32f4_discovery_lcd.o"         #
#                    "D:\Project\STM32F4\TMP\STM32F4DIS-BB Software Examples  #
#                    20130307\STM32F4xx_Camera_Example\Project\OV9655_Camera\ #
#                    EWARM\Discover-More\Obj\stm32f4_discovery_lis302dl.o"    #
#                    "D:\Project\STM32F4\TMP\STM32F4DIS-BB Software Examples  #
#                    20130307\STM32F4xx_Camera_Example\Project\OV9655_Camera\ #
#                    EWARM\Discover-More\Obj\stm32f4_discovery_sdio_sd.o"     #
#                    "D:\Project\STM32F4\TMP\STM32F4DIS-BB Software Examples  #
#                    20130307\STM32F4xx_Camera_Example\Project\OV9655_Camera\ #
#                    EWARM\Discover-More\Obj\stm32f4xx_dcmi.o"                #
#                    "D:\Project\STM32F4\TMP\STM32F4DIS-BB Software Examples  #
#                    20130307\STM32F4xx_Camera_Example\Project\OV9655_Camera\ #
#                    EWARM\Discover-More\Obj\stm32f4xx_dma.o"                 #
#                    "D:\Project\STM32F4\TMP\STM32F4DIS-BB Software Examples  #
#                    20130307\STM32F4xx_Camera_Example\Project\OV9655_Camera\ #
#                    EWARM\Discover-More\Obj\stm32f4xx_exti.o"                #
#                    "D:\Project\STM32F4\TMP\STM32F4DIS-BB Software Examples  #
#                    20130307\STM32F4xx_Camera_Example\Project\OV9655_Camera\ #
#                    EWARM\Discover-More\Obj\stm32f4xx_fsmc.o"                #
#                    "D:\Project\STM32F4\TMP\STM32F4DIS-BB Software Examples  #
#                    20130307\STM32F4xx_Camera_Example\Project\OV9655_Camera\ #
#                    EWARM\Discover-More\Obj\stm32f4xx_gpio.o"                #
#                    "D:\Project\STM32F4\TMP\STM32F4DIS-BB Software Examples  #
#                    20130307\STM32F4xx_Camera_Example\Project\OV9655_Camera\ #
#                    EWARM\Discover-More\Obj\stm32f4xx_i2c.o"                 #
#                    "D:\Project\STM32F4\TMP\STM32F4DIS-BB Software Examples  #
#                    20130307\STM32F4xx_Camera_Example\Project\OV9655_Camera\ #
#                    EWARM\Discover-More\Obj\stm32f4xx_it.o"                  #
#                    "D:\Project\STM32F4\TMP\STM32F4DIS-BB Software Examples  #
#                    20130307\STM32F4xx_Camera_Example\Project\OV9655_Camera\ #
#                    EWARM\Discover-More\Obj\stm32f4xx_rcc.o"                 #
#                    "D:\Project\STM32F4\TMP\STM32F4DIS-BB Software Examples  #
#                    20130307\STM32F4xx_Camera_Example\Project\OV9655_Camera\ #
#                    EWARM\Discover-More\Obj\stm32f4xx_sdio.o"                #
#                    "D:\Project\STM32F4\TMP\STM32F4DIS-BB Software Examples  #
#                    20130307\STM32F4xx_Camera_Example\Project\OV9655_Camera\ #
#                    EWARM\Discover-More\Obj\stm32f4xx_spi.o"                 #
#                    "D:\Project\STM32F4\TMP\STM32F4DIS-BB Software Examples  #
#                    20130307\STM32F4xx_Camera_Example\Project\OV9655_Camera\ #
#                    EWARM\Discover-More\Obj\stm32f4xx_syscfg.o"              #
#                    "D:\Project\STM32F4\TMP\STM32F4DIS-BB Software Examples  #
#                    20130307\STM32F4xx_Camera_Example\Project\OV9655_Camera\ #
#                    EWARM\Discover-More\Obj\stm32f4xx_usart.o"               #
#                    "D:\Project\STM32F4\TMP\STM32F4DIS-BB Software Examples  #
#                    20130307\STM32F4xx_Camera_Example\Project\OV9655_Camera\ #
#                    EWARM\Discover-More\Obj\system_stm32f4xx.o" --redirect   #
#                    _Printf=_PrintfSmall --redirect _Scanf=_ScanfSmall -o    #
#                    "D:\Project\STM32F4\TMP\STM32F4DIS-BB Software Examples  #
#                    20130307\STM32F4xx_Camera_Example\Project\OV9655_Camera\ #
#                    EWARM\Discover-More\Exe\Project.out" --map               #
#                    "D:\Project\STM32F4\TMP\STM32F4DIS-BB Software Examples  #
#                    20130307\STM32F4xx_Camera_Example\Project\OV9655_Camera\ #
#                    EWARM\Discover-More\List\Project.map" --config           #
#                    "D:\Project\STM32F4\TMP\STM32F4DIS-BB Software Examples  #
#                    20130307\STM32F4xx_Camera_Example\Project\OV9655_Camera\ #
#                    EWARM\stm32f4xx_flash.icf" --semihosting --entry         #
#                    __iar_program_start --vfe                                #
#                                                                             #
#                                                                             #
###############################################################################

*******************************************************************************
*** RUNTIME MODEL ATTRIBUTES
***

CppFlavor                     = *
__Heap_Handler                = Basic
__SystemLibrary               = DLib
__dlib_dynamic_initialization = normal


*******************************************************************************
*** PLACEMENT SUMMARY
***

"A1":  place at 0x08000000 { ro section .intvec };
"P1":  place in [from 0x08000000 to 0x080fffff] { ro };
"P2":  place in [from 0x20000000 to 0x2001ffff] { rw, block CSTACK, block HEAP };

  Section             Kind        Address    Size  Object
  -------             ----        -------    ----  ------
"A1":                                       0x188
  .intvec             ro code  0x08000000   0x188  startup_stm32f4xx.o [1]
                             - 0x08000188   0x188

"P1":                                      0x7648
  .text               ro code  0x08000188  0x1558  stm32f4_discovery_sdio_sd.o [1]
  .text               ro code  0x080016e0   0x1ec  stm32f4_discovery.o [1]
  .text               ro code  0x080018cc   0x174  stm32f4xx_sdio.o [1]
  .text               ro code  0x08001a40   0x116  stm32f4xx_gpio.o [1]
  .text               ro code  0x08001b56    0x2e  copy_init3.o [5]
  .text               ro code  0x08001b84   0x28c  stm32f4xx_dma.o [1]
  .text               ro code  0x08001e10   0x1f4  stm32f4xx_rcc.o [1]
  .text               ro code  0x08002004  0x142a  ff.o [1]
  .text               ro code  0x0800342e    0x22  zero_init3.o [5]
  .text               ro code  0x08003450    0xe8  diskio.o [1]
  .text               ro code  0x08003538    0x88  misc.o [1]
  .rodata             const    0x080035c0  0x11d0  stm32f4_discovery_lcd.o [1]
  .text               ro code  0x08004790   0xa98  dcmi_ov9655.o [1]
  .text               ro code  0x08005228   0x520  main.o [1]
  .text               ro code  0x08005748   0x1fc  stm32f4xx_i2c.o [1]
  .text               ro code  0x08005944   0x5dc  stm32f4_discovery_lcd.o [1]
  .text               ro code  0x08005f20    0x8c  stm32f4xx_dcmi.o [1]
  .text               ro code  0x08005fac   0x218  bmp.o [1]
  .text               ro code  0x080061c4   0x298  stm32f4_discovery_lis302dl.o [1]
  .text               ro code  0x0800645c    0x54  stm32f4xx_syscfg.o [1]
  .text               ro code  0x080064b0    0xc8  stm32f4xx_exti.o [1]
  .text               ro code  0x08006578   0x11c  stm32f4xx_fsmc.o [1]
  .text               ro code  0x08006694     0x6  ABImemclr4.o [5]
  .text               ro code  0x0800669a     0xa  xsprout.o [3]
  .text               ro code  0x080066a4    0x34  sprintf.o [3]
  .text               ro code  0x080066d8    0xdc  stm32f4xx_spi.o [1]
  .text               ro code  0x080067b4    0x32  ABImemset48.o [5]
  .text               ro code  0x080067e8   0x7a0  xprintfsmall.o [3]
  .text               ro code  0x08006f88    0x20  xmbtowc.o [3]
  .text               ro code  0x08006fa8    0x16  strchr.o [5]
  .text               ro code  0x08006fc0    0x36  strlen.o [5]
  .text               ro code  0x08006ff8    0x58  memchr.o [5]
  .text               ro code  0x08007050     0xa  xmbcurmax.o [3]
  .text               ro code  0x0800705c    0xb0  xxmemxmalloc.o [3]
  .text               ro code  0x0800710c    0x1a  xwctomb.o [3]
  .text               ro code  0x08007128    0x76  ABImemcpy_unaligned.o [5]
  .text               ro code  0x080071a0    0x80  xxmemxfree.o [3]
  .text               ro code  0x08007220    0x14  setlocale.o [3]
  .text               ro code  0x08007234    0x60  xencoding_sb.o [3]
  .text               ro code  0x08007294    0x2c  xgetmemchunk.o [3]
  .text               ro code  0x080072c0     0x2  xtls.o [3]
  .text               ro code  0x080072c4   0x154  system_stm32f4xx.o [1]
  .text               ro code  0x08007418    0x48  stm32f4xx_it.o [1]
  .text               ro code  0x08007460    0x28  data_init.o [5]
  .iar.init_table     const    0x08007488    0x24  - Linker created -
  .text               ro code  0x080074ac    0x1a  fpinit_M.o [4]
  .text               ro code  0x080074c8    0x1a  cmain.o [5]
  .text               ro code  0x080074e2     0x4  low_level_init.o [3]
  .text               ro code  0x080074e6     0x4  exit.o [3]
  .text               ro code  0x080074ec     0xa  cexit.o [5]
  .text               ro code  0x080074f8    0x14  exit.o [6]
  .rodata             const    0x0800750c    0x18  main.o [1]
  .rodata             const    0x08007524    0x14  main.o [1]
  .rodata             const    0x08007538    0x14  main.o [1]
  .rodata             const    0x0800754c    0x14  main.o [1]
  .rodata             const    0x08007560    0x14  main.o [1]
  .rodata             const    0x08007574    0x10  ff.o [1]
  .text               ro code  0x08007584    0x10  startup_stm32f4xx.o [1]
  .rodata             const    0x08007594     0xc  bmp.o [1]
  .rodata             const    0x080075a0     0xc  bmp.o [1]
  .text               ro code  0x080075ac     0xc  cstartup_M.o [5]
  .text               ro code  0x080075b8     0x4  startup_stm32f4xx.o [1]
  .text               ro code  0x080075bc     0x4  startup_stm32f4xx.o [1]
  .text               ro code  0x080075c0     0x4  startup_stm32f4xx.o [1]
  .text               ro code  0x080075c4     0x4  startup_stm32f4xx.o [1]
  .text               ro code  0x080075c8     0x4  startup_stm32f4xx.o [1]
  .text               ro code  0x080075cc     0x4  startup_stm32f4xx.o [1]
  .text               ro code  0x080075d0     0x4  startup_stm32f4xx.o [1]
  .text               ro code  0x080075d4     0x4  startup_stm32f4xx.o [1]
  .text               ro code  0x080075d8     0x4  startup_stm32f4xx.o [1]
  .text               ro code  0x080075dc     0x4  startup_stm32f4xx.o [1]
  .text               ro code  0x080075e0     0x4  startup_stm32f4xx.o [1]
  .text               ro code  0x080075e4     0x4  startup_stm32f4xx.o [1]
  .text               ro code  0x080075e8     0x4  startup_stm32f4xx.o [1]
  .text               ro code  0x080075ec     0x4  startup_stm32f4xx.o [1]
  .text               ro code  0x080075f0     0x4  startup_stm32f4xx.o [1]
  .text               ro code  0x080075f4     0x4  startup_stm32f4xx.o [1]
  .text               ro code  0x080075f8     0x4  startup_stm32f4xx.o [1]
  .text               ro code  0x080075fc     0x4  startup_stm32f4xx.o [1]
  .text               ro code  0x08007600     0x4  startup_stm32f4xx.o [1]
  .text               ro code  0x08007604     0x4  startup_stm32f4xx.o [1]
  .text               ro code  0x08007608     0x4  startup_stm32f4xx.o [1]
  .text               ro code  0x0800760c     0x4  startup_stm32f4xx.o [1]
  .text               ro code  0x08007610     0x4  startup_stm32f4xx.o [1]
  .text               ro code  0x08007614     0x4  startup_stm32f4xx.o [1]
  .text               ro code  0x08007618     0x4  startup_stm32f4xx.o [1]
  .text               ro code  0x0800761c     0x4  startup_stm32f4xx.o [1]
  .text               ro code  0x08007620     0x4  startup_stm32f4xx.o [1]
  .text               ro code  0x08007624     0x4  startup_stm32f4xx.o [1]
  .text               ro code  0x08007628     0x4  startup_stm32f4xx.o [1]
  .text               ro code  0x0800762c     0x4  startup_stm32f4xx.o [1]
  .text               ro code  0x08007630     0x4  startup_stm32f4xx.o [1]
  .text               ro code  0x08007634     0x4  startup_stm32f4xx.o [1]
  .text               ro code  0x08007638     0x4  startup_stm32f4xx.o [1]
  .text               ro code  0x0800763c     0x4  startup_stm32f4xx.o [1]
  .text               ro code  0x08007640     0x4  startup_stm32f4xx.o [1]
  .text               ro code  0x08007644     0x4  startup_stm32f4xx.o [1]
  .text               ro code  0x08007648     0x4  startup_stm32f4xx.o [1]
  .text               ro code  0x0800764c     0x4  startup_stm32f4xx.o [1]
  .text               ro code  0x08007650     0x4  startup_stm32f4xx.o [1]
  .text               ro code  0x08007654     0x4  startup_stm32f4xx.o [1]
  .text               ro code  0x08007658     0x4  startup_stm32f4xx.o [1]
  .text               ro code  0x0800765c     0x4  startup_stm32f4xx.o [1]
  .text               ro code  0x08007660     0x4  startup_stm32f4xx.o [1]
  .text               ro code  0x08007664     0x4  startup_stm32f4xx.o [1]
  .text               ro code  0x08007668     0x4  startup_stm32f4xx.o [1]
  .text               ro code  0x0800766c     0x4  startup_stm32f4xx.o [1]
  .text               ro code  0x08007670     0x4  startup_stm32f4xx.o [1]
  .text               ro code  0x08007674     0x4  startup_stm32f4xx.o [1]
  .text               ro code  0x08007678     0x4  startup_stm32f4xx.o [1]
  .text               ro code  0x0800767c     0x4  startup_stm32f4xx.o [1]
  .text               ro code  0x08007680     0x4  startup_stm32f4xx.o [1]
  .text               ro code  0x08007684     0x4  startup_stm32f4xx.o [1]
  .text               ro code  0x08007688     0x4  startup_stm32f4xx.o [1]
  .text               ro code  0x0800768c     0x4  startup_stm32f4xx.o [1]
  .text               ro code  0x08007690     0x4  startup_stm32f4xx.o [1]
  .text               ro code  0x08007694     0x4  startup_stm32f4xx.o [1]
  .text               ro code  0x08007698     0x4  startup_stm32f4xx.o [1]
  .text               ro code  0x0800769c     0x4  startup_stm32f4xx.o [1]
  .text               ro code  0x080076a0     0x4  startup_stm32f4xx.o [1]
  .text               ro code  0x080076a4     0x4  startup_stm32f4xx.o [1]
  .text               ro code  0x080076a8     0x4  startup_stm32f4xx.o [1]
  .text               ro code  0x080076ac     0x4  startup_stm32f4xx.o [1]
  .text               ro code  0x080076b0     0x4  startup_stm32f4xx.o [1]
  .text               ro code  0x080076b4     0x4  startup_stm32f4xx.o [1]
  .text               ro code  0x080076b8     0x4  startup_stm32f4xx.o [1]
  .text               ro code  0x080076bc     0x4  startup_stm32f4xx.o [1]
  .text               ro code  0x080076c0     0x4  startup_stm32f4xx.o [1]
  .text               ro code  0x080076c4     0x4  startup_stm32f4xx.o [1]
  .text               ro code  0x080076c8     0x4  startup_stm32f4xx.o [1]
  .text               ro code  0x080076cc     0x4  startup_stm32f4xx.o [1]
  .text               ro code  0x080076d0     0x4  startup_stm32f4xx.o [1]
  .text               ro code  0x080076d4     0x4  startup_stm32f4xx.o [1]
  .text               ro code  0x080076d8     0x4  startup_stm32f4xx.o [1]
  .text               ro code  0x080076dc     0x4  startup_stm32f4xx.o [1]
  .text               ro code  0x080076e0     0x4  startup_stm32f4xx.o [1]
  .text               ro code  0x080076e4     0x4  startup_stm32f4xx.o [1]
  .text               ro code  0x080076e8     0x4  startup_stm32f4xx.o [1]
  .text               ro code  0x080076ec     0x4  startup_stm32f4xx.o [1]
  .text               ro code  0x080076f0     0x4  startup_stm32f4xx.o [1]
  .rodata             const    0x080076f4     0x0  zero_init3.o [5]
  .rodata             const    0x080076f4     0x0  copy_init3.o [5]
  Initializer bytes   ro data  0x080076f4    0xdc  <for P2 s0>
                             - 0x080077d0  0x7648

"P2", part 1 of 3:                           0xdc
  P2 s0                        0x20000000    0xdc  <Init block>
    __DLIB_PERTHREAD  inited   0x20000000    0x74  setlocale.o [3]
    .data             inited   0x20000074    0x48  bmp.o [1]
    .data             inited   0x200000bc    0x10  stm32f4xx_rcc.o [1]
    .data             inited   0x200000cc     0x8  stm32f4_discovery_lcd.o [1]
    .data             inited   0x200000d4     0x4  stm32f4_discovery_lis302dl.o [1]
    .data             inited   0x200000d8     0x2  stm32f4_discovery_lcd.o [1]
    .data             inited   0x200000da     0x1  main.o [1]
                             - 0x200000dc    0xdc

"P2", part 2 of 3:                          0x734
  .bss                zero     0x200000dc   0x400  bmp.o [1]
  .bss                zero     0x200004dc   0x230  bmp.o [1]
  .bss                zero     0x2000070c    0x50  stm32f4_discovery_sdio_sd.o [1]
  .bss                zero     0x2000075c    0x18  stm32f4_discovery_sdio_sd.o [1]
  .bss                zero     0x20000774    0x18  stm32f4_discovery_sdio_sd.o [1]
  .bss                zero     0x2000078c    0x14  stm32f4_discovery_sdio_sd.o [1]
  .bss                zero     0x200007a0    0x10  main.o [1]
  .bss                zero     0x200007b0    0x10  stm32f4_discovery_sdio_sd.o [1]
  .bss                zero     0x200007c0    0x10  stm32f4_discovery_sdio_sd.o [1]
  .bss                zero     0x200007d0     0x8  main.o [1]
  .bss                zero     0x200007d8     0x8  xxmemxmalloc.o [3]
  .bss                zero     0x200007e0     0x4  bmp.o [1]
  .bss                zero     0x200007e4     0x4  ff.o [1]
  .bss                zero     0x200007e8     0x4  main.o [1]
  .bss                zero     0x200007ec     0x4  stm32f4_discovery_lcd.o [1]
  .bss                zero     0x200007f0     0x4  stm32f4_discovery_sdio_sd.o [1]
  .bss                zero     0x200007f4     0x4  stm32f4_discovery_sdio_sd.o [1]
  .bss                zero     0x200007f8     0x4  stm32f4_discovery_sdio_sd.o [1]
  .bss                zero     0x200007fc     0x4  stm32f4_discovery_sdio_sd.o [1]
  .bss                zero     0x20000800     0x4  stm32f4_discovery_sdio_sd.o [1]
  .bss                zero     0x20000804     0x4  xgetmemchunk.o [3]
  .bss                zero     0x20000808     0x2  ff.o [1]
  .bss                zero     0x2000080a     0x2  stm32f4_discovery_lcd.o [1]
  .bss                zero     0x2000080c     0x1  main.o [1]
  .bss                zero     0x2000080d     0x1  stm32f4_discovery_sdio_sd.o [1]
                             - 0x2000080e   0x732

"P2", part 3 of 3:                          0xa00
  CSTACK                       0x20000810   0x800  <Block>
    CSTACK            uninit   0x20000810   0x800  <Block tail>
  HEAP                         0x20001010   0x200  <Block>
    HEAP              uninit   0x20001010   0x200  <Block tail>
                             - 0x20001210   0xa00


*******************************************************************************
*** INIT TABLE
***

          Address     Size
          -------     ----
Zero (__iar_zero_init3)
    1 destination range, total size 0x732:
          0x200000dc  0x732

Copy (__iar_copy_init3)
    1 source range, total size 0xdc (100% of destination):
          0x080076f4   0xdc
    1 destination range, total size 0xdb:
          0x20000000   0xdb



*******************************************************************************
*** MODULE SUMMARY
***

    Module                        ro code  ro data  rw data
    ------                        -------  -------  -------
D:\Project\STM32F4\TMP\STM32F4DIS-BB Software Examples 20130307\STM32F4xx_Camera_Example\Project\OV9655_Camera\EWARM\Discover-More\Obj: [1]
    bmp.o                             536       96    1 660
    dcmi_ov9655.o                   2 712
    diskio.o                          232
    ff.o                            5 162       16        6
    main.o                          1 312      105       30
    misc.o                            136
    startup_stm32f4xx.o               724
    stm32f4_discovery.o               492
    stm32f4_discovery_lcd.o         1 500    4 570       16
    stm32f4_discovery_lis302dl.o      664        4        4
    stm32f4_discovery_sdio_sd.o     5 464               201
    stm32f4xx_dcmi.o                  140
    stm32f4xx_dma.o                   652
    stm32f4xx_exti.o                  200
    stm32f4xx_fsmc.o                  284
    stm32f4xx_gpio.o                  278
    stm32f4xx_i2c.o                   508
    stm32f4xx_it.o                     72
    stm32f4xx_rcc.o                   500       16       16
    stm32f4xx_sdio.o                  372
    stm32f4xx_spi.o                   220
    stm32f4xx_syscfg.o                 84
    system_stm32f4xx.o                340
    -------------------------------------------------------
    Total:                         22 584    4 807    1 933

command line: [2]
    -------------------------------------------------------
    Total:

dl7M_tlf.a: [3]
    exit.o                              4
    low_level_init.o                    4
    setlocale.o                        20      116      116
    sprintf.o                          52
    xencoding_sb.o                     96
    xgetmemchunk.o                     44                 4
    xmbcurmax.o                        10
    xmbtowc.o                          32
    xprintfsmall.o                  1 952
    xsprout.o                          10
    xtls.o                              2
    xwctomb.o                          26
    xxmemxfree.o                      128
    xxmemxmalloc.o                    176                 8
    -------------------------------------------------------
    Total:                          2 556      116      128

m7M_tlv.a: [4]
    fpinit_M.o                         26
    -------------------------------------------------------
    Total:                             26

rt7M_tl.a: [5]
    ABImemclr4.o                        6
    ABImemcpy_unaligned.o             118
    ABImemset48.o                      50
    cexit.o                            10
    cmain.o                            26
    copy_init3.o                       46
    cstartup_M.o                       12
    data_init.o                        40
    memchr.o                           88
    strchr.o                           22
    strlen.o                           54
    zero_init3.o                       34
    -------------------------------------------------------
    Total:                            506

shb_l.a: [6]
    exit.o                             20
    -------------------------------------------------------
    Total:                             20

    Gaps                               20
    Linker created                              37    2 560
-----------------------------------------------------------
    Grand Total:                   25 712    4 960    4 621


*******************************************************************************
*** ENTRY LIST
***

Entry                      Address    Size  Type      Object
-----                      -------    ----  ----      ------
?main                   0x080074c9          Code  Gb  cmain.o [5]
APBAHBPrescTable        0x200000bc    0x10  Data  Lc  stm32f4xx_rcc.o [1]
ASCII16x24_Table        0x080035c0  0x11d0  Data  Gb  stm32f4_discovery_lcd.o [1]
BackColor               0x200000d8     0x2  Data  Lc  stm32f4_discovery_lcd.o [1]
BusFault_Handler        0x0800741f     0x2  Code  Gb  stm32f4xx_it.o [1]
CID_Tab                 0x200007c0    0x10  Data  Lc  stm32f4_discovery_sdio_sd.o [1]
CSD_Tab                 0x200007b0    0x10  Data  Lc  stm32f4_discovery_sdio_sd.o [1]
CSTACK$$Base            0x20000810           --   Gb  - Linker created -
CSTACK$$Limit           0x20001010           --   Gb  - Linker created -
Capture_Image_TO_Bmp    0x08005fad    0xd6  Code  Gb  bmp.o [1]
CardType                0x200007f0     0x4  Data  Lc  stm32f4_discovery_sdio_sd.o [1]
CmdError                0x080010a9    0x34  Code  Lc  stm32f4_discovery_sdio_sd.o [1]
CmdResp1Error           0x08001141   0x10a  Code  Lc  stm32f4_discovery_sdio_sd.o [1]
CmdResp2Error           0x08001283    0x4a  Code  Lc  stm32f4_discovery_sdio_sd.o [1]
CmdResp3Error           0x0800124b    0x38  Code  Lc  stm32f4_discovery_sdio_sd.o [1]
CmdResp6Error           0x080012cd    0x8e  Code  Lc  stm32f4_discovery_sdio_sd.o [1]
CmdResp7Error           0x080010dd    0x50  Code  Lc  stm32f4_discovery_sdio_sd.o [1]
DCMI_CaptureCmd         0x08005f7d    0x22  Code  Gb  stm32f4xx_dcmi.o [1]
DCMI_Cmd                0x08005f5b    0x22  Code  Gb  stm32f4xx_dcmi.o [1]
DCMI_Config             0x0800548f   0x168  Code  Gb  main.o [1]
DCMI_Control_IO_Init    0x08004791    0x7a  Code  Gb  dcmi_ov9655.o [1]
DCMI_Init               0x08005f21    0x3a  Code  Gb  stm32f4xx_dcmi.o [1]
DCMI_OV9655Config       0x080053b9    0x42  Code  Gb  main.o [1]
DCMI_OV9655_QVGASizeSetup
                        0x08004811   0x956  Code  Gb  dcmi_ov9655.o [1]
DCMI_SingleRandomWrite  0x08005167    0xb2  Code  Gb  dcmi_ov9655.o [1]
DMA2_Stream3_IRQHandler
                        0x08007439     0x8  Code  Gb  stm32f4xx_it.o [1]
DMAEndOfTransfer        0x20000800     0x4  Data  Gb  stm32f4_discovery_sdio_sd.o [1]
DMA_ClearFlag           0x08001d43    0x20  Code  Gb  stm32f4xx_dma.o [1]
DMA_Cmd                 0x08001d11    0x1a  Code  Gb  stm32f4xx_dma.o [1]
DMA_DeInit              0x08001b85   0x136  Code  Gb  stm32f4xx_dma.o [1]
DMA_FlowControllerConfig
                        0x08001d2b    0x18  Code  Gb  stm32f4xx_dma.o [1]
DMA_ITConfig            0x08001d63    0x40  Code  Gb  stm32f4xx_dma.o [1]
DMA_Init                0x08001cbb    0x56  Code  Gb  stm32f4xx_dma.o [1]
DebugMon_Handler        0x08007425     0x2  Code  Gb  stm32f4xx_it.o [1]
Delay                   0x080056cb     0xe  Code  Gb  main.o [1]
EXTI0_IRQHandler        0x08007441    0x1a  Code  Gb  stm32f4xx_it.o [1]
EXTILine0_Config        0x08005659    0x72  Code  Gb  main.o [1]
EXTI_ClearITPendingBit  0x0800655d     0x6  Code  Gb  stm32f4xx_exti.o [1]
EXTI_GetITStatus        0x08006539    0x24  Code  Gb  stm32f4xx_exti.o [1]
EXTI_Init               0x080064b1    0x88  Code  Gb  stm32f4xx_exti.o [1]
EXTI_InitStructure      0x200007d0     0x8  Data  Gb  main.o [1]
FSMC_NORSRAMCmd         0x08006659    0x34  Code  Gb  stm32f4xx_fsmc.o [1]
FSMC_NORSRAMInit        0x08006579    0xe0  Code  Gb  stm32f4xx_fsmc.o [1]
FatFs                   0x200007e4     0x4  Data  Lc  ff.o [1]
FindSCR                 0x080014fd   0x1c6  Code  Lc  stm32f4_discovery_sdio_sd.o [1]
Font16x24               0x200000cc     0x8  Data  Gb  stm32f4_discovery_lcd.o [1]
Fsid                    0x20000808     0x2  Data  Lc  ff.o [1]
GPIO_Init               0x08001a41    0xa6  Code  Gb  stm32f4xx_gpio.o [1]
GPIO_PinAFConfig        0x08001b05    0x52  Code  Gb  stm32f4xx_gpio.o [1]
GPIO_ReadInputDataBit   0x08001ae7    0x16  Code  Gb  stm32f4xx_gpio.o [1]
GPIO_ResetBits          0x08001b01     0x4  Code  Gb  stm32f4xx_gpio.o [1]
GPIO_SetBits            0x08001afd     0x4  Code  Gb  stm32f4xx_gpio.o [1]
HEAP$$Base              0x20001010           --   Gb  - Linker created -
HEAP$$Limit             0x20001210           --   Gb  - Linker created -
HardFault_Handler       0x0800741b     0x2  Code  Gb  stm32f4xx_it.o [1]
I2C1_Config             0x080053fb    0x94  Code  Gb  main.o [1]
I2C_CheckEvent          0x08005911    0x34  Code  Gb  stm32f4xx_i2c.o [1]
I2C_Cmd                 0x080058a1    0x1c  Code  Gb  stm32f4xx_i2c.o [1]
I2C_DeInit              0x08005749    0x56  Code  Gb  stm32f4xx_i2c.o [1]
I2C_GenerateSTART       0x080058bd    0x1c  Code  Gb  stm32f4xx_i2c.o [1]
I2C_GenerateSTOP        0x080058d9    0x1c  Code  Gb  stm32f4xx_i2c.o [1]
I2C_Init                0x0800579f    0xea  Code  Gb  stm32f4xx_i2c.o [1]
I2C_Send7bitAddress     0x080058f5    0x16  Code  Gb  stm32f4xx_i2c.o [1]
I2C_SendData            0x0800590b     0x6  Code  Gb  stm32f4xx_i2c.o [1]
KeyPressFlg             0x2000080c     0x1  Data  Gb  main.o [1]
LCD_Clear               0x08005d2d    0x28  Code  Gb  stm32f4_discovery_lcd.o [1]
LCD_CtrlLinesConfig     0x08005945   0x1ac  Code  Gb  stm32f4_discovery_lcd.o [1]
LCD_Currentfonts        0x200007ec     0x4  Data  Lc  stm32f4_discovery_lcd.o [1]
LCD_DisplayChar         0x08005e11    0x26  Code  Gb  stm32f4_discovery_lcd.o [1]
LCD_DisplayStringLine   0x08005e37    0x34  Code  Gb  stm32f4_discovery_lcd.o [1]
LCD_DrawChar            0x08005d55    0xbc  Code  Gb  stm32f4_discovery_lcd.o [1]
LCD_FSMCConfig          0x08005af1    0x78  Code  Gb  stm32f4_discovery_lcd.o [1]
LCD_GetFont             0x08005d25     0x8  Code  Gb  stm32f4_discovery_lcd.o [1]
LCD_ReadRAM             0x08005d03     0xa  Code  Gb  stm32f4_discovery_lcd.o [1]
LCD_SetCursor           0x08005cc7    0x1a  Code  Gb  stm32f4_discovery_lcd.o [1]
LCD_SetDisplayWindow    0x08005e6b    0x76  Code  Gb  stm32f4_discovery_lcd.o [1]
LCD_SetFont             0x08005d1d     0x8  Code  Gb  stm32f4_discovery_lcd.o [1]
LCD_SetTextColor        0x08005d0d    0x10  Code  Gb  stm32f4_discovery_lcd.o [1]
LCD_WriteRAM            0x08005cfb     0x8  Code  Gb  stm32f4_discovery_lcd.o [1]
LCD_WriteRAM_Prepare    0x08005cf1     0xa  Code  Gb  stm32f4_discovery_lcd.o [1]
LCD_WriteReg            0x08005ce1    0x10  Code  Gb  stm32f4_discovery_lcd.o [1]
LIS302DLTimeout         0x200000d4     0x4  Data  Gb  stm32f4_discovery_lis302dl.o [1]
LIS302DL_Init           0x080061c5    0x32  Code  Gb  stm32f4_discovery_lis302dl.o [1]
LIS302DL_InterruptConfig
                        0x080061f7    0x30  Code  Gb  stm32f4_discovery_lis302dl.o [1]
LIS302DL_LowLevel_Init  0x080062ab   0x132  Code  Lc  stm32f4_discovery_lis302dl.o [1]
LIS302DL_Read           0x08006265    0x46  Code  Gb  stm32f4_discovery_lis302dl.o [1]
LIS302DL_Reset          0x080055f7    0x60  Code  Gb  main.o [1]
LIS302DL_SendByte       0x080063dd    0x6e  Code  Lc  stm32f4_discovery_lis302dl.o [1]
LIS302DL_TIMEOUT_UserCallback
                        0x08005657     0x2  Code  Gb  main.o [1]
LIS302DL_Write          0x08006227    0x3e  Code  Gb  stm32f4_discovery_lis302dl.o [1]
MemManage_Handler       0x0800741d     0x2  Code  Gb  stm32f4xx_it.o [1]
NMI_Handler             0x08007419     0x2  Code  Gb  stm32f4xx_it.o [1]
NVIC_Init               0x08003543    0x68  Code  Gb  misc.o [1]
NVIC_PriorityGroupConfig
                        0x08003539     0xa  Code  Gb  misc.o [1]
NVIC_SetPriority        0x08005229    0x26  Code  Lc  main.o [1]
PendSV_Handler          0x08007427     0x2  Code  Gb  stm32f4xx_it.o [1]
RCA                     0x200007f4     0x4  Data  Lc  stm32f4_discovery_sdio_sd.o [1]
RCC_AHB1PeriphClockCmd  0x08001ef3    0x20  Code  Gb  stm32f4xx_rcc.o [1]
RCC_AHB2PeriphClockCmd  0x08001f13    0x20  Code  Gb  stm32f4xx_rcc.o [1]
RCC_AHB3PeriphClockCmd  0x08001f33    0x20  Code  Gb  stm32f4xx_rcc.o [1]
RCC_APB1PeriphClockCmd  0x08001f53    0x20  Code  Gb  stm32f4xx_rcc.o [1]
RCC_APB1PeriphResetCmd  0x08001f93    0x20  Code  Gb  stm32f4xx_rcc.o [1]
RCC_APB2PeriphClockCmd  0x08001f73    0x20  Code  Gb  stm32f4xx_rcc.o [1]
RCC_APB2PeriphResetCmd  0x08001fb3    0x20  Code  Gb  stm32f4xx_rcc.o [1]
RCC_Clocks              0x200007a0    0x10  Data  Gb  main.o [1]
RCC_GetClocksFreq       0x08001e11    0xe2  Code  Gb  stm32f4xx_rcc.o [1]
Region$$Table$$Base     0x08007488           --   Gb  - Linker created -
Region$$Table$$Limit    0x080074ac           --   Gb  - Linker created -
SDCardInfo              0x2000070c    0x50  Data  Gb  stm32f4_discovery_sdio_sd.o [1]
SDEnWideBus             0x08001361   0x192  Code  Lc  stm32f4_discovery_sdio_sd.o [1]
SDIO_ClearFlag          0x080019dd     0x6  Code  Gb  stm32f4xx_sdio.o [1]
SDIO_ClearITPendingBit  0x080019f9     0x6  Code  Gb  stm32f4xx_sdio.o [1]
SDIO_ClockCmd           0x0800190f     0x8  Code  Gb  stm32f4xx_sdio.o [1]
SDIO_CmdInitStructure   0x2000078c    0x14  Data  Gb  stm32f4_discovery_sdio_sd.o [1]
SDIO_DMACmd             0x0800199f     0x8  Code  Gb  stm32f4xx_sdio.o [1]
SDIO_DataConfig         0x0800196b    0x2e  Code  Gb  stm32f4xx_sdio.o [1]
SDIO_DataInitStructure  0x20000774    0x18  Data  Gb  stm32f4_discovery_sdio_sd.o [1]
SDIO_DeInit             0x080018cd    0x18  Code  Gb  stm32f4xx_sdio.o [1]
SDIO_GetCommandResponse
                        0x0800194f     0x8  Code  Gb  stm32f4xx_sdio.o [1]
SDIO_GetFlagStatus      0x080019c7    0x16  Code  Gb  stm32f4xx_sdio.o [1]
SDIO_GetITStatus        0x080019e3    0x16  Code  Gb  stm32f4xx_sdio.o [1]
SDIO_GetPowerState      0x0800191d     0xa  Code  Gb  stm32f4xx_sdio.o [1]
SDIO_GetResponse        0x08001957    0x14  Code  Gb  stm32f4xx_sdio.o [1]
SDIO_IRQHandler         0x08007431     0x8  Code  Gb  stm32f4xx_it.o [1]
SDIO_ITConfig           0x080019a7    0x20  Code  Gb  stm32f4xx_sdio.o [1]
SDIO_Init               0x080018e5    0x2a  Code  Gb  stm32f4xx_sdio.o [1]
SDIO_InitStructure      0x2000075c    0x18  Data  Gb  stm32f4_discovery_sdio_sd.o [1]
SDIO_ReadData           0x08001999     0x6  Code  Gb  stm32f4xx_sdio.o [1]
SDIO_SendCommand        0x08001927    0x28  Code  Gb  stm32f4xx_sdio.o [1]
SDIO_SetPowerState      0x08001917     0x6  Code  Gb  stm32f4xx_sdio.o [1]
SD_Detect               0x08000289    0x24  Code  Gb  stm32f4_discovery_sdio_sd.o [1]
SD_EnableWideBusOperation
                        0x080009f1    0xde  Code  Gb  stm32f4_discovery_sdio_sd.o [1]
SD_GetCardInfo          0x08000693   0x35e  Code  Gb  stm32f4_discovery_sdio_sd.o [1]
SD_GetState             0x0800025f    0x2a  Code  Gb  stm32f4_discovery_sdio_sd.o [1]
SD_GetStatus            0x0800023d    0x22  Code  Gb  stm32f4_discovery_sdio_sd.o [1]
SD_Init                 0x08000189    0xb4  Code  Gb  stm32f4_discovery_sdio_sd.o [1]
SD_InitializeCards      0x080004f5   0x19e  Code  Gb  stm32f4_discovery_sdio_sd.o [1]
SD_LowLevel_DMA_RxConfig
                        0x0800182b    0x8c  Code  Gb  stm32f4_discovery.o [1]
SD_LowLevel_DMA_TxConfig
                        0x0800179f    0x8c  Code  Gb  stm32f4_discovery.o [1]
SD_LowLevel_Init        0x080016e1    0xbe  Code  Gb  stm32f4_discovery.o [1]
SD_PowerON              0x080002ad   0x248  Code  Gb  stm32f4_discovery_sdio_sd.o [1]
SD_ProcessDMAIRQ        0x08001087    0x22  Code  Gb  stm32f4_discovery_sdio_sd.o [1]
SD_ProcessIRQSrc        0x08000fd9    0xae  Code  Gb  stm32f4_discovery_sdio_sd.o [1]
SD_ReadMultiBlocks      0x08000b11   0x11c  Code  Gb  stm32f4_discovery_sdio_sd.o [1]
SD_SelectDeselect       0x08000acf    0x42  Code  Gb  stm32f4_discovery_sdio_sd.o [1]
SD_SendStatus           0x08000f6d    0x6c  Code  Gb  stm32f4_discovery_sdio_sd.o [1]
SD_StopTransfer         0x08000f21    0x44  Code  Gb  stm32f4_discovery_sdio_sd.o [1]
SD_WaitReadOperation    0x08000c2d    0x88  Code  Gb  stm32f4_discovery_sdio_sd.o [1]
SD_WaitWriteOperation   0x08000e95    0x88  Code  Gb  stm32f4_discovery_sdio_sd.o [1]
SD_WriteMultiBlocks     0x08000cc9   0x1c8  Code  Gb  stm32f4_discovery_sdio_sd.o [1]
SPI_Cmd                 0x0800677d    0x1c  Code  Gb  stm32f4xx_spi.o [1]
SPI_I2S_DeInit          0x080066d9    0x56  Code  Gb  stm32f4xx_spi.o [1]
SPI_I2S_GetFlagStatus   0x080067a1    0x14  Code  Gb  stm32f4xx_spi.o [1]
SPI_I2S_ReceiveData     0x08006799     0x4  Code  Gb  stm32f4xx_spi.o [1]
SPI_I2S_SendData        0x0800679d     0x4  Code  Gb  stm32f4xx_spi.o [1]
SPI_Init                0x0800672f    0x40  Code  Gb  stm32f4xx_spi.o [1]
STM32f4_Discovery_LCD_Init
                        0x08005b69   0x15e  Code  Gb  stm32f4_discovery_lcd.o [1]
SVC_Handler             0x08007423     0x2  Code  Gb  stm32f4xx_it.o [1]
SYSCFG_EXTILineConfig   0x0800645d    0x50  Code  Gb  stm32f4xx_syscfg.o [1]
SetSysClock             0x08007317    0xce  Code  Lc  system_stm32f4xx.o [1]
StopCondition           0x200007f8     0x4  Data  Gb  stm32f4_discovery_sdio_sd.o [1]
SysTick_Config          0x0800524f    0x34  Code  Lc  main.o [1]
SysTick_Handler         0x08007429     0x8  Code  Gb  stm32f4xx_it.o [1]
SystemInit              0x080072c5    0x52  Code  Gb  system_stm32f4xx.o [1]
TextColor               0x2000080a     0x2  Data  Lc  stm32f4_discovery_lcd.o [1]
TimingDelay             0x200007e8     0x4  Data  Gb  main.o [1]
TimingDelay_Decrement   0x080056d9    0x14  Code  Gb  main.o [1]
TransferEnd             0x200007fc     0x4  Data  Gb  stm32f4_discovery_sdio_sd.o [1]
TransferError           0x2000080d     0x1  Data  Gb  stm32f4_discovery_sdio_sd.o [1]
UsageFault_Handler      0x08007421     0x2  Code  Gb  stm32f4xx_it.o [1]
_EncodingSb_Mbtowc      0x0800724f    0x30  Code  Gb  xencoding_sb.o [3]
_EncodingSb_Wctomb      0x08007235    0x1a  Code  Gb  xencoding_sb.o [3]
_IsdstStr               0x20000004     0x4  Data  Gb  setlocale.o [3]
_LitobSmall             0x08006e73    0xce  Code  Lc  xprintfsmall.o [3]
_LocaleEncoding         0x08007221     0xe  Code  Gb  setlocale.o [3]
_LocaleReturnString     0x20000024    0x50  Data  Lc  setlocale.o [3]
_Locale_Profile         0x20000008    0x1c  Data  Gb  setlocale.o [3]
_Mbtowc                 0x08006f89    0x20  Code  Gb  xmbtowc.o [3]
_PrintfSmall            0x080067e9   0x430  Code  Gb  xprintfsmall.o [3]
_PutcharsSmall          0x08006f41    0x2e  Code  Lc  xprintfsmall.o [3]
_PutstrSmall            0x08006c23   0x250  Code  Lc  xprintfsmall.o [3]
_SProut                 0x0800669b     0xa  Code  Gb  xsprout.o [3]
_TzoneStr               0x20000000     0x4  Data  Gb  setlocale.o [3]
_Wctomb                 0x0800710d    0x1a  Code  Gb  xwctomb.o [3]
__aeabi_memclr4         0x08006695          Code  Gb  ABImemclr4.o [5]
__cmain                 0x080074c9          Code  Gb  cmain.o [5]
__data_Aldata           0x200007d8     0x8  Data  Gb  xxmemxmalloc.o [3]
__data_GetMemChunk      0x08007295    0x2c  Code  Gb  xgetmemchunk.o [3]
__exit                  0x080074f9    0x14  Code  Gb  exit.o [6]
__iar_Mbcurmax          0x08007051     0xa  Code  Gb  xmbcurmax.o [3]
__iar_Memchr            0x08006ff9          Code  Gb  memchr.o [5]
__iar_Memset4_word      0x080067b5          Code  Gb  ABImemset48.o [5]
__iar_Memset8_word      0x080067b5          Code  Gb  ABImemset48.o [5]
__iar_Strchr            0x08006fa9          Code  Gb  strchr.o [5]
__iar_copy_init3        0x08001b57    0x2e  Code  Gb  copy_init3.o [5]
__iar_data_init3        0x08007461    0x28  Code  Gb  data_init.o [5]
__iar_dlib_perthread_access
                        0x080072c1     0x2  Code  Gb  xtls.o [3]
__iar_init_vfp          0x080074ad          Code  Gb  fpinit_M.o [4]
__iar_program_start     0x080075ad          Code  Gb  cstartup_M.o [5]
__iar_unaligned___aeabi_memcpy
                        0x08007129          Code  Gb  ABImemcpy_unaligned.o [5]
__iar_unaligned___aeabi_memcpy4
                        0x08007149          Code  Gb  ABImemcpy_unaligned.o [5]
__iar_unaligned___aeabi_memcpy8
                        0x08007149          Code  Gb  ABImemcpy_unaligned.o [5]
__iar_zero_init3        0x0800342f    0x22  Code  Gb  zero_init3.o [5]
__low_level_init        0x080074e3     0x4  Code  Gb  low_level_init.o [3]
__vector_table          0x08000000          Data  Gb  startup_stm32f4xx.o [1]
_call_main              0x080074d5          Code  Gb  cmain.o [5]
_exit                   0x080074ed          Code  Gb  cexit.o [5]
_main                   0x080074df          Code  Gb  cmain.o [5]
bmp_header              0x20000074    0x48  Data  Gb  bmp.o [1]
capture_Flag            0x200000da     0x1  Data  Gb  main.o [1]
check_fs                0x08002983    0x78  Code  Lc  ff.o [1]
chk_chr                 0x08002049    0x14  Code  Lc  ff.o [1]
chk_mounted             0x080029fb   0x34a  Code  Lc  ff.o [1]
clust2sect              0x080021a7    0x18  Code  Gb  ff.o [1]
create_chain            0x0800243b    0xb4  Code  Lc  ff.o [1]
create_name             0x080027ab   0x14c  Code  Lc  ff.o [1]
delay                   0x08005efd    0x24  Code  Lc  stm32f4_discovery_lcd.o [1]
dir_find                0x080026cd    0x60  Code  Lc  ff.o [1]
dir_next                0x0800259d   0x130  Code  Lc  ff.o [1]
dir_register            0x0800272d    0x7e  Code  Lc  ff.o [1]
dir_sdi                 0x080024ef    0xae  Code  Lc  ff.o [1]
disk_initialize         0x08003451    0x40  Code  Gb  diskio.o [1]
disk_ioctl              0x08003509    0x30  Code  Gb  diskio.o [1]
disk_read               0x0800349f    0x30  Code  Gb  diskio.o [1]
disk_status             0x08003491     0xe  Code  Gb  diskio.o [1]
disk_write              0x080034cf    0x30  Code  Gb  diskio.o [1]
exit                    0x080074e7     0x4  Code  Gb  exit.o [3]
f_close                 0x08003417    0x18  Code  Gb  ff.o [1]
f_mount                 0x08002d6f    0x2e  Code  Gb  ff.o [1]
f_open                  0x08002db5   0x196  Code  Gb  ff.o [1]
f_read                  0x08002f4b   0x1ee  Code  Gb  ff.o [1]
f_sync                  0x0800335f    0xb8  Code  Gb  ff.o [1]
f_write                 0x08003139   0x226  Code  Gb  ff.o [1]
filesys                 0x200004dc   0x230  Data  Gb  bmp.o [1]
follow_path             0x080028f7    0x8c  Code  Lc  ff.o [1]
free                    0x080071a1    0x7a  Code  Gb  xxmemxfree.o [3]
get_fat                 0x080021bf    0xf2  Code  Gb  ff.o [1]
get_fattime             0x080034ff     0x4  Code  Gb  diskio.o [1]
get_pic_count           0x0800608f    0xae  Code  Lc  bmp.o [1]
image_buf               0x200000dc   0x400  Data  Gb  bmp.o [1]
init_picture_count      0x08006083     0xc  Code  Gb  bmp.o [1]
main                    0x08005283   0x136  Code  Gb  main.o [1]
malloc                  0x0800705d    0xac  Code  Gb  xxmemxmalloc.o [3]
mem_cmp                 0x08002029    0x20  Code  Lc  ff.o [1]
mem_cpy                 0x08002005    0x14  Code  Lc  ff.o [1]
mem_set                 0x08002019    0x10  Code  Lc  ff.o [1]
memchr                  0x08006ff9          Code  Gb  memchr.o [5]
move_window             0x0800205d    0x74  Code  Lc  ff.o [1]
pic_counter             0x200007e0     0x4  Data  Gb  bmp.o [1]
put_fat                 0x080022b1   0x120  Code  Gb  ff.o [1]
remove_chain            0x080023d1    0x6a  Code  Lc  ff.o [1]
set_pic_count           0x0800613d    0x70  Code  Lc  bmp.o [1]
sprintf                 0x080066a5    0x34  Code  Gb  sprintf.o [3]
strchr                  0x08006fa9          Code  Gb  strchr.o [5]
strlen                  0x08006fc1          Code  Gb  strlen.o [5]
sync                    0x080020d1    0xd6  Code  Lc  ff.o [1]
validate                0x08002d45    0x2a  Code  Lc  ff.o [1]


[1] = D:\Project\STM32F4\TMP\STM32F4DIS-BB Software Examples 20130307\STM32F4xx_Camera_Example\Project\OV9655_Camera\EWARM\Discover-More\Obj
[2] = command line
[3] = dl7M_tlf.a
[4] = m7M_tlv.a
[5] = rt7M_tl.a
[6] = shb_l.a

  25 712 bytes of readonly  code memory
   4 960 bytes of readonly  data memory
   4 621 bytes of readwrite data memory

Errors: none
Warnings: none
