ARM Linker, 5.02 [Build 28] [MDK-ARM Professional]

==============================================================================

Section Cross References

    main.o(.text) refers to memseta.o(.text) for __aeabi_memclr4
    main.o(.text) refers to ff.o(.text) for f_mount
    main.o(.text) refers to printf8.o(i.__0sprintf$8) for __2sprintf
    main.o(.text) refers to stm32f4_discovery_lcd.o(.text) for LCD_SetCursor
    main.o(.text) refers to printf8.o(i.__0printf$8) for __2printf
    main.o(.text) refers to sn8200_hal.o(.text) for SN8200_HAL_SendData
    main.o(.text) refers to main.o(.data) for .data
    main.o(.text) refers to bmp.o(.bss) for filesys
    main.o(.text) refers to bmp.o(.data) for pic_counter
    main.o(.text) refers to main.o(.bss) for .bss
    main.o(.text) refers to stm32f4xx_rcc.o(.text) for RCC_AHB1PeriphClockCmd
    main.o(.text) refers to stm32f4xx_gpio.o(.text) for GPIO_PinAFConfig
    main.o(.text) refers to stm32f4xx_dcmi.o(.text) for DCMI_Init
    main.o(.text) refers to stm32f4xx_dma.o(.text) for DMA_DeInit
    main.o(.text) refers to stm32f4xx_i2c.o(.text) for I2C_DeInit
    main.o(.text) refers to dcmi_ov9655.o(.text) for DCMI_SingleRandomWrite
    main.o(.text) refers to wifi_main.o(.text) for DBGU_Init
    main.o(.text) refers to bmp.o(.text) for init_picture_count
    main.o(.text) refers to stm32f4xx_usart.o(.text) for USART_GetITStatus
    main.o(.text) refers to stm32f4_discovery_lis302dl.o(.text) for LIS302DL_Init
    main.o(.text) refers to stm32f4xx_syscfg.o(.text) for SYSCFG_EXTILineConfig
    main.o(.text) refers to stm32f4xx_exti.o(.text) for EXTI_Init
    main.o(.text) refers to misc.o(.text) for NVIC_Init
    stm32f4xx_it.o(.text) refers to main.o(.text) for TimingDelay_Decrement
    stm32f4xx_it.o(.text) refers to stm32f4_discovery_sdio_sd.o(.text) for SD_ProcessIRQSrc
    stm32f4xx_it.o(.text) refers to stm32f4xx_exti.o(.text) for EXTI_GetITStatus
    stm32f4xx_it.o(.text) refers to main.o(.data) for KeyPressFlg
    system_stm32f4xx.o(.text) refers to system_stm32f4xx.o(.data) for .data
    bmp.o(.text) refers to ff.o(.text) for f_mount
    bmp.o(.text) refers to main.o(.text) for Delay
    bmp.o(.text) refers to memseta.o(.text) for __aeabi_memclr4
    bmp.o(.text) refers to printf8.o(i.__0sprintf$8) for __2sprintf
    bmp.o(.text) refers to stm32f4_discovery_lcd.o(.text) for LCD_SetCursor
    bmp.o(.text) refers to bmp.o(.bss) for .bss
    bmp.o(.text) refers to bmp.o(.data) for .data
    dcmi_ov9655.o(.text) refers to stm32f4xx_rcc.o(.text) for RCC_AHB1PeriphClockCmd
    dcmi_ov9655.o(.text) refers to stm32f4xx_gpio.o(.text) for GPIO_Init
    dcmi_ov9655.o(.text) refers to main.o(.text) for Delay
    dcmi_ov9655.o(.text) refers to stm32f4xx_i2c.o(.text) for I2C_GenerateSTART
    delay.o(.text) refers to printf8.o(i.__0printf$8) for __2printf
    delay.o(.text) refers to system_stm32f4xx.o(.data) for SystemCoreClock
    wifi_main.o(.text) refers to _scanf_str.o(.text) for _scanf_string
    wifi_main.o(.text) refers to printf8.o(i.__0printf$8) for __2printf
    wifi_main.o(.text) refers to __0scanf.o(.text) for __0scanf
    wifi_main.o(.text) refers to strlen.o(.text) for strlen
    wifi_main.o(.text) refers to strcpy.o(.text) for strcpy
    wifi_main.o(.text) refers to sn8200_api.o(.text) for fillNSendHttpReq
    wifi_main.o(.text) refers to memcpya.o(.text) for __aeabi_memcpy4
    wifi_main.o(.text) refers to delay.o(.text) for mdelay
    wifi_main.o(.text) refers to memseta.o(.text) for __aeabi_memclr4
    wifi_main.o(.text) refers to wifi_main.o(.bss) for .bss
    wifi_main.o(.text) refers to wifi_main.o(.data) for .data
    wifi_main.o(.text) refers to strtol.o(.text) for strtol
    wifi_main.o(.text) refers to atoi.o(.text) for atoi
    wifi_main.o(.text) refers to sn8200_api.o(.data) for destPort
    wifi_main.o(.text) refers to sn8200_api.o(.bss) for domain
    wifi_main.o(.text) refers to wifi_main.o(.constdata) for .constdata
    wifi_main.o(.text) refers to stm32f4xx_rcc.o(.text) for RCC_AHB1PeriphClockCmd
    wifi_main.o(.text) refers to stm32f4xx_gpio.o(.text) for GPIO_PinAFConfig
    wifi_main.o(.text) refers to misc.o(.text) for NVIC_PriorityGroupConfig
    wifi_main.o(.text) refers to stm32f4xx_usart.o(.text) for USART_Init
    stm32f4_discovery_sdio_sd.o(.text) refers to stm32f4_discovery.o(.text) for SD_LowLevel_DeInit
    stm32f4_discovery_sdio_sd.o(.text) refers to stm32f4xx_sdio.o(.text) for SDIO_ClearFlag
    stm32f4_discovery_sdio_sd.o(.text) refers to stm32f4_discovery_sdio_sd.o(.bss) for .bss
    stm32f4_discovery_sdio_sd.o(.text) refers to stm32f4_discovery_sdio_sd.o(.data) for .data
    stm32f4_discovery_sdio_sd.o(.text) refers to stm32f4xx_gpio.o(.text) for GPIO_ReadInputDataBit
    stm32f4_discovery_sdio_sd.o(.text) refers to stm32f4xx_dma.o(.text) for DMA_ClearFlag
    stm32f4_discovery.o(.text) refers to stm32f4xx_rcc.o(.text) for RCC_AHB1PeriphClockCmd
[...]
    _printf_lli                              0x00000000   Number         0  stubs.o ABSOLUTE
    _printf_llo                              0x00000000   Number         0  stubs.o ABSOLUTE
    _printf_llu                              0x00000000   Number         0  stubs.o ABSOLUTE
    _printf_llx                              0x00000000   Number         0  stubs.o ABSOLUTE
    _printf_longlong_dec                     0x00000000   Number         0  stubs.o ABSOLUTE
    _printf_longlong_hex                     0x00000000   Number         0  stubs.o ABSOLUTE
    _printf_longlong_oct                     0x00000000   Number         0  stubs.o ABSOLUTE
    _printf_ls                               0x00000000   Number         0  stubs.o ABSOLUTE
    _printf_mbtowc                           0x00000000   Number         0  stubs.o ABSOLUTE
    _printf_n                                0x00000000   Number         0  stubs.o ABSOLUTE
    _printf_o                                0x00000000   Number         0  stubs.o ABSOLUTE
    _printf_p                                0x00000000   Number         0  stubs.o ABSOLUTE
    _printf_percent                          0x00000000   Number         0  stubs.o ABSOLUTE
    _printf_pre_padding                      0x00000000   Number         0  stubs.o ABSOLUTE
    _printf_return_value                     0x00000000   Number         0  stubs.o ABSOLUTE
    _printf_s                                0x00000000   Number         0  stubs.o ABSOLUTE
    _printf_sizespec                         0x00000000   Number         0  stubs.o ABSOLUTE
    _printf_str                              0x00000000   Number         0  stubs.o ABSOLUTE
    _printf_truncate_signed                  0x00000000   Number         0  stubs.o ABSOLUTE
    _printf_truncate_unsigned                0x00000000   Number         0  stubs.o ABSOLUTE
    _printf_u                                0x00000000   Number         0  stubs.o ABSOLUTE
    _printf_wc                               0x00000000   Number         0  stubs.o ABSOLUTE
    _printf_wctomb                           0x00000000   Number         0  stubs.o ABSOLUTE
    _printf_widthprec                        0x00000000   Number         0  stubs.o ABSOLUTE
    _printf_x                                0x00000000   Number         0  stubs.o ABSOLUTE
    _clock_init                               - Undefined Weak Reference
    _scanf_int                                - Undefined Weak Reference
    _scanf_longlong                           - Undefined Weak Reference
    _scanf_real                               - Undefined Weak Reference
    __Vectors_Size                           0x00000188   Number         0  startup_stm32f4xx.o ABSOLUTE
    __Vectors                                0x08000000   Data           4  startup_stm32f4xx.o(RESET)
    __Vectors_End                            0x08000188   Data           0  startup_stm32f4xx.o(RESET)
    __main                                   0x08000189   Thumb Code     0  entry.o(.ARM.Collect$$$$00000000)
    _main_stk                                0x08000189   Thumb Code     0  entry2.o(.ARM.Collect$$$$00000001)
    _main_scatterload                        0x0800018d   Thumb Code     0  entry5.o(.ARM.Collect$$$$00000004)
    __main_after_scatterload                 0x08000191   Thumb Code     0  entry5.o(.ARM.Collect$$$$00000004)
    _main_clock                              0x08000191   Thumb Code     0  entry7b.o(.ARM.Collect$$$$00000008)
    _main_init                               0x08000191   Thumb Code     0  entry8.o(.ARM.Collect$$$$00000009)
    Delay                                    0x0800019d   Thumb Code    12  main.o(.text)
    LCD_PREVIEW_DISPLAY                      0x080001a9   Thumb Code   176  main.o(.text)
    img_DISPLAY                              0x08000259   Thumb Code   224  main.o(.text)
    num_DISPLAY                              0x08000339   Thumb Code   220  main.o(.text)
    num_CLEAR                                0x08000415   Thumb Code   192  main.o(.text)
    sendToServer                             0x080004d5   Thumb Code   400  main.o(.text)
    Key_Pad_Check                            0x08000665   Thumb Code   132  main.o(.text)
    key_input_menu                           0x080006e9   Thumb Code    80  main.o(.text)
    key_input_userdata                       0x08000739   Thumb Code   606  main.o(.text)
    DCMI_Config                              0x08000997   Thumb Code   562  main.o(.text)
    I2C1_Config                              0x08000bc9   Thumb Code   142  main.o(.text)
    DCMI_OV9655Config                        0x08000c57   Thumb Code    64  main.o(.text)
    Key_Pad_Config                           0x08000c97   Thumb Code   124  main.o(.text)
    main                                     0x08000d13   Thumb Code  1076  main.o(.text)
    USART3_IRQHandler                        0x08001147   Thumb Code   248  main.o(.text)
    LIS302DL_Reset                           0x0800123f   Thumb Code    80  main.o(.text)
    LIS302DL_TIMEOUT_UserCallback            0x0800128f   Thumb Code     2  main.o(.text)
    EXTILine0_Config                         0x08001291   Thumb Code    92  main.o(.text)
    TimingDelay_Decrement                    0x080012ed   Thumb Code    16  main.o(.text)
    NMI_Handler                              0x0800134d   Thumb Code     2  stm32f4xx_it.o(.text)
    HardFault_Handler                        0x0800134f   Thumb Code     2  stm32f4xx_it.o(.text)
    MemManage_Handler                        0x08001351   Thumb Code     2  stm32f4xx_it.o(.text)
    BusFault_Handler                         0x08001353   Thumb Code     2  stm32f4xx_it.o(.text)
    UsageFault_Handler                       0x08001355   Thumb Code     2  stm32f4xx_it.o(.text)
    SVC_Handler                              0x08001357   Thumb Code     2  stm32f4xx_it.o(.text)
    DebugMon_Handler                         0x08001359   Thumb Code     2  stm32f4xx_it.o(.text)
    PendSV_Handler                           0x0800135b   Thumb Code     2  stm32f4xx_it.o(.text)
    SysTick_Handler                          0x0800135d   Thumb Code     4  stm32f4xx_it.o(.text)
    SDIO_IRQHandler                          0x08001361   Thumb Code     4  stm32f4xx_it.o(.text)
    DMA2_Stream3_IRQHandler                  0x08001365   Thumb Code     4  stm32f4xx_it.o(.text)
    EXTI0_IRQHandler                         0x08001369   Thumb Code    26  stm32f4xx_it.o(.text)
    SystemInit                               0x0800141d   Thumb Code    74  system_stm32f4xx.o(.text)
    SystemCoreClockUpdate                    0x08001467   Thumb Code   122  system_stm32f4xx.o(.text)
    set_pic_count                            0x08001505   Thumb Code    98  bmp.o(.text)
    Capture_Image_TO_Bmp                     0x08001567   Thumb Code   198  bmp.o(.text)
    get_pic_count                            0x0800162d   Thumb Code   150  bmp.o(.text)
    init_picture_count                       0x080016c3   Thumb Code    12  bmp.o(.text)
    DCMI_Control_IO_Init                     0x080016f5   Thumb Code   110  dcmi_ov9655.o(.text)
    DCMI_SingleRandomWrite                   0x08001763   Thumb Code   174  dcmi_ov9655.o(.text)
    DCMI_OV9655_Reset                        0x08001811   Thumb Code     8  dcmi_ov9655.o(.text)
    DCMI_OV9655_QVGASizeSetup                0x08001819   Thumb Code  2410  dcmi_ov9655.o(.text)
    DCMI_OV9655_QQVGASizeSetup               0x08002183   Thumb Code  2380  dcmi_ov9655.o(.text)
    DCMI_SingleRandomRead                    0x08002acf   Thumb Code   266  dcmi_ov9655.o(.text)
    DCMI_OV9655_ReadID                       0x08002bd9   Thumb Code    46  dcmi_ov9655.o(.text)
    DCMI_OV9655_SetPrescaler                 0x08002c07   Thumb Code    10  dcmi_ov9655.o(.text)
    DCMI_OV9655_SelectOutputFormat           0x08002c11   Thumb Code    10  dcmi_ov9655.o(.text)
    DCMI_OV9655_SelectFormatResolution       0x08002c1b   Thumb Code    10  dcmi_ov9655.o(.text)
    DCMI_OV9655_SetRegister                  0x08002c25   Thumb Code    10  dcmi_ov9655.o(.text)
    DCMI_OV9655_HREFControl                  0x08002c2f   Thumb Code    10  dcmi_ov9655.o(.text)
    DCMI_OV9655_SelectRGBOption              0x08002c39   Thumb Code    10  dcmi_ov9655.o(.text)
    SysTick_Configuration                    0x08002c51   Thumb Code    64  delay.o(.text)
    mdelay                                   0x08002c91   Thumb Code    24  delay.o(.text)
    delay_ms                                 0x08002ca9   Thumb Code    24  delay.o(.text)
    ShowMenu                                 0x08002ce5   Thumb Code   150  wifi_main.o(.text)
    sendHttpReqTest                          0x08002d7b   Thumb Code   112  wifi_main.o(.text)
    sendHttpChunkReqTest                     0x08002deb   Thumb Code   142  wifi_main.o(.text)
    sendHttpJsonPostDemo                     0x08002e79   Thumb Code   174  wifi_main.o(.text)
    sendHttpPostDemo                         0x08002f27   Thumb Code  1054  wifi_main.o(.text)
    ProcessUserInput                         0x08003345   Thumb Code  1648  wifi_main.o(.text)
    wifi_main                                0x080039b5   Thumb Code   138  wifi_main.o(.text)
    DBGU_Init                                0x08003a3f   Thumb Code   182  wifi_main.o(.text)
    DBGU_RxBufferEmpty                       0x08003af5   Thumb Code    18  wifi_main.o(.text)
    USART2_IRQHandler                        0x08003b07   Thumb Code   114  wifi_main.o(.text)
    Test_IRQHandler                          0x08003b79   Thumb Code    90  wifi_main.o(.text)
    fputc                                    0x08003bd3   Thumb Code    30  wifi_main.o(.text)
    DBGU_GetChar                             0x08003bf1   Thumb Code    32  wifi_main.o(.text)
    fgetc                                    0x08003c11   Thumb Code    56  wifi_main.o(.text)
    ESC                                      0x08003c49   Thumb Code     6  wifi_main.o(.text)
    Test_fgetc                               0x08003c4f   Thumb Code   262  wifi_main.o(.text)
    send_number                              0x08003d55   Thumb Code   172  wifi_main.o(.text)
    SD_DeInit                                0x08003e59   Thumb Code     4  stm32f4_discovery_sdio_sd.o(.text)
    SD_EnableWideBusOperation                0x08004191   Thumb Code   134  stm32f4_discovery_sdio_sd.o(.text)
    SD_SelectDeselect                        0x08004217   Thumb Code    54  stm32f4_discovery_sdio_sd.o(.text)
    SD_GetCardInfo                           0x0800424d   Thumb Code   626  stm32f4_discovery_sdio_sd.o(.text)
    SD_InitializeCards                       0x08004577   Thumb Code   288  stm32f4_discovery_sdio_sd.o(.text)
    SD_PowerON                               0x0800472d   Thumb Code   346  stm32f4_discovery_sdio_sd.o(.text)
    SD_Init                                  0x08004887   Thumb Code    90  stm32f4_discovery_sdio_sd.o(.text)
    SD_SendStatus                            0x080048e1   Thumb Code    70  stm32f4_discovery_sdio_sd.o(.text)
    SD_Detect                                0x08004927   Thumb Code    20  stm32f4_discovery_sdio_sd.o(.text)
    SD_GetState                              0x0800493b   Thumb Code    38  stm32f4_discovery_sdio_sd.o(.text)
    SD_GetStatus                             0x08004961   Thumb Code    26  stm32f4_discovery_sdio_sd.o(.text)
    SD_PowerOFF                              0x0800497b   Thumb Code    14  stm32f4_discovery_sdio_sd.o(.text)
    SD_SendSDStatus                          0x08004989   Thumb Code   358  stm32f4_discovery_sdio_sd.o(.text)
    SD_GetCardStatus                         0x08004aef   Thumb Code   128  stm32f4_discovery_sdio_sd.o(.text)
    SD_ReadBlock                             0x08004b6f   Thumb Code   170  stm32f4_discovery_sdio_sd.o(.text)
    SD_ReadMultiBlocks                       0x08004c19   Thumb Code   184  stm32f4_discovery_sdio_sd.o(.text)
    SD_StopTransfer                          0x08004cd1   Thumb Code    38  stm32f4_discovery_sdio_sd.o(.text)
    SD_WaitReadOperation                     0x08004cf7   Thumb Code    90  stm32f4_discovery_sdio_sd.o(.text)
    SD_WriteBlock                            0x08004d51   Thumb Code   166  stm32f4_discovery_sdio_sd.o(.text)
    SD_WriteMultiBlocks                      0x08004df7   Thumb Code   280  stm32f4_discovery_sdio_sd.o(.text)
    SD_WaitWriteOperation                    0x08004f0f   Thumb Code    88  stm32f4_discovery_sdio_sd.o(.text)
    SD_GetTransferState                      0x08004f67   Thumb Code    18  stm32f4_discovery_sdio_sd.o(.text)
    SD_Erase                                 0x08005093   Thumb Code   264  stm32f4_discovery_sdio_sd.o(.text)
    SD_ProcessIRQSrc                         0x0800519b   Thumb Code   148  stm32f4_discovery_sdio_sd.o(.text)
    SD_ProcessDMAIRQ                         0x0800522f   Thumb Code    30  stm32f4_discovery_sdio_sd.o(.text)
    convert_from_bytes_to_power_of_two       0x0800524d   Thumb Code    18  stm32f4_discovery_sdio_sd.o(.text)
    STM_EVAL_LEDInit                         0x08005279   Thumb Code    62  stm32f4_discovery.o(.text)
    STM_EVAL_LEDOn                           0x080052b7   Thumb Code    18  stm32f4_discovery.o(.text)
    STM_EVAL_LEDOff                          0x080052c9   Thumb Code    18  stm32f4_discovery.o(.text)
    STM_EVAL_LEDToggle                       0x080052db   Thumb Code    22  stm32f4_discovery.o(.text)
    STM_EVAL_PBInit                          0x080052f1   Thumb Code   148  stm32f4_discovery.o(.text)
    STM_EVAL_PBGetState                      0x08005385   Thumb Code    20  stm32f4_discovery.o(.text)
    STM_EVAL_COMInit                         0x08005399   Thumb Code   200  stm32f4_discovery.o(.text)
    SD_LowLevel_DeInit                       0x08005461   Thumb Code   142  stm32f4_discovery.o(.text)
    SD_LowLevel_Init                         0x080054ef   Thumb Code   178  stm32f4_discovery.o(.text)
    SD_LowLevel_DMA_TxConfig                 0x080055a1   Thumb Code   128  stm32f4_discovery.o(.text)
    SD_LowLevel_DMA_RxConfig                 0x08005621   Thumb Code   154  stm32f4_discovery.o(.text)
    LCD_DisplayOff                           0x080056bd   Thumb Code     2  stm32f4_discovery_lcd.o(.text)
    LCD_DeInit                               0x080056bf   Thumb Code   544  stm32f4_discovery_lcd.o(.text)
    LCD_CtrlLinesConfig                      0x080058df   Thumb Code   356  stm32f4_discovery_lcd.o(.text)
    LCD_FSMCConfig                           0x08005a43   Thumb Code    86  stm32f4_discovery_lcd.o(.text)
    LCD_SetFont                              0x08005a99   Thumb Code     6  stm32f4_discovery_lcd.o(.text)
    LCD_WriteRAM                             0x08005a9f   Thumb Code     6  stm32f4_discovery_lcd.o(.text)
    LCD_WriteReg                             0x08005aa5   Thumb Code    12  stm32f4_discovery_lcd.o(.text)
    STM32f4_Discovery_LCD_Init               0x08005ad9   Thumb Code   342  stm32f4_discovery_lcd.o(.text)
    LCD_SetCursor                            0x08005c2f   Thumb Code    22  stm32f4_discovery_lcd.o(.text)
    LCD_ReadReg                              0x08005c45   Thumb Code    12  stm32f4_discovery_lcd.o(.text)
    LCD_WriteRAM_Prepare                     0x08005c51   Thumb Code    10  stm32f4_discovery_lcd.o(.text)
    LCD_ReadRAM                              0x08005c5b   Thumb Code     6  stm32f4_discovery_lcd.o(.text)
    LCD_RGB_Test                             0x08005c61   Thumb Code    70  stm32f4_discovery_lcd.o(.text)
    LCD_SetColors                            0x08005ca7   Thumb Code    10  stm32f4_discovery_lcd.o(.text)
    LCD_GetColors                            0x08005cb1   Thumb Code    14  stm32f4_discovery_lcd.o(.text)
    LCD_SetTextColor                         0x08005cbf   Thumb Code     8  stm32f4_discovery_lcd.o(.text)
    LCD_SetBackColor                         0x08005cc7   Thumb Code     8  stm32f4_discovery_lcd.o(.text)
    LCD_DisplayOn                            0x08005ccf   Thumb Code     2  stm32f4_discovery_lcd.o(.text)
    LCD_GetFont                              0x08005cd1   Thumb Code     8  stm32f4_discovery_lcd.o(.text)
    LCD_DrawChar                             0x08005cd9   Thumb Code   122  stm32f4_discovery_lcd.o(.text)
    LCD_DisplayChar                          0x08005d53   Thumb Code    26  stm32f4_discovery_lcd.o(.text)
    LCD_ClearLine                            0x08005d6d   Thumb Code    38  stm32f4_discovery_lcd.o(.text)
    LCD_Clear                                0x08005d93   Thumb Code    34  stm32f4_discovery_lcd.o(.text)
    LCD_DrawLine                             0x08005db5   Thumb Code    84  stm32f4_discovery_lcd.o(.text)
    LCD_DisplayStringLine                    0x08005e23   Thumb Code    50  stm32f4_discovery_lcd.o(.text)
    LCD_SetDisplayWindow                     0x08005e55   Thumb Code    78  stm32f4_discovery_lcd.o(.text)
    LCD_WindowModeDisable                    0x08005ea3   Thumb Code     2  stm32f4_discovery_lcd.o(.text)
    LCD_DrawRect                             0x08005ea5   Thumb Code    82  stm32f4_discovery_lcd.o(.text)
    LCD_DrawCircle                           0x08005ef7   Thumb Code   262  stm32f4_discovery_lcd.o(.text)
    LCD_DrawMonoPict                         0x08005ffd   Thumb Code    70  stm32f4_discovery_lcd.o(.text)
    LCD_WriteBMP                             0x08006043   Thumb Code     2  stm32f4_discovery_lcd.o(.text)
    LCD_DrawFullRect                         0x08006045   Thumb Code   132  stm32f4_discovery_lcd.o(.text)
    LCD_DrawFullCircle                       0x080060c9   Thumb Code   168  stm32f4_discovery_lcd.o(.text)
    LCD_DrawUniLine                          0x08006171   Thumb Code   180  stm32f4_discovery_lcd.o(.text)
    LCD_PolyLine                             0x08006225   Thumb Code    40  stm32f4_discovery_lcd.o(.text)
    LCD_ClosedPolyLine                       0x080062ad   Thumb Code    34  stm32f4_discovery_lcd.o(.text)
    LCD_PolyLineRelative                     0x080062cf   Thumb Code     4  stm32f4_discovery_lcd.o(.text)
    LCD_ClosedPolyLineRelative               0x080062d3   Thumb Code     4  stm32f4_discovery_lcd.o(.text)
    LCD_FillPolyLine                         0x080062d7   Thumb Code   464  stm32f4_discovery_lcd.o(.text)
    LIS302DL_Write                           0x0800650f   Thumb Code    64  stm32f4_discovery_lis302dl.o(.text)
    LIS302DL_Init                            0x08006663   Thumb Code    44  stm32f4_discovery_lis302dl.o(.text)
    LIS302DL_Read                            0x0800668f   Thumb Code    70  stm32f4_discovery_lis302dl.o(.text)
    LIS302DL_FilterConfig                    0x080066d5   Thumb Code    54  stm32f4_discovery_lis302dl.o(.text)
    LIS302DL_InterruptConfig                 0x0800670b   Thumb Code    42  stm32f4_discovery_lis302dl.o(.text)
    LIS302DL_LowpowerCmd                     0x08006735   Thumb Code    38  stm32f4_discovery_lis302dl.o(.text)
    LIS302DL_DataRateCmd                     0x0800675b   Thumb Code    38  stm32f4_discovery_lis302dl.o(.text)
    LIS302DL_FullScaleCmd                    0x08006781   Thumb Code    38  stm32f4_discovery_lis302dl.o(.text)
    LIS302DL_RebootCmd                       0x080067a7   Thumb Code    34  stm32f4_discovery_lis302dl.o(.text)
    LIS302DL_ReadACC                         0x080067c9   Thumb Code    94  stm32f4_discovery_lis302dl.o(.text)
    USART_DeInit                             0x08006839   Thumb Code   168  stm32f4xx_usart.o(.text)
    USART_Init                               0x080068e1   Thumb Code   180  stm32f4xx_usart.o(.text)
    USART_StructInit                         0x08006995   Thumb Code    22  stm32f4xx_usart.o(.text)
    USART_ClockInit                          0x080069ab   Thumb Code    28  stm32f4xx_usart.o(.text)
    USART_ClockStructInit                    0x080069c7   Thumb Code    12  stm32f4xx_usart.o(.text)
    USART_Cmd                                0x080069d3   Thumb Code    24  stm32f4xx_usart.o(.text)
    USART_SetPrescaler                       0x080069eb   Thumb Code    16  stm32f4xx_usart.o(.text)
    USART_OverSampling8Cmd                   0x080069fb   Thumb Code    24  stm32f4xx_usart.o(.text)
    USART_OneBitMethodCmd                    0x08006a13   Thumb Code    24  stm32f4xx_usart.o(.text)
    USART_SendData                           0x08006a2b   Thumb Code     8  stm32f4xx_usart.o(.text)
    USART_ReceiveData                        0x08006a33   Thumb Code     8  stm32f4xx_usart.o(.text)
    USART_SetAddress                         0x08006a3b   Thumb Code    16  stm32f4xx_usart.o(.text)
    USART_ReceiverWakeUpCmd                  0x08006a4b   Thumb Code    24  stm32f4xx_usart.o(.text)
    USART_WakeUpConfig                       0x08006a63   Thumb Code    16  stm32f4xx_usart.o(.text)
    USART_LINBreakDetectLengthConfig         0x08006a73   Thumb Code    16  stm32f4xx_usart.o(.text)
    USART_LINCmd                             0x08006a83   Thumb Code    24  stm32f4xx_usart.o(.text)
    USART_SendBreak                          0x08006a9b   Thumb Code    10  stm32f4xx_usart.o(.text)
    USART_HalfDuplexCmd                      0x08006aa5   Thumb Code    24  stm32f4xx_usart.o(.text)
    USART_SetGuardTime                       0x08006abd   Thumb Code    16  stm32f4xx_usart.o(.text)
    USART_SmartCardCmd                       0x08006acd   Thumb Code    24  stm32f4xx_usart.o(.text)
    USART_SmartCardNACKCmd                   0x08006ae5   Thumb Code    24  stm32f4xx_usart.o(.text)
    USART_IrDAConfig                         0x08006afd   Thumb Code    16  stm32f4xx_usart.o(.text)
    USART_IrDACmd                            0x08006b0d   Thumb Code    24  stm32f4xx_usart.o(.text)
    USART_DMACmd                             0x08006b25   Thumb Code    20  stm32f4xx_usart.o(.text)
    USART_ITConfig                           0x08006b39   Thumb Code    54  stm32f4xx_usart.o(.text)
    USART_GetFlagStatus                      0x08006b6f   Thumb Code    14  stm32f4xx_usart.o(.text)
    USART_ClearFlag                          0x08006b7d   Thumb Code     8  stm32f4xx_usart.o(.text)
    USART_GetITStatus                        0x08006b85   Thumb Code    64  stm32f4xx_usart.o(.text)
    USART_ClearITPendingBit                  0x08006bc5   Thumb Code    16  stm32f4xx_usart.o(.text)
    NVIC_PriorityGroupConfig                 0x08006bed   Thumb Code    10  misc.o(.text)
    NVIC_Init                                0x08006bf7   Thumb Code    94  misc.o(.text)
    NVIC_SetVectorTable                      0x08006c55   Thumb Code    14  misc.o(.text)
    NVIC_SystemLPConfig                      0x08006c63   Thumb Code    24  misc.o(.text)
    SysTick_CLKSourceConfig                  0x08006c7b   Thumb Code    28  misc.o(.text)
    DCMI_DeInit                              0x08006ca9   Thumb Code    22  stm32f4xx_dcmi.o(.text)
    DCMI_Init                                0x08006cbf   Thumb Code    54  stm32f4xx_dcmi.o(.text)
    DCMI_StructInit                          0x08006cf5   Thumb Code    18  stm32f4xx_dcmi.o(.text)
    DCMI_CROPConfig                          0x08006d07   Thumb Code    24  stm32f4xx_dcmi.o(.text)
    DCMI_CROPCmd                             0x08006d1f   Thumb Code    26  stm32f4xx_dcmi.o(.text)
    DCMI_SetEmbeddedSynchroCodes             0x08006d39   Thumb Code    26  stm32f4xx_dcmi.o(.text)
    DCMI_JPEGCmd                             0x08006d53   Thumb Code    26  stm32f4xx_dcmi.o(.text)
    DCMI_Cmd                                 0x08006d6d   Thumb Code    26  stm32f4xx_dcmi.o(.text)
    DCMI_CaptureCmd                          0x08006d87   Thumb Code    26  stm32f4xx_dcmi.o(.text)
    DCMI_ReadData                            0x08006da1   Thumb Code     6  stm32f4xx_dcmi.o(.text)
    DCMI_ITConfig                            0x08006da7   Thumb Code    26  stm32f4xx_dcmi.o(.text)
    DCMI_GetFlagStatus                       0x08006dc1   Thumb Code    34  stm32f4xx_dcmi.o(.text)
    DCMI_ClearFlag                           0x08006de3   Thumb Code     6  stm32f4xx_dcmi.o(.text)
    DCMI_GetITStatus                         0x08006de9   Thumb Code    18  stm32f4xx_dcmi.o(.text)
    DCMI_ClearITPendingBit                   0x08006dfb   Thumb Code     6  stm32f4xx_dcmi.o(.text)
    DMA_DeInit                               0x08006e05   Thumb Code   278  stm32f4xx_dma.o(.text)
    DMA_Init                                 0x08006f1b   Thumb Code    80  stm32f4xx_dma.o(.text)
    DMA_StructInit                           0x08006f6b   Thumb Code    34  stm32f4xx_dma.o(.text)
    DMA_Cmd                                  0x08006f8d   Thumb Code    24  stm32f4xx_dma.o(.text)
    DMA_PeriphIncOffsetSizeConfig            0x08006fa5   Thumb Code    24  stm32f4xx_dma.o(.text)
    DMA_FlowControllerConfig                 0x08006fbd   Thumb Code    24  stm32f4xx_dma.o(.text)
    DMA_SetCurrDataCounter                   0x08006fd5   Thumb Code     4  stm32f4xx_dma.o(.text)
    DMA_GetCurrDataCounter                   0x08006fd9   Thumb Code     6  stm32f4xx_dma.o(.text)
    DMA_DoubleBufferModeConfig               0x08006fdf   Thumb Code    26  stm32f4xx_dma.o(.text)
    DMA_DoubleBufferModeCmd                  0x08006ff9   Thumb Code    24  stm32f4xx_dma.o(.text)
    DMA_MemoryTargetConfig                   0x08007011   Thumb Code    12  stm32f4xx_dma.o(.text)
    DMA_GetCurrentMemoryTarget               0x0800701d   Thumb Code    16  stm32f4xx_dma.o(.text)
    DMA_GetCmdStatus                         0x0800702d   Thumb Code    14  stm32f4xx_dma.o(.text)
    DMA_GetFIFOStatus                        0x0800703b   Thumb Code     8  stm32f4xx_dma.o(.text)
    DMA_GetFlagStatus                        0x08007043   Thumb Code    42  stm32f4xx_dma.o(.text)
    DMA_ClearFlag                            0x0800706d   Thumb Code    34  stm32f4xx_dma.o(.text)
    DMA_ITConfig                             0x0800708f   Thumb Code    52  stm32f4xx_dma.o(.text)
    DMA_GetITStatus                          0x080070c3   Thumb Code    70  stm32f4xx_dma.o(.text)
    DMA_ClearITPendingBit                    0x08007109   Thumb Code    34  stm32f4xx_dma.o(.text)
    EXTI_DeInit                              0x0800714d   Thumb Code    28  stm32f4xx_exti.o(.text)
    EXTI_Init                                0x08007169   Thumb Code   110  stm32f4xx_exti.o(.text)
    EXTI_StructInit                          0x080071d7   Thumb Code    14  stm32f4xx_exti.o(.text)
    EXTI_GenerateSWInterrupt                 0x080071e5   Thumb Code    12  stm32f4xx_exti.o(.text)
    EXTI_GetFlagStatus                       0x080071f1   Thumb Code    18  stm32f4xx_exti.o(.text)
    EXTI_ClearFlag                           0x08007203   Thumb Code     8  stm32f4xx_exti.o(.text)
    EXTI_GetITStatus                         0x0800720b   Thumb Code    28  stm32f4xx_exti.o(.text)
    EXTI_ClearITPendingBit                   0x08007227   Thumb Code     8  stm32f4xx_exti.o(.text)
    FSMC_NORSRAMDeInit                       0x08007239   Thumb Code    42  stm32f4xx_fsmc.o(.text)
    FSMC_NORSRAMInit                         0x08007263   Thumb Code   192  stm32f4xx_fsmc.o(.text)
    FSMC_NORSRAMStructInit                   0x08007323   Thumb Code    98  stm32f4xx_fsmc.o(.text)
    FSMC_NORSRAMCmd                          0x08007385   Thumb Code    32  stm32f4xx_fsmc.o(.text)
    FSMC_NANDDeInit                          0x080073a5   Thumb Code    40  stm32f4xx_fsmc.o(.text)
    FSMC_NANDInit                            0x080073cd   Thumb Code   104  stm32f4xx_fsmc.o(.text)
    FSMC_NANDStructInit                      0x08007435   Thumb Code    54  stm32f4xx_fsmc.o(.text)
    FSMC_NANDCmd                             0x0800746b   Thumb Code    60  stm32f4xx_fsmc.o(.text)
    FSMC_NANDECCCmd                          0x080074a7   Thumb Code    60  stm32f4xx_fsmc.o(.text)
    FSMC_GetECC                              0x080074e3   Thumb Code    18  stm32f4xx_fsmc.o(.text)
    FSMC_PCCARDDeInit                        0x080074f5   Thumb Code    22  stm32f4xx_fsmc.o(.text)
    FSMC_PCCARDInit                          0x0800750b   Thumb Code   110  stm32f4xx_fsmc.o(.text)
    FSMC_PCCARDStructInit                    0x08007579   Thumb Code    60  stm32f4xx_fsmc.o(.text)
    FSMC_PCCARDCmd                           0x080075b5   Thumb Code    34  stm32f4xx_fsmc.o(.text)
    FSMC_ITConfig                            0x080075d7   Thumb Code    86  stm32f4xx_fsmc.o(.text)
    FSMC_GetFlagStatus                       0x0800762d   Thumb Code    40  stm32f4xx_fsmc.o(.text)
    FSMC_ClearFlag                           0x08007655   Thumb Code    42  stm32f4xx_fsmc.o(.text)
    FSMC_GetITStatus                         0x0800767f   Thumb Code    52  stm32f4xx_fsmc.o(.text)
    FSMC_ClearITPendingBit                   0x080076b3   Thumb Code    48  stm32f4xx_fsmc.o(.text)
    GPIO_DeInit                              0x080076ed   Thumb Code   240  stm32f4xx_gpio.o(.text)
    GPIO_Init                                0x080077dd   Thumb Code   124  stm32f4xx_gpio.o(.text)
    GPIO_StructInit                          0x08007859   Thumb Code    18  stm32f4xx_gpio.o(.text)
    GPIO_PinLockConfig                       0x0800786b   Thumb Code    16  stm32f4xx_gpio.o(.text)
    GPIO_ReadInputDataBit                    0x0800787b   Thumb Code    14  stm32f4xx_gpio.o(.text)
    GPIO_ReadInputData                       0x08007889   Thumb Code     6  stm32f4xx_gpio.o(.text)
    GPIO_ReadOutputDataBit                   0x0800788f   Thumb Code    14  stm32f4xx_gpio.o(.text)
    GPIO_ReadOutputData                      0x0800789d   Thumb Code     6  stm32f4xx_gpio.o(.text)
    GPIO_SetBits                             0x080078a3   Thumb Code     4  stm32f4xx_gpio.o(.text)
    GPIO_ResetBits                           0x080078a7   Thumb Code     4  stm32f4xx_gpio.o(.text)
    GPIO_WriteBit                            0x080078ab   Thumb Code    12  stm32f4xx_gpio.o(.text)
    GPIO_Write                               0x080078b7   Thumb Code     4  stm32f4xx_gpio.o(.text)
    GPIO_ToggleBits                          0x080078bb   Thumb Code     8  stm32f4xx_gpio.o(.text)
    GPIO_PinAFConfig                         0x080078c3   Thumb Code    32  stm32f4xx_gpio.o(.text)
    RCC_DeInit                               0x08007909   Thumb Code    48  stm32f4xx_rcc.o(.text)
    RCC_HSEConfig                            0x08007939   Thumb Code    12  stm32f4xx_rcc.o(.text)
    RCC_GetFlagStatus                        0x08007945   Thumb Code    50  stm32f4xx_rcc.o(.text)
    RCC_WaitForHSEStartUp                    0x08007977   Thumb Code    40  stm32f4xx_rcc.o(.text)
    RCC_AdjustHSICalibrationValue            0x0800799f   Thumb Code    16  stm32f4xx_rcc.o(.text)
    RCC_HSICmd                               0x080079af   Thumb Code     6  stm32f4xx_rcc.o(.text)
    RCC_LSEConfig                            0x080079b5   Thumb Code    30  stm32f4xx_rcc.o(.text)
    RCC_LSICmd                               0x080079d3   Thumb Code     6  stm32f4xx_rcc.o(.text)
    RCC_PLLConfig                            0x080079d9   Thumb Code    34  stm32f4xx_rcc.o(.text)
    RCC_PLLCmd                               0x080079fb   Thumb Code     6  stm32f4xx_rcc.o(.text)
    RCC_PLLI2SConfig                         0x08007a01   Thumb Code    14  stm32f4xx_rcc.o(.text)
    RCC_PLLI2SCmd                            0x08007a0f   Thumb Code     6  stm32f4xx_rcc.o(.text)
    RCC_ClockSecuritySystemCmd               0x08007a15   Thumb Code     6  stm32f4xx_rcc.o(.text)
    RCC_MCO1Config                           0x08007a1b   Thumb Code    18  stm32f4xx_rcc.o(.text)
    RCC_MCO2Config                           0x08007a2d   Thumb Code    18  stm32f4xx_rcc.o(.text)
    RCC_SYSCLKConfig                         0x08007a3f   Thumb Code    16  stm32f4xx_rcc.o(.text)
    RCC_GetSYSCLKSource                      0x08007a4f   Thumb Code    12  stm32f4xx_rcc.o(.text)
    RCC_HCLKConfig                           0x08007a5b   Thumb Code    16  stm32f4xx_rcc.o(.text)
    RCC_PCLK1Config                          0x08007a6b   Thumb Code    16  stm32f4xx_rcc.o(.text)
    RCC_PCLK2Config                          0x08007a7b   Thumb Code    18  stm32f4xx_rcc.o(.text)
    RCC_GetClocksFreq                        0x08007a8d   Thumb Code   150  stm32f4xx_rcc.o(.text)
    RCC_RTCCLKConfig                         0x08007b23   Thumb Code    42  stm32f4xx_rcc.o(.text)
    RCC_RTCCLKCmd                            0x08007b4d   Thumb Code     8  stm32f4xx_rcc.o(.text)
    RCC_BackupResetCmd                       0x08007b55   Thumb Code     8  stm32f4xx_rcc.o(.text)
    RCC_I2SCLKConfig                         0x08007b5d   Thumb Code     6  stm32f4xx_rcc.o(.text)
    RCC_AHB1PeriphClockCmd                   0x08007b63   Thumb Code    24  stm32f4xx_rcc.o(.text)
    RCC_AHB2PeriphClockCmd                   0x08007b7b   Thumb Code    24  stm32f4xx_rcc.o(.text)
    RCC_AHB3PeriphClockCmd                   0x08007b93   Thumb Code    24  stm32f4xx_rcc.o(.text)
    RCC_APB1PeriphClockCmd                   0x08007bab   Thumb Code    24  stm32f4xx_rcc.o(.text)
    RCC_APB2PeriphClockCmd                   0x08007bc3   Thumb Code    24  stm32f4xx_rcc.o(.text)
    RCC_AHB1PeriphResetCmd                   0x08007bdb   Thumb Code    24  stm32f4xx_rcc.o(.text)
    RCC_AHB2PeriphResetCmd                   0x08007bf3   Thumb Code    24  stm32f4xx_rcc.o(.text)
    RCC_AHB3PeriphResetCmd                   0x08007c0b   Thumb Code    24  stm32f4xx_rcc.o(.text)
    RCC_APB1PeriphResetCmd                   0x08007c23   Thumb Code    24  stm32f4xx_rcc.o(.text)
    RCC_APB2PeriphResetCmd                   0x08007c3b   Thumb Code    24  stm32f4xx_rcc.o(.text)
    RCC_AHB1PeriphClockLPModeCmd             0x08007c53   Thumb Code    24  stm32f4xx_rcc.o(.text)
    RCC_AHB2PeriphClockLPModeCmd             0x08007c6b   Thumb Code    24  stm32f4xx_rcc.o(.text)
    RCC_AHB3PeriphClockLPModeCmd             0x08007c83   Thumb Code    24  stm32f4xx_rcc.o(.text)
    RCC_APB1PeriphClockLPModeCmd             0x08007c9b   Thumb Code    24  stm32f4xx_rcc.o(.text)
    RCC_APB2PeriphClockLPModeCmd             0x08007cb3   Thumb Code    24  stm32f4xx_rcc.o(.text)
    RCC_ITConfig                             0x08007ccb   Thumb Code    24  stm32f4xx_rcc.o(.text)
    RCC_ClearFlag                            0x08007ce3   Thumb Code    50  stm32f4xx_rcc.o(.text)
    RCC_GetITStatus                          0x08007d15   Thumb Code    16  stm32f4xx_rcc.o(.text)
    RCC_ClearITPendingBit                    0x08007d25   Thumb Code     8  stm32f4xx_rcc.o(.text)
    SDIO_DeInit                              0x08007d31   Thumb Code    24  stm32f4xx_sdio.o(.text)
    SDIO_Init                                0x08007d49   Thumb Code    40  stm32f4xx_sdio.o(.text)
    SDIO_StructInit                          0x08007d71   Thumb Code    16  stm32f4xx_sdio.o(.text)
    SDIO_ClockCmd                            0x08007d81   Thumb Code     6  stm32f4xx_sdio.o(.text)
    SDIO_SetPowerState                       0x08007d87   Thumb Code     8  stm32f4xx_sdio.o(.text)
    SDIO_GetPowerState                       0x08007d8f   Thumb Code    12  stm32f4xx_sdio.o(.text)
    SDIO_SendCommand                         0x08007d9b   Thumb Code    38  stm32f4xx_sdio.o(.text)
    SDIO_CmdStructInit                       0x08007dc1   Thumb Code    14  stm32f4xx_sdio.o(.text)
    SDIO_GetCommandResponse                  0x08007dcf   Thumb Code    10  stm32f4xx_sdio.o(.text)
    SDIO_GetResponse                         0x08007dd9   Thumb Code    10  stm32f4xx_sdio.o(.text)
    SDIO_DataConfig                          0x08007de3   Thumb Code    44  stm32f4xx_sdio.o(.text)
    SDIO_DataStructInit                      0x08007e0f   Thumb Code    20  stm32f4xx_sdio.o(.text)
    SDIO_GetDataCounter                      0x08007e23   Thumb Code     8  stm32f4xx_sdio.o(.text)
    SDIO_ReadData                            0x08007e2b   Thumb Code     8  stm32f4xx_sdio.o(.text)
    SDIO_WriteData                           0x08007e33   Thumb Code     8  stm32f4xx_sdio.o(.text)
    SDIO_GetFIFOCount                        0x08007e3b   Thumb Code     8  stm32f4xx_sdio.o(.text)
    SDIO_StartSDIOReadWait                   0x08007e43   Thumb Code     6  stm32f4xx_sdio.o(.text)
    SDIO_StopSDIOReadWait                    0x08007e49   Thumb Code     8  stm32f4xx_sdio.o(.text)
    SDIO_SetSDIOReadWaitMode                 0x08007e51   Thumb Code     8  stm32f4xx_sdio.o(.text)
    SDIO_SetSDIOOperation                    0x08007e59   Thumb Code     8  stm32f4xx_sdio.o(.text)
    SDIO_SendSDIOSuspendCmd                  0x08007e61   Thumb Code     6  stm32f4xx_sdio.o(.text)
    SDIO_CommandCompletionCmd                0x08007e67   Thumb Code     6  stm32f4xx_sdio.o(.text)
    SDIO_CEATAITCmd                          0x08007e6d   Thumb Code    10  stm32f4xx_sdio.o(.text)
    SDIO_SendCEATACmd                        0x08007e77   Thumb Code     6  stm32f4xx_sdio.o(.text)
    SDIO_DMACmd                              0x08007e7d   Thumb Code     8  stm32f4xx_sdio.o(.text)
    SDIO_ITConfig                            0x08007e85   Thumb Code    24  stm32f4xx_sdio.o(.text)
    SDIO_GetFlagStatus                       0x08007e9d   Thumb Code    18  stm32f4xx_sdio.o(.text)
    SDIO_ClearFlag                           0x08007eaf   Thumb Code     8  stm32f4xx_sdio.o(.text)
    SDIO_GetITStatus                         0x08007eb7   Thumb Code    18  stm32f4xx_sdio.o(.text)
    SDIO_ClearITPendingBit                   0x08007ec9   Thumb Code     8  stm32f4xx_sdio.o(.text)
    SPI_I2S_DeInit                           0x08007eed   Thumb Code    88  stm32f4xx_spi.o(.text)
    SPI_Init                                 0x08007f45   Thumb Code    56  stm32f4xx_spi.o(.text)
    I2S_Init                                 0x08007f7d   Thumb Code   206  stm32f4xx_spi.o(.text)
    SPI_StructInit                           0x0800804b   Thumb Code    24  stm32f4xx_spi.o(.text)
    I2S_StructInit                           0x08008063   Thumb Code    18  stm32f4xx_spi.o(.text)
    SPI_Cmd                                  0x08008075   Thumb Code    24  stm32f4xx_spi.o(.text)
    I2S_Cmd                                  0x0800808d   Thumb Code    24  stm32f4xx_spi.o(.text)
    SPI_DataSizeConfig                       0x080080a5   Thumb Code    16  stm32f4xx_spi.o(.text)
    SPI_BiDirectionalLineConfig              0x080080b5   Thumb Code    26  stm32f4xx_spi.o(.text)
    SPI_NSSInternalSoftwareConfig            0x080080cf   Thumb Code    28  stm32f4xx_spi.o(.text)
    SPI_SSOutputCmd                          0x080080eb   Thumb Code    24  stm32f4xx_spi.o(.text)
    SPI_TIModeCmd                            0x08008103   Thumb Code    24  stm32f4xx_spi.o(.text)
    I2S_FullDuplexConfig                     0x0800811b   Thumb Code    58  stm32f4xx_spi.o(.text)
    SPI_I2S_ReceiveData                      0x08008155   Thumb Code     4  stm32f4xx_spi.o(.text)
    SPI_I2S_SendData                         0x08008159   Thumb Code     4  stm32f4xx_spi.o(.text)
    SPI_CalculateCRC                         0x0800815d   Thumb Code    24  stm32f4xx_spi.o(.text)
    SPI_TransmitCRC                          0x08008175   Thumb Code    10  stm32f4xx_spi.o(.text)
    SPI_GetCRC                               0x0800817f   Thumb Code    12  stm32f4xx_spi.o(.text)
    SPI_GetCRCPolynomial                     0x0800818b   Thumb Code     4  stm32f4xx_spi.o(.text)
    SPI_I2S_DMACmd                           0x0800818f   Thumb Code    20  stm32f4xx_spi.o(.text)
    SPI_I2S_ITConfig                         0x080081a3   Thumb Code    28  stm32f4xx_spi.o(.text)
    SPI_I2S_GetFlagStatus                    0x080081bf   Thumb Code    14  stm32f4xx_spi.o(.text)
    SPI_I2S_ClearFlag                        0x080081cd   Thumb Code     6  stm32f4xx_spi.o(.text)
    SPI_I2S_GetITStatus                      0x080081d3   Thumb Code    44  stm32f4xx_spi.o(.text)
    SPI_I2S_ClearITPendingBit                0x080081ff   Thumb Code    14  stm32f4xx_spi.o(.text)
    SYSCFG_DeInit                            0x08008221   Thumb Code    24  stm32f4xx_syscfg.o(.text)
    SYSCFG_MemoryRemapConfig                 0x08008239   Thumb Code     6  stm32f4xx_syscfg.o(.text)
    SYSCFG_EXTILineConfig                    0x0800823f   Thumb Code    36  stm32f4xx_syscfg.o(.text)
    SYSCFG_ETH_MediaInterfaceConfig          0x08008263   Thumb Code     6  stm32f4xx_syscfg.o(.text)
    SYSCFG_CompensationCellCmd               0x08008269   Thumb Code     6  stm32f4xx_syscfg.o(.text)
    SYSCFG_GetCompensationCellStatus         0x0800826f   Thumb Code    18  stm32f4xx_syscfg.o(.text)
    I2C_DeInit                               0x0800828d   Thumb Code    88  stm32f4xx_i2c.o(.text)
    I2C_Init                                 0x080082e5   Thumb Code   176  stm32f4xx_i2c.o(.text)
    I2C_StructInit                           0x08008395   Thumb Code    28  stm32f4xx_i2c.o(.text)
    I2C_Cmd                                  0x080083b1   Thumb Code    24  stm32f4xx_i2c.o(.text)
    I2C_GenerateSTART                        0x080083c9   Thumb Code    24  stm32f4xx_i2c.o(.text)
    I2C_GenerateSTOP                         0x080083e1   Thumb Code    24  stm32f4xx_i2c.o(.text)
    I2C_Send7bitAddress                      0x080083f9   Thumb Code    18  stm32f4xx_i2c.o(.text)
    I2C_AcknowledgeConfig                    0x0800840b   Thumb Code    24  stm32f4xx_i2c.o(.text)
    I2C_OwnAddress2Config                    0x08008423   Thumb Code    16  stm32f4xx_i2c.o(.text)
    I2C_DualAddressCmd                       0x08008433   Thumb Code    24  stm32f4xx_i2c.o(.text)
    I2C_GeneralCallCmd                       0x0800844b   Thumb Code    24  stm32f4xx_i2c.o(.text)
    I2C_SoftwareResetCmd                     0x08008463   Thumb Code    24  stm32f4xx_i2c.o(.text)
    I2C_StretchClockCmd                      0x0800847b   Thumb Code    24  stm32f4xx_i2c.o(.text)
    I2C_FastModeDutyCycleConfig              0x08008493   Thumb Code    26  stm32f4xx_i2c.o(.text)
    I2C_NACKPositionConfig                   0x080084ad   Thumb Code    26  stm32f4xx_i2c.o(.text)
    I2C_SMBusAlertConfig                     0x080084c7   Thumb Code    26  stm32f4xx_i2c.o(.text)
    I2C_ARPCmd                               0x080084e1   Thumb Code    24  stm32f4xx_i2c.o(.text)
    I2C_SendData                             0x080084f9   Thumb Code     4  stm32f4xx_i2c.o(.text)
    I2C_ReceiveData                          0x080084fd   Thumb Code     6  stm32f4xx_i2c.o(.text)
    I2C_TransmitPEC                          0x08008503   Thumb Code    24  stm32f4xx_i2c.o(.text)
    I2C_PECPositionConfig                    0x0800851b   Thumb Code    26  stm32f4xx_i2c.o(.text)
    I2C_CalculatePEC                         0x08008535   Thumb Code    24  stm32f4xx_i2c.o(.text)
    I2C_GetPEC                               0x0800854d   Thumb Code     6  stm32f4xx_i2c.o(.text)
    I2C_DMACmd                               0x08008553   Thumb Code    24  stm32f4xx_i2c.o(.text)
    I2C_DMALastTransferCmd                   0x0800856b   Thumb Code    24  stm32f4xx_i2c.o(.text)
    I2C_ReadRegister                         0x08008583   Thumb Code     6  stm32f4xx_i2c.o(.text)
    I2C_ITConfig                             0x08008589   Thumb Code    20  stm32f4xx_i2c.o(.text)
    I2C_CheckEvent                           0x0800859d   Thumb Code    24  stm32f4xx_i2c.o(.text)
    I2C_GetLastEvent                         0x080085b5   Thumb Code    14  stm32f4xx_i2c.o(.text)
    I2C_GetFlagStatus                        0x080085c3   Thumb Code    32  stm32f4xx_i2c.o(.text)
    I2C_ClearFlag                            0x080085e3   Thumb Code     6  stm32f4xx_i2c.o(.text)
    I2C_GetITStatus                          0x080085e9   Thumb Code    34  stm32f4xx_i2c.o(.text)
    I2C_ClearITPendingBit                    0x0800860b   Thumb Code     6  stm32f4xx_i2c.o(.text)
    clust2sect                               0x08008793   Thumb Code    24  ff.o(.text)
    get_fat                                  0x080087ab   Thumb Code   200  ff.o(.text)
    put_fat                                  0x08008873   Thumb Code   246  ff.o(.text)
    f_mount                                  0x080092cf   Thumb Code    30  ff.o(.text)
    f_open                                   0x080092ed   Thumb Code   354  ff.o(.text)
    f_read                                   0x0800944f   Thumb Code   378  ff.o(.text)
    f_write                                  0x080095c9   Thumb Code   454  ff.o(.text)
    f_sync                                   0x0800978f   Thumb Code   164  ff.o(.text)
    f_close                                  0x08009833   Thumb Code    20  ff.o(.text)
    f_lseek                                  0x08009847   Thumb Code   378  ff.o(.text)
    f_opendir                                0x080099c1   Thumb Code    96  ff.o(.text)
    f_readdir                                0x08009a21   Thumb Code    82  ff.o(.text)
    f_stat                                   0x08009a73   Thumb Code    58  ff.o(.text)
    f_getfree                                0x08009aad   Thumb Code   224  ff.o(.text)
    f_truncate                               0x08009b8d   Thumb Code   142  ff.o(.text)
    f_unlink                                 0x08009c1b   Thumb Code   164  ff.o(.text)
    f_mkdir                                  0x08009cbf   Thumb Code   386  ff.o(.text)
    f_chmod                                  0x08009e41   Thumb Code    74  ff.o(.text)
    f_utime                                  0x08009e8b   Thumb Code    80  ff.o(.text)
    f_rename                                 0x08009edb   Thumb Code   276  ff.o(.text)
    disk_initialize                          0x08009ff1   Thumb Code    44  diskio.o(.text)
    disk_status                              0x0800a01d   Thumb Code    12  diskio.o(.text)
    disk_read                                0x0800a029   Thumb Code    38  diskio.o(.text)
    disk_write                               0x0800a04f   Thumb Code    38  diskio.o(.text)
    get_fattime                              0x0800a075   Thumb Code     4  diskio.o(.text)
    disk_ioctl                               0x0800a079   Thumb Code    36  diskio.o(.text)
    Reset_Handler                            0x0800a0a1   Thumb Code     8  startup_stm32f4xx.o(.text)
    ADC_IRQHandler                           0x0800a0bb   Thumb Code     0  startup_stm32f4xx.o(.text)
    CAN1_RX0_IRQHandler                      0x0800a0bb   Thumb Code     0  startup_stm32f4xx.o(.text)
    CAN1_RX1_IRQHandler                      0x0800a0bb   Thumb Code     0  startup_stm32f4xx.o(.text)
    CAN1_SCE_IRQHandler                      0x0800a0bb   Thumb Code     0  startup_stm32f4xx.o(.text)
    CAN1_TX_IRQHandler                       0x0800a0bb   Thumb Code     0  startup_stm32f4xx.o(.text)
    CAN2_RX0_IRQHandler                      0x0800a0bb   Thumb Code     0  startup_stm32f4xx.o(.text)
    CAN2_RX1_IRQHandler                      0x0800a0bb   Thumb Code     0  startup_stm32f4xx.o(.text)
    CAN2_SCE_IRQHandler                      0x0800a0bb   Thumb Code     0  startup_stm32f4xx.o(.text)
    CAN2_TX_IRQHandler                       0x0800a0bb   Thumb Code     0  startup_stm32f4xx.o(.text)
    CRYP_IRQHandler                          0x0800a0bb   Thumb Code     0  startup_stm32f4xx.o(.text)
    DCMI_IRQHandler                          0x0800a0bb   Thumb Code     0  startup_stm32f4xx.o(.text)
    DMA1_Stream0_IRQHandler                  0x0800a0bb   Thumb Code     0  startup_stm32f4xx.o(.text)
    DMA1_Stream1_IRQHandler                  0x0800a0bb   Thumb Code     0  startup_stm32f4xx.o(.text)
    DMA1_Stream2_IRQHandler                  0x0800a0bb   Thumb Code     0  startup_stm32f4xx.o(.text)
    DMA1_Stream3_IRQHandler                  0x0800a0bb   Thumb Code     0  startup_stm32f4xx.o(.text)
    DMA1_Stream4_IRQHandler                  0x0800a0bb   Thumb Code     0  startup_stm32f4xx.o(.text)
    DMA1_Stream5_IRQHandler                  0x0800a0bb   Thumb Code     0  startup_stm32f4xx.o(.text)
    DMA1_Stream6_IRQHandler                  0x0800a0bb   Thumb Code     0  startup_stm32f4xx.o(.text)
    DMA1_Stream7_IRQHandler                  0x0800a0bb   Thumb Code     0  startup_stm32f4xx.o(.text)
    DMA2_Stream0_IRQHandler                  0x0800a0bb   Thumb Code     0  startup_stm32f4xx.o(.text)
    DMA2_Stream1_IRQHandler                  0x0800a0bb   Thumb Code     0  startup_stm32f4xx.o(.text)
    DMA2_Stream2_IRQHandler                  0x0800a0bb   Thumb Code     0  startup_stm32f4xx.o(.text)
    DMA2_Stream4_IRQHandler                  0x0800a0bb   Thumb Code     0  startup_stm32f4xx.o(.text)
    DMA2_Stream5_IRQHandler                  0x0800a0bb   Thumb Code     0  startup_stm32f4xx.o(.text)
    DMA2_Stream6_IRQHandler                  0x0800a0bb   Thumb Code     0  startup_stm32f4xx.o(.text)
    DMA2_Stream7_IRQHandler                  0x0800a0bb   Thumb Code     0  startup_stm32f4xx.o(.text)
    ETH_IRQHandler                           0x0800a0bb   Thumb Code     0  startup_stm32f4xx.o(.text)
    ETH_WKUP_IRQHandler                      0x0800a0bb   Thumb Code     0  startup_stm32f4xx.o(.text)
    EXTI15_10_IRQHandler                     0x0800a0bb   Thumb Code     0  startup_stm32f4xx.o(.text)
    EXTI1_IRQHandler                         0x0800a0bb   Thumb Code     0  startup_stm32f4xx.o(.text)
    EXTI2_IRQHandler                         0x0800a0bb   Thumb Code     0  startup_stm32f4xx.o(.text)
    EXTI3_IRQHandler                         0x0800a0bb   Thumb Code     0  startup_stm32f4xx.o(.text)
    EXTI4_IRQHandler                         0x0800a0bb   Thumb Code     0  startup_stm32f4xx.o(.text)
    EXTI9_5_IRQHandler                       0x0800a0bb   Thumb Code     0  startup_stm32f4xx.o(.text)
    FLASH_IRQHandler                         0x0800a0bb   Thumb Code     0  startup_stm32f4xx.o(.text)
    FPU_IRQHandler                           0x0800a0bb   Thumb Code     0  startup_stm32f4xx.o(.text)
    FSMC_IRQHandler                          0x0800a0bb   Thumb Code     0  startup_stm32f4xx.o(.text)
    HASH_RNG_IRQHandler                      0x0800a0bb   Thumb Code     0  startup_stm32f4xx.o(.text)
    I2C1_ER_IRQHandler                       0x0800a0bb   Thumb Code     0  startup_stm32f4xx.o(.text)
    I2C1_EV_IRQHandler                       0x0800a0bb   Thumb Code     0  startup_stm32f4xx.o(.text)
    I2C2_ER_IRQHandler                       0x0800a0bb   Thumb Code     0  startup_stm32f4xx.o(.text)
    I2C2_EV_IRQHandler                       0x0800a0bb   Thumb Code     0  startup_stm32f4xx.o(.text)
    I2C3_ER_IRQHandler                       0x0800a0bb   Thumb Code     0  startup_stm32f4xx.o(.text)
    I2C3_EV_IRQHandler                       0x0800a0bb   Thumb Code     0  startup_stm32f4xx.o(.text)
    OTG_FS_IRQHandler                        0x0800a0bb   Thumb Code     0  startup_stm32f4xx.o(.text)
    OTG_FS_WKUP_IRQHandler                   0x0800a0bb   Thumb Code     0  startup_stm32f4xx.o(.text)
    OTG_HS_EP1_IN_IRQHandler                 0x0800a0bb   Thumb Code     0  startup_stm32f4xx.o(.text)
    OTG_HS_EP1_OUT_IRQHandler                0x0800a0bb   Thumb Code     0  startup_stm32f4xx.o(.text)
    OTG_HS_IRQHandler                        0x0800a0bb   Thumb Code     0  startup_stm32f4xx.o(.text)
    OTG_HS_WKUP_IRQHandler                   0x0800a0bb   Thumb Code     0  startup_stm32f4xx.o(.text)
    PVD_IRQHandler                           0x0800a0bb   Thumb Code     0  startup_stm32f4xx.o(.text)
    RCC_IRQHandler                           0x0800a0bb   Thumb Code     0  startup_stm32f4xx.o(.text)
    RTC_Alarm_IRQHandler                     0x0800a0bb   Thumb Code     0  startup_stm32f4xx.o(.text)
    RTC_WKUP_IRQHandler                      0x0800a0bb   Thumb Code     0  startup_stm32f4xx.o(.text)
    SPI1_IRQHandler                          0x0800a0bb   Thumb Code     0  startup_stm32f4xx.o(.text)
    SPI2_IRQHandler                          0x0800a0bb   Thumb Code     0  startup_stm32f4xx.o(.text)
    SPI3_IRQHandler                          0x0800a0bb   Thumb Code     0  startup_stm32f4xx.o(.text)
    TAMP_STAMP_IRQHandler                    0x0800a0bb   Thumb Code     0  startup_stm32f4xx.o(.text)
    TIM1_BRK_TIM9_IRQHandler                 0x0800a0bb   Thumb Code     0  startup_stm32f4xx.o(.text)
    TIM1_CC_IRQHandler                       0x0800a0bb   Thumb Code     0  startup_stm32f4xx.o(.text)
    TIM1_TRG_COM_TIM11_IRQHandler            0x0800a0bb   Thumb Code     0  startup_stm32f4xx.o(.text)
    TIM1_UP_TIM10_IRQHandler                 0x0800a0bb   Thumb Code     0  startup_stm32f4xx.o(.text)
    TIM2_IRQHandler                          0x0800a0bb   Thumb Code     0  startup_stm32f4xx.o(.text)
    TIM3_IRQHandler                          0x0800a0bb   Thumb Code     0  startup_stm32f4xx.o(.text)
    TIM4_IRQHandler                          0x0800a0bb   Thumb Code     0  startup_stm32f4xx.o(.text)
    TIM5_IRQHandler                          0x0800a0bb   Thumb Code     0  startup_stm32f4xx.o(.text)
    TIM6_DAC_IRQHandler                      0x0800a0bb   Thumb Code     0  startup_stm32f4xx.o(.text)
    TIM7_IRQHandler                          0x0800a0bb   Thumb Code     0  startup_stm32f4xx.o(.text)
    TIM8_BRK_TIM12_IRQHandler                0x0800a0bb   Thumb Code     0  startup_stm32f4xx.o(.text)
    TIM8_CC_IRQHandler                       0x0800a0bb   Thumb Code     0  startup_stm32f4xx.o(.text)
    TIM8_TRG_COM_TIM14_IRQHandler            0x0800a0bb   Thumb Code     0  startup_stm32f4xx.o(.text)
    TIM8_UP_TIM13_IRQHandler                 0x0800a0bb   Thumb Code     0  startup_stm32f4xx.o(.text)
    UART4_IRQHandler                         0x0800a0bb   Thumb Code     0  startup_stm32f4xx.o(.text)
    UART5_IRQHandler                         0x0800a0bb   Thumb Code     0  startup_stm32f4xx.o(.text)
    USART1_IRQHandler                        0x0800a0bb   Thumb Code     0  startup_stm32f4xx.o(.text)
    USART6_IRQHandler                        0x0800a0bb   Thumb Code     0  startup_stm32f4xx.o(.text)
    WWDG_IRQHandler                          0x0800a0bb   Thumb Code     0  startup_stm32f4xx.o(.text)
    inet_aton                                0x0800a0c5   Thumb Code   270  sn8200_api.o(.text)
    inet_addr                                0x0800a1d3   Thumb Code    20  sn8200_api.o(.text)
    getTCPinfo                               0x0800a1e7   Thumb Code   174  sn8200_api.o(.text)
    setTCPinfo                               0x0800a295   Thumb Code    84  sn8200_api.o(.text)
    getUDPinfo                               0x0800a2e9   Thumb Code   104  sn8200_api.o(.text)
    setUDPinfo                               0x0800a351   Thumb Code    84  sn8200_api.o(.text)
    SN8200_API_Init                          0x0800a3a5   Thumb Code     4  sn8200_api.o(.text)
    SN8200_API_HasInput                      0x0800a3a9   Thumb Code     4  sn8200_api.o(.text)
    ProcessSN8200Input                       0x0800a3ad   Thumb Code     4  sn8200_api.o(.text)
    GetStatus                                0x0800a3b1   Thumb Code    78  sn8200_api.o(.text)
    WifiOn                                   0x0800a3ff   Thumb Code    44  sn8200_api.o(.text)
    WifiOff                                  0x0800a42b   Thumb Code    32  sn8200_api.o(.text)
    ApOnOff                                  0x0800a44b   Thumb Code    96  sn8200_api.o(.text)
    WifiScan                                 0x0800a4ab   Thumb Code    52  sn8200_api.o(.text)
    WifiJoin                                 0x0800a4df   Thumb Code   670  sn8200_api.o(.text)
    WifiDisconn                              0x0800a77d   Thumb Code    32  sn8200_api.o(.text)
    SnicInit                                 0x0800a79d   Thumb Code    42  sn8200_api.o(.text)
    SnicCleanup                              0x0800a7c7   Thumb Code    32  sn8200_api.o(.text)
    SnicIPConfig                             0x0800a7e7   Thumb Code    82  sn8200_api.o(.text)
    SnicGetDhcp                              0x0800a839   Thumb Code   112  sn8200_api.o(.text)
    tcpCreateSocket                          0x0800a8a9   Thumb Code   118  sn8200_api.o(.text)
    closeSocket                              0x0800a91f   Thumb Code    46  sn8200_api.o(.text)
    tcpConnectToServer                       0x0800a94d   Thumb Code   132  sn8200_api.o(.text)
    tcpCreateConnection                      0x0800a9d1   Thumb Code    90  sn8200_api.o(.text)
    sendFromSock                             0x0800aa2b   Thumb Code   122  sn8200_api.o(.text)
    udpCreateSocket                          0x0800aaa5   Thumb Code   104  sn8200_api.o(.text)
    udpSendFromSock                          0x0800ab0d   Thumb Code   460  sn8200_api.o(.text)
    udpStartRecv                             0x0800acd9   Thumb Code    66  sn8200_api.o(.text)
    handleRxWiFi                             0x0800ad1b   Thumb Code   422  sn8200_api.o(.text)
    handleRxSNIC                             0x0800aec1   Thumb Code  1526  sn8200_api.o(.text)
    SendSNIC                                 0x0800b4b7   Thumb Code    46  sn8200_api.o(.text)
    fillNSendHttpReq                         0x0800b4e5   Thumb Code   220  sn8200_api.o(.text)
    fillNSendHttpMoreReq                     0x0800b5c1   Thumb Code    86  sn8200_api.o(.text)
    dummy_tx                                 0x0800b6f1   Thumb Code    48  sn8200_core.o(.text)
    rx_process_char_no_ESC                   0x0800b7ff   Thumb Code   342  sn8200_core.o(.text)
    sci_ser_cmd_proc                         0x0800b955   Thumb Code    30  sn8200_core.o(.text)
    SN8200_RxFrameEmpty                      0x0800b973   Thumb Code    18  sn8200_core.o(.text)
    process_rx_frame                         0x0800b985   Thumb Code    42  sn8200_core.o(.text)
    SN8200_Init                              0x0800b9af   Thumb Code     4  sn8200_core.o(.text)
    SN8200_HasInput                          0x0800b9b3   Thumb Code    12  sn8200_core.o(.text)
    serial_transmit                          0x0800b9bf   Thumb Code    44  sn8200_core.o(.text)
    rx_thread_proc                           0x0800b9eb   Thumb Code    86  sn8200_core.o(.text)
    SN8200_HAL_Init                          0x0800ba4d   Thumb Code   186  sn8200_hal.o(.text)
    SN8200_HAL_SendData                      0x0800bb07   Thumb Code    42  sn8200_hal.o(.text)
    SN8200_HAL_RxBufferEmpty                 0x0800bb31   Thumb Code    16  sn8200_hal.o(.text)
    SN8200_HAL_ReadByte                      0x0800bb41   Thumb Code    26  sn8200_hal.o(.text)
    __rt_ctype_table                         0x0800bb6d   Thumb Code     4  ctype_o.o(.text)
    isspace                                  0x0800bb75   Thumb Code    18  isspace_o.o(.text)
    __aeabi_memcpy                           0x0800bb87   Thumb Code    36  memcpya.o(.text)
    __aeabi_memcpy4                          0x0800bb87   Thumb Code     0  memcpya.o(.text)
    __aeabi_memcpy8                          0x0800bb87   Thumb Code     0  memcpya.o(.text)
    __aeabi_memset                           0x0800bbab   Thumb Code    14  memseta.o(.text)
    __aeabi_memset4                          0x0800bbab   Thumb Code     0  memseta.o(.text)
    __aeabi_memset8                          0x0800bbab   Thumb Code     0  memseta.o(.text)
    __aeabi_memclr                           0x0800bbb9   Thumb Code     4  memseta.o(.text)
    __aeabi_memclr4                          0x0800bbb9   Thumb Code     0  memseta.o(.text)
    __aeabi_memclr8                          0x0800bbb9   Thumb Code     0  memseta.o(.text)
    _memset$wrapper                          0x0800bbbd   Thumb Code    18  memseta.o(.text)
    strstr                                   0x0800bbcf   Thumb Code    44  strstr.o(.text)
    strlen                                   0x0800bbfb   Thumb Code    16  strlen.o(.text)
    strcpy                                   0x0800bc0b   Thumb Code    18  strcpy.o(.text)
    strncmp                                  0x0800bc1d   Thumb Code    30  strncmp.o(.text)
    __0scanf                                 0x0800bc3d   Thumb Code    26  __0scanf.o(.text)
    _scanf_string                            0x0800bc5d   Thumb Code   218  _scanf_str.o(.text)
    strtol                                   0x0800bd37   Thumb Code   112  strtol.o(.text)
    atoi                                     0x0800bda7   Thumb Code    26  atoi.o(.text)
    __aeabi_i2d                              0x0800bdc1   Thumb Code    34  dflti.o(.text)
    __aeabi_ui2d                             0x0800bde3   Thumb Code    26  dfltui.o(.text)
    __aeabi_cdcmpeq                          0x0800bdfd   Thumb Code     0  cdcmple.o(.text)
    __aeabi_cdcmple                          0x0800bdfd   Thumb Code    38  cdcmple.o(.text)
    __aeabi_cdrcmple                         0x0800be25   Thumb Code    38  cdrcmple.o(.text)
    __aeabi_uldivmod                         0x0800be4d   Thumb Code    98  uldiv.o(.text)
    _strtoul                                 0x0800beaf   Thumb Code   158  _strtoul.o(.text)
    __vfscanf_char_file                      0x0800bf4d   Thumb Code    12  scanf_char_file.o(.text)
    __I$use$fp                               0x0800bf61   Thumb Code     0  iusefp.o(.text)
    _double_round                            0x0800bf61   Thumb Code    26  depilogue.o(.text)
    _double_epilogue                         0x0800bf7b   Thumb Code   164  depilogue.o(.text)
    __scatterload                            0x0800c021   Thumb Code    28  init.o(.text)
    __scatterload_rt2                        0x0800c021   Thumb Code     0  init.o(.text)
    _fgetc$bs                                0x0800c045   Thumb Code    28  fgetc_b.o(.text)
    __backspace                              0x0800c061   Thumb Code    10  fgetc_b.o(.text)
    __aeabi_llsl                             0x0800c071   Thumb Code    30  llshl.o(.text)
    _ll_shift_l                              0x0800c071   Thumb Code     0  llshl.o(.text)
    __aeabi_llsr                             0x0800c08f   Thumb Code    32  llushr.o(.text)
    _ll_ushift_r                             0x0800c08f   Thumb Code     0  llushr.o(.text)
    _chval                                   0x0800c0af   Thumb Code    28  _chval.o(.text)
    __vfscanf_char                           0x0800c0d9   Thumb Code    20  scanf_char.o(.text)
    __semihosting_library_function           0x0800c0f5   Thumb Code     0  semi.o(.text)
    __vfscanf                                0x0800c0f5   Thumb Code   806  _scanf.o(.text)
    __I$use$semihosting$fgetc                0x0800c421   Thumb Code     0  iusesemig.o(.text)
    __decompress                             0x0800c421   Thumb Code     0  __dczerorl2.o(.text)
    __decompress1                            0x0800c421   Thumb Code    92  __dczerorl2.o(.text)
    __0printf$8                              0x0800c47d   Thumb Code    22  printf8.o(i.__0printf$8)
    __1printf$8                              0x0800c47d   Thumb Code     0  printf8.o(i.__0printf$8)
    __2printf                                0x0800c47d   Thumb Code     0  printf8.o(i.__0printf$8)
    __0sprintf$8                             0x0800c49d   Thumb Code    34  printf8.o(i.__0sprintf$8)
    __1sprintf$8                             0x0800c49d   Thumb Code     0  printf8.o(i.__0sprintf$8)
    __2sprintf                               0x0800c49d   Thumb Code     0  printf8.o(i.__0sprintf$8)
    __aeabi_errno_addr                       0x0800c4c5   Thumb Code     4  errno.o(i.__aeabi_errno_addr)
    __rt_errno_addr                          0x0800c4c5   Thumb Code     0  errno.o(i.__aeabi_errno_addr)
    __scatterload_copy                       0x0800c4cd   Thumb Code    14  handlers.o(i.__scatterload_copy)
    __scatterload_null                       0x0800c4db   Thumb Code     2  handlers.o(i.__scatterload_null)
    __scatterload_zeroinit                   0x0800c4dd   Thumb Code    14  handlers.o(i.__scatterload_zeroinit)
    BUTTON_PORT_SOURCE                       0x0800c9d8   Data           1  stm32f4_discovery.o(.constdata)
    BUTTON_PIN_SOURCE                        0x0800c9d9   Data           1  stm32f4_discovery.o(.constdata)
    BUTTON_IRQn                              0x0800c9da   Data           1  stm32f4_discovery.o(.constdata)
    BUTTON_PIN                               0x0800c9dc   Data           2  stm32f4_discovery.o(.constdata)
    BUTTON_EXTI_LINE                         0x0800c9de   Data           2  stm32f4_discovery.o(.constdata)
    BUTTON_CLK                               0x0800c9e0   Data           4  stm32f4_discovery.o(.constdata)
    COM_TX_PIN                               0x0800c9e4   Data           4  stm32f4_discovery.o(.constdata)
    COM_RX_PIN                               0x0800c9e8   Data           4  stm32f4_discovery.o(.constdata)
    COM_TX_PIN_SOURCE                        0x0800c9ec   Data           4  stm32f4_discovery.o(.constdata)
    COM_RX_PIN_SOURCE                        0x0800c9f0   Data           4  stm32f4_discovery.o(.constdata)
    COM_TX_AF                                0x0800c9f4   Data           4  stm32f4_discovery.o(.constdata)
    COM_RX_AF                                0x0800c9f8   Data           4  stm32f4_discovery.o(.constdata)
    GPIO_PIN                                 0x0800c9fc   Data           8  stm32f4_discovery.o(.constdata)
    COM_USART_CLK                            0x0800ca04   Data           8  stm32f4_discovery.o(.constdata)
    COM_TX_PORT_CLK                          0x0800ca0c   Data           8  stm32f4_discovery.o(.constdata)
    COM_RX_PORT_CLK                          0x0800ca14   Data           8  stm32f4_discovery.o(.constdata)
    GPIO_CLK                                 0x0800ca1c   Data          16  stm32f4_discovery.o(.constdata)
    ASCII16x24_Table                         0x0800ca2c   Data        4560  stm32f4_discovery_lcd.o(.constdata)
    __ctype_table                            0x0800dd18   Data         129  ctype_o.o(.constdata)
    Region$$Table$$Base                      0x0800dda0   Number         0  anon$$obj.o(Region$$Table)
    Region$$Table$$Limit                     0x0800ddc0   Number         0  anon$$obj.o(Region$$Table)
    displayModeBuffer                        0x20000000   Data           1  main.o(.data)
    keyReturn                                0x20000001   Data           1  main.o(.data)
    displayMode                              0x20000002   Data           1  main.o(.data)
    recieveData                              0x20000003   Data           1  main.o(.data)
    pos_y                                    0x20000004   Data           2  main.o(.data)
    pos_x                                    0x20000006   Data           2  main.o(.data)
    prev_KeyPad_V                            0x20000008   Data           2  main.o(.data)
    curr_KeyPad_V                            0x2000000a   Data           2  main.o(.data)
    password                                 0x2000000c   Data           4  main.o(.data)
    uartRxCounter                            0x20000010   Data           4  main.o(.data)
    inforNumber                              0x20000014   Data           4  main.o(.data)
    usartRxInterruptStatus                   0x20000018   Data           4  main.o(.data)
    endMsm                                   0x2000001c   Data           4  main.o(.data)
    TimingDelay                              0x20000020   Data           4  main.o(.data)
    EXTI_InitStructure                       0x20000024   Data           8  main.o(.data)
    KeyPressFlg                              0x2000002c   Data           1  main.o(.data)
    SystemCoreClock                          0x20000030   Data           4  system_stm32f4xx.o(.data)
    AHBPrescTable                            0x20000034   Data          16  system_stm32f4xx.o(.data)
    pic_counter                              0x20000044   Data           4  bmp.o(.data)
    bmp_header                               0x20000048   Data          70  bmp.o(.data)
    DBGU_InputReady                          0x20000090   Data           1  wifi_main.o(.data)
    quit_flag                                0x20000091   Data           1  wifi_main.o(.data)
    seqNo                                    0x20000092   Data           1  wifi_main.o(.data)
    mysock                                   0x20000093   Data           1  wifi_main.o(.data)
    sockConnected                            0x20000094   Data           1  wifi_main.o(.data)
    sockClosed                               0x20000095   Data           1  wifi_main.o(.data)
    key                                      0x20000096   Data           1  wifi_main.o(.data)
    DBGU_RxBufferTail                        0x20000098   Data           4  wifi_main.o(.data)
    DBGU_RxBufferHead                        0x2000009c   Data           4  wifi_main.o(.data)
    escape                                   0x200000a0   Data           4  wifi_main.o(.data)
    timeout1                                 0x200000a4   Data           4  wifi_main.o(.data)
    TransferError                            0x200000a8   Data           1  stm32f4_discovery_sdio_sd.o(.data)
    StopCondition                            0x200000b4   Data           4  stm32f4_discovery_sdio_sd.o(.data)
    TransferEnd                              0x200000b8   Data           4  stm32f4_discovery_sdio_sd.o(.data)
    DMAEndOfTransfer                         0x200000bc   Data           4  stm32f4_discovery_sdio_sd.o(.data)
    BUTTON_PORT                              0x200000c0   Data           4  stm32f4_discovery.o(.data)
    COM_USART                                0x200000c4   Data           8  stm32f4_discovery.o(.data)
    COM_TX_PORT                              0x200000cc   Data           8  stm32f4_discovery.o(.data)
    COM_RX_PORT                              0x200000d4   Data           8  stm32f4_discovery.o(.data)
    GPIO_PORT                                0x200000dc   Data          16  stm32f4_discovery.o(.data)
    Font16x24                                0x200000f4   Data           8  stm32f4_discovery_lcd.o(.data)
    LIS302DLTimeout                          0x200000fc   Data           4  stm32f4_discovery_lis302dl.o(.data)
    totalscan                                0x20000118   Data           1  sn8200_api.o(.data)
    secMode                                  0x20000119   Data           1  sn8200_api.o(.data)
    APOnOff                                  0x2000011a   Data           1  sn8200_api.o(.data)
    Keylen                                   0x2000011b   Data           1  sn8200_api.o(.data)
    IsWIFIGetStatusResponsed                 0x2000011c   Data           1  sn8200_api.o(.data)
    IsWIFIJoinResponsed                      0x2000011d   Data           1  sn8200_api.o(.data)
    IsWIFIApCtrlResponsed                    0x2000011e   Data           1  sn8200_api.o(.data)
    IsSNICIPConfigResponsed                  0x2000011f   Data           1  sn8200_api.o(.data)
    IsSNICGetDHCPInfoResponsed               0x20000120   Data           1  sn8200_api.o(.data)
    IsSNICTCPConnectToServerResponsed        0x20000121   Data           1  sn8200_api.o(.data)
    IsSNICSendFromSocketResponsed            0x20000122   Data           1  sn8200_api.o(.data)
    IsSNICUDPSendFromSocketResponsed         0x20000123   Data           1  sn8200_api.o(.data)
    IsCreateSocketResponsed                  0x20000124   Data           1  sn8200_api.o(.data)
    sendUDPDone                              0x20000125   Data           1  sn8200_api.o(.data)
    timeout                                  0x20000128   Data           4  sn8200_api.o(.data)
    joinok                                   0x2000012c   Data           4  sn8200_api.o(.data)
    ipok                                     0x20000130   Data           4  sn8200_api.o(.data)
    selfIP                                   0x20000134   Data           4  sn8200_api.o(.data)
    pktcnt                                   0x20000138   Data           4  sn8200_api.o(.data)
    destIP                                   0x2000013c   Data           4  sn8200_api.o(.data)
    srcIP                                    0x20000140   Data           4  sn8200_api.o(.data)
    destPort                                 0x20000144   Data           4  sn8200_api.o(.data)
    srcPort                                  0x20000148   Data           4  sn8200_api.o(.data)
    udpDestIP                                0x2000014c   Data           4  sn8200_api.o(.data)
    udpSrcIP                                 0x20000150   Data           4  sn8200_api.o(.data)
    udpDestPort                              0x20000154   Data           4  sn8200_api.o(.data)
    udpSrcPort                               0x20000158   Data           4  sn8200_api.o(.data)
    Portstr                                  0x20000168   Data           8  sn8200_api.o(.data)
    tempReTXLen                              0x2000017c   Data           4  sn8200_core.o(.data)
    RxBufferTail                             0x20000188   Data           4  sn8200_hal.o(.data)
    RxBufferHead                             0x2000018c   Data           4  sn8200_hal.o(.data)
    __stdin                                  0x20000190   Data           4  stdin.o(.data)
    __stdout                                 0x20000194   Data           4  stdout.o(.data)
    message                                  0x200001a0   Data         100  main.o(.bss)
    userData                                 0x20000204   Data          15  main.o(.bss)
    RCC_Clocks                               0x20000214   Data          16  main.o(.bss)
    image_buf                                0x20000224   Data        1024  bmp.o(.bss)
    filesys                                  0x20000624   Data         560  bmp.o(.bss)
    uri                                      0x20000854   Data         100  wifi_main.o(.bss)
    DBGU_RxBuffer                            0x200008b8   Data         256  wifi_main.o(.bss)
    TxBuf                                    0x200009b8   Data         128  wifi_main.o(.bss)
    SDCardInfo                               0x20000a68   Data          80  stm32f4_discovery_sdio_sd.o(.bss)
    SDIO_InitStructure                       0x20000ab8   Data          24  stm32f4_discovery_sdio_sd.o(.bss)
    SDIO_CmdInitStructure                    0x20000ad0   Data          20  stm32f4_discovery_sdio_sd.o(.bss)
    SDIO_DataInitStructure                   0x20000ae4   Data          24  stm32f4_discovery_sdio_sd.o(.bss)
    IPstr                                    0x20000afc   Data          32  sn8200_api.o(.bss)
    sl                                       0x20000b1c   Data        1440  sn8200_api.o(.bss)
    SSID                                     0x200010bc   Data          32  sn8200_api.o(.bss)
    secKey                                   0x200010dc   Data          64  sn8200_api.o(.bss)
    out                                      0x2000111c   Data         256  sn8200_api.o(.bss)
    domain                                   0x2000121c   Data         100  sn8200_api.o(.bss)
    rx_frame                                 0x20002280   Data       80080  sn8200_core.o(.bss)
    RxBuffer                                 0x20015b50   Data        4096  sn8200_hal.o(.bss)
    __initial_sp                             0x20017350   Data           0  startup_stm32f4xx.o(STACK)



==============================================================================

Memory Map of the image

  Image Entry point : 0x08000189

  Load Region LR_IROM1 (Base: 0x08000000, Size: 0x0000df60, Max: 0x00100000, ABSOLUTE, COMPRESSED[0x0000de34])

    Execution Region ER_IROM1 (Base: 0x08000000, Size: 0x0000ddc0, Max: 0x00100000, ABSOLUTE)

    Base Addr    Size         Type   Attr      Idx    E Section Name        Object

    0x08000000   0x00000188   Data   RO          728    RESET               startup_stm32f4xx.o
    0x08000188   0x00000000   Code   RO          831  * .ARM.Collect$$$$00000000  mc_w.l(entry.o)
    0x08000188   0x00000004   Code   RO         1153    .ARM.Collect$$$$00000001  mc_w.l(entry2.o)
    0x0800018c   0x00000004   Code   RO         1156    .ARM.Collect$$$$00000004  mc_w.l(entry5.o)
    0x08000190   0x00000000   Code   RO         1158    .ARM.Collect$$$$00000008  mc_w.l(entry7b.o)
    0x08000190   0x00000008   Code   RO         1159    .ARM.Collect$$$$00000009  mc_w.l(entry8.o)
    0x08000198   0x00000004   Code   RO         1154    .ARM.Collect$$$$00002712  mc_w.l(entry2.o)
    0x0800019c   0x000011b0   Code   RO            3    .text               main.o
    0x0800134c   0x0000003c   Code   RO          182    .text               stm32f4xx_it.o
    0x08001388   0x0000017c   Code   RO          213    .text               system_stm32f4xx.o
    0x08001504   0x000001f0   Code   RO          239    .text               bmp.o
    0x080016f4   0x0000155c   Code   RO          263    .text               dcmi_ov9655.o
    0x08002c50   0x00000094   Code   RO          283    .text               delay.o
    0x08002ce4   0x00001174   Code   RO          303    .text               wifi_main.o
    0x08003e58   0x00001420   Code   RO          341    .text               stm32f4_discovery_sdio_sd.o
    0x08005278   0x00000442   Code   RO          365    .text               stm32f4_discovery.o
    0x080056ba   0x00000002   PAD
    0x080056bc   0x00000df0   Code   RO          390    .text               stm32f4_discovery_lcd.o
    0x080064ac   0x0000038c   Code   RO          426    .text               stm32f4_discovery_lis302dl.o
    0x08006838   0x000003b4   Code   RO          449    .text               stm32f4xx_usart.o
    0x08006bec   0x000000bc   Code   RO          469    .text               misc.o
    0x08006ca8   0x0000015c   Code   RO          489    .text               stm32f4xx_dcmi.o
    0x08006e04   0x00000348   Code   RO          509    .text               stm32f4xx_dma.o
    0x0800714c   0x000000ec   Code   RO          529    .text               stm32f4xx_exti.o
    0x08007238   0x000004b4   Code   RO          549    .text               stm32f4xx_fsmc.o
    0x080076ec   0x0000021c   Code   RO          569    .text               stm32f4xx_gpio.o
    0x08007908   0x00000428   Code   RO          589    .text               stm32f4xx_rcc.o
    0x08007d30   0x000001bc   Code   RO          611    .text               stm32f4xx_sdio.o
    0x08007eec   0x00000334   Code   RO          631    .text               stm32f4xx_spi.o
    0x08008220   0x0000006c   Code   RO          651    .text               stm32f4xx_syscfg.o
    0x0800828c   0x00000398   Code   RO          671    .text               stm32f4xx_i2c.o
    0x08008624   0x000019ca   Code   RO          689    .text               ff.o
    0x08009fee   0x00000002   PAD
    0x08009ff0   0x000000b0   Code   RO          708    .text               diskio.o
    0x0800a0a0   0x00000024   Code   RO          729    .text               startup_stm32f4xx.o
    0x0800a0c4   0x0000162c   Code   RO          735    .text               sn8200_api.o
    0x0800b6f0   0x0000035c   Code   RO          782    .text               sn8200_core.o
    0x0800ba4c   0x00000120   Code   RO          809    .text               sn8200_hal.o
    0x0800bb6c   0x00000008   Code   RO          834    .text               mc_w.l(ctype_o.o)
    0x0800bb74   0x00000012   Code   RO          856    .text               mc_w.l(isspace_o.o)
    0x0800bb86   0x00000024   Code   RO          862    .text               mc_w.l(memcpya.o)
    0x0800bbaa   0x00000024   Code   RO          864    .text               mc_w.l(memseta.o)
    0x0800bbce   0x0000002c   Code   RO          866    .text               mc_w.l(strstr.o)
    0x0800bbfa   0x00000010   Code   RO          868    .text               mc_w.l(strlen.o)
    0x0800bc0a   0x00000012   Code   RO          870    .text               mc_w.l(strcpy.o)
    0x0800bc1c   0x0000001e   Code   RO          872    .text               mc_w.l(strncmp.o)
    0x0800bc3a   0x00000002   PAD
    0x0800bc3c   0x00000020   Code   RO         1137    .text               mc_w.l(__0scanf.o)
    0x0800bc5c   0x000000da   Code   RO         1139    .text               mc_w.l(_scanf_str.o)
    0x0800bd36   0x00000070   Code   RO         1141    .text               mc_w.l(strtol.o)
    0x0800bda6   0x0000001a   Code   RO         1143    .text               mc_w.l(atoi.o)
    0x0800bdc0   0x00000022   Code   RO         1145    .text               mf_w.l(dflti.o)
    0x0800bde2   0x0000001a   Code   RO         1147    .text               mf_w.l(dfltui.o)
    0x0800bdfc   0x00000028   Code   RO         1149    .text               mf_w.l(cdcmple.o)
    0x0800be24   0x00000028   Code   RO         1151    .text               mf_w.l(cdrcmple.o)
    0x0800be4c   0x00000062   Code   RO         1164    .text               mc_w.l(uldiv.o)
    0x0800beae   0x0000009e   Code   RO         1173    .text               mc_w.l(_strtoul.o)
    0x0800bf4c   0x00000014   Code   RO         1175    .text               mc_w.l(scanf_char_file.o)
    0x0800bf60   0x00000000   Code   RO         1177    .text               mc_w.l(iusefp.o)
    0x0800bf60   0x000000be   Code   RO         1178    .text               mf_w.l(depilogue.o)
    0x0800c01e   0x00000002   PAD
    0x0800c020   0x00000024   Code   RO         1188    .text               mc_w.l(init.o)
    0x0800c044   0x0000002c   Code   RO         1190    .text               mc_w.l(fgetc_b.o)
    0x0800c070   0x0000001e   Code   RO         1193    .text               mc_w.l(llshl.o)
    0x0800c08e   0x00000020   Code   RO         1195    .text               mc_w.l(llushr.o)
    0x0800c0ae   0x0000001c   Code   RO         1199    .text               mc_w.l(_chval.o)
    0x0800c0ca   0x00000002   PAD
    0x0800c0cc   0x00000028   Code   RO         1201    .text               mc_w.l(scanf_char.o)
    0x0800c0f4   0x00000000   Code   RO         1203    .text               mc_w.l(semi.o)
    0x0800c0f4   0x0000032c   Code   RO         1206    .text               mc_w.l(_scanf.o)
    0x0800c420   0x00000000   Code   RO         1208    .text               mc_w.l(iusesemig.o)
    0x0800c420   0x0000005c   Code   RO         1220    .text               mc_w.l(__dczerorl2.o)
    0x0800c47c   0x00000020   Code   RO         1083    i.__0printf$8       mc_w.l(printf8.o)
    0x0800c49c   0x00000028   Code   RO         1085    i.__0sprintf$8      mc_w.l(printf8.o)
    0x0800c4c4   0x00000008   Code   RO         1166    i.__aeabi_errno_addr  mc_w.l(errno.o)
    0x0800c4cc   0x0000000e   Code   RO         1214    i.__scatterload_copy  mc_w.l(handlers.o)
    0x0800c4da   0x00000002   Code   RO         1215    i.__scatterload_null  mc_w.l(handlers.o)
    0x0800c4dc   0x0000000e   Code   RO         1216    i.__scatterload_zeroinit  mc_w.l(handlers.o)
    0x0800c4ea   0x00000002   PAD
    0x0800c4ec   0x00000410   Code   RO         1090    i._printf_core      mc_w.l(printf8.o)
    0x0800c8fc   0x00000026   Code   RO         1091    i._printf_post_padding  mc_w.l(printf8.o)
    0x0800c922   0x00000030   Code   RO         1092    i._printf_pre_padding  mc_w.l(printf8.o)
    0x0800c952   0x0000000a   Code   RO         1094    i._sputc            mc_w.l(printf8.o)
    0x0800c95c   0x00000079   Data   RO          305    .constdata          wifi_main.o
    0x0800c9d5   0x00000003   PAD
    0x0800c9d8   0x00000054   Data   RO          366    .constdata          stm32f4_discovery.o
    0x0800ca2c   0x000011d0   Data   RO          391    .constdata          stm32f4_discovery_lcd.o
    0x0800dbfc   0x0000011c   Data   RO          738    .constdata          sn8200_api.o
    0x0800dd18   0x00000081   Data   RO          835    .constdata          mc_w.l(ctype_o.o)
    0x0800dd99   0x00000003   PAD
    0x0800dd9c   0x00000004   Data   RO          836    .constdata          mc_w.l(ctype_o.o)
    0x0800dda0   0x00000020   Data   RO         1212    Region$$Table       anon$$obj.o


    Execution Region RW_IRAM1 (Base: 0x20000000, Size: 0x00017350, Max: 0x00020000, ABSOLUTE, COMPRESSED[0x00000074])

    Base Addr    Size         Type   Attr      Idx    E Section Name        Object

    0x20000000   0x0000002c   Data   RW            6    .data               main.o
    0x2000002c   0x00000001   Data   RW            7    .data               main.o
    0x2000002d   0x00000003   PAD
    0x20000030   0x00000014   Data   RW          214    .data               system_stm32f4xx.o
    0x20000044   0x0000004a   Data   RW          241    .data               bmp.o
    0x2000008e   0x00000002   PAD
    0x20000090   0x00000018   Data   RW          306    .data               wifi_main.o
    0x200000a8   0x00000018   Data   RW          343    .data               stm32f4_discovery_sdio_sd.o
    0x200000c0   0x0000002c   Data   RW          367    .data               stm32f4_discovery.o
    0x200000ec   0x00000010   Data   RW          395    .data               stm32f4_discovery_lcd.o
    0x200000fc   0x00000004   Data   RW          427    .data               stm32f4_discovery_lis302dl.o
    0x20000100   0x00000010   Data   RW          590    .data               stm32f4xx_rcc.o
    0x20000110   0x00000008   Data   RW          690    .data               ff.o
    0x20000118   0x00000058   Data   RW          739    .data               sn8200_api.o
    0x20000170   0x00000018   Data   RW          784    .data               sn8200_core.o
    0x20000188   0x00000008   Data   RW          811    .data               sn8200_hal.o
    0x20000190   0x00000004   Data   RW         1160    .data               mc_w.l(stdin.o)
    0x20000194   0x00000004   Data   RW         1161    .data               mc_w.l(stdout.o)
    0x20000198   0x00000004   Data   RW         1169    .data               mc_w.l(errno.o)
    0x2000019c   0x00000003   Data   RW         1191    .data               mc_w.l(fgetc_b.o)
    0x2000019f   0x00000001   PAD
    0x200001a0   0x00000084   Zero   RW            5    .bss                main.o
    0x20000224   0x00000630   Zero   RW          240    .bss                bmp.o
    0x20000854   0x000001e4   Zero   RW          304    .bss                wifi_main.o
    0x20000a38   0x000000c4   Zero   RW          342    .bss                stm32f4_discovery_sdio_sd.o
    0x20000afc   0x00000720   Zero   RW          736    .bss                sn8200_api.o
    0x2000121c   0x00000064   Zero   RW          737    .bss                sn8200_api.o
    0x20001280   0x000148d0   Zero   RW          783    .bss                sn8200_core.o
    0x20015b50   0x00001000   Zero   RW          810    .bss                sn8200_hal.o
    0x20016b50   0x00000800   Zero   RW          726    STACK               startup_stm32f4xx.o


==============================================================================

Image component sizes


      Code (inc. data)   RO Data    RW Data    ZI Data      Debug   Object Name

       496         38          0         74       1584       2917   bmp.o
      5468         30          0          0          0       6701   dcmi_ov9655.o
       148         36          0          0          0       1260   delay.o
       176          4          0          0          0       2850   diskio.o
      6602         36          0          8          0      24496   ff.o
      4528        788          0         45        132     352289   main.o
       188         18          0          0          0       2413   misc.o
      5676       1582        284         88       1924      23684   sn8200_api.o
       860         20          0         24      84176       5402   sn8200_core.o
       288         18          0          8       4096       2636   sn8200_hal.o
        36          8        392          0       2048        980   startup_stm32f4xx.o
      1090         28         84         44          0       5431   stm32f4_discovery.o
      3568         48       4560         16          0      15106   stm32f4_discovery_lcd.o
       908         18          0          4          0       4650   stm32f4_discovery_lis302dl.o
      5152         92          0         24        196      19956   stm32f4_discovery_sdio_sd.o
       348          4          0          0          0       4082   stm32f4xx_dcmi.o
       840         34          0          0          0       7341   stm32f4xx_dma.o
       236         10          0          0          0       2859   stm32f4xx_exti.o
      1204         10          0          0          0       6415   stm32f4xx_fsmc.o
       540         38          0          0          0       4977   stm32f4xx_gpio.o
       920         20          0          0          0       9303   stm32f4xx_i2c.o
        60          6          0          0          0       7715   stm32f4xx_it.o
      1064         40          0         16          0      12307   stm32f4xx_rcc.o
       444         28          0          0          0       7888   stm32f4xx_sdio.o
       820         20          0          0          0       7901   stm32f4xx_spi.o
       108         12          0          0          0       1907   stm32f4xx_syscfg.o
       948         24          0          0          0       9032   stm32f4xx_usart.o
       380         36          0         20          0       2279   system_stm32f4xx.o
      4468       1632        121         24        484      13496   wifi_main.o

    ----------------------------------------------------------------------
     47568       4678       5476        400      94640     568273   Object Totals
         0          0         32          0          0          0   (incl. Generated)
         4          0          3          5          0          0   (incl. Padding)

    ----------------------------------------------------------------------

      Code (inc. data)   RO Data    RW Data    ZI Data      Debug   Library Member Name

        32          6          0          0          0         84   __0scanf.o
        92          0          0          0          0          0   __dczerorl2.o
        28          0          0          0          0         68   _chval.o
       812          6          0          0          0        112   _scanf.o
       218          0          0          0          0         92   _scanf_str.o
       158          0          0          0          0         92   _strtoul.o
        26          0          0          0          0         80   atoi.o
         8          4        133          0          0         68   ctype_o.o
         0          0          0          0          0          0   entry.o
         8          4          0          0          0          0   entry2.o
         4          0          0          0          0          0   entry5.o
         0          0          0          0          0          0   entry7b.o
         8          4          0          0          0          0   entry8.o
         8          4          0          4          0         68   errno.o
        44          6          0          3          0        144   fgetc_b.o
        30          0          0          0          0          0   handlers.o
        36          8          0          0          0         68   init.o
        18          0          0          0          0         76   isspace_o.o
         0          0          0          0          0          0   iusefp.o
         0          0          0          0          0          0   iusesemig.o
        30          0          0          0          0         68   llshl.o
        32          0          0          0          0         68   llushr.o
        36          0          0          0          0         68   memcpya.o
        36          0          0          0          0        108   memseta.o
      1208         60          0          0          0        504   printf8.o
        40          8          0          0          0         84   scanf_char.o
        20          8          0          0          0         68   scanf_char_file.o
         0          0          0          0          0          0   semi.o
         0          0          0          4          0          0   stdin.o
         0          0          0          4          0          0   stdout.o
        18          0          0          0          0         68   strcpy.o
        16          0          0          0          0         68   strlen.o
        30          0          0          0          0         80   strncmp.o
        44          0          0          0          0         80   strstr.o
       112          0          0          0          0         88   strtol.o
        98          0          0          0          0         92   uldiv.o
        40          2          0          0          0         68   cdcmple.o
        40          2          0          0          0         68   cdrcmple.o
       190          0          0          0          0        176   depilogue.o
        34          0          0          0          0         76   dflti.o
        26          0          0          0          0         76   dfltui.o

    ----------------------------------------------------------------------
      3588        122        136         16          0       2860   Library Totals
         8          0          3          1          0          0   (incl. Padding)

    ----------------------------------------------------------------------

      Code (inc. data)   RO Data    RW Data    ZI Data      Debug   Library Name

      3250        118        133         15          0       2396   mc_w.l
       330          4          0          0          0        464   mf_w.l

    ----------------------------------------------------------------------
      3588        122        136         16          0       2860   Library Totals

    ----------------------------------------------------------------------

==============================================================================


      Code (inc. data)   RO Data    RW Data    ZI Data      Debug   

     51156       4800       5612        416      94640     560921   Grand Totals
     51156       4800       5612        116      94640     560921   ELF Image Totals (compressed)
     51156       4800       5612        116          0          0   ROM Totals

==============================================================================

    Total RO  Size (Code + RO Data)                56768 (  55.44kB)
    Total RW  Size (RW Data + ZI Data)             95056 (  92.83kB)
    Total ROM Size (Code + RO Data + RW Data)      56884 (  55.55kB)

==============================================================================

